V/GLSActivity( 4275): AuthDelegateWrapperCreated with selected intent: Intent { cmp=com.google.android.gms/.auth.DefaultAuthDelegateService }
D/Finsky  ( 4675): [1] AppStatesReplicator.handleContentSyncResponse: Completed 1 account content syncs with 0 successful.
D/Finsky  ( 4675): [1] 5.onFinished: Installation state replication failed.
D/Finsky  ( 4675): [1] 5.onFinished: Scheduling replication attempt 1.
I/ConfigService( 4275): onDestroy
I/chromium(14603): [INFO:CONSOLE(173)] "No Content-Security-Policy meta tag found. Please add one when using the cordova-plugin-whitelist plugin.", source: file:///android_asset/www/plugins/cordova-plugin-console/www/console-via-logger.js (173)
D/PluginManager(14603): exec() call to unknown plugin: Console
I/ActivityManager(  553): Killing 14349:com.google.android.apps.photos/u0a117 (adj 15): empty #17
I/chromium(14603): [INFO:CONSOLE(173)] "No Content-Security-Policy meta tag found. Please add one when using the cordova-plugin-whitelist plugin.", source: file:///android_asset/www/plugins/cordova-plugin-console/www/console-via-logger.js (173)
D/PluginManager(14603): exec() call to unknown plugin: Console
V/GLSActivity( 4275): AuthDelegateWrapperCreated with selected intent: Intent { cmp=com.google.android.gms/.auth.DefaultAuthDelegateService }
D/Finsky  ( 4675): [1] AppStatesReplicator.handleContentSyncResponse: Completed 1 account content syncs with 0 successful.
D/Finsky  ( 4675): [1] 5.onFinished: Installation state replication failed.
D/Finsky  ( 4675): [1] 5.onFinished: Scheduling replication attempt 2.
E/        (  182): invalid crash request of size 4 (from pid=14306 uid=0)
W/qcom_sensors_hal(  553): hal_sensor1_data_cb: SENSOR1_MSG_TYPE_BROKEN_PIPE
E/Diag_Lib(14880):  Diag_LSM_Init: Failed to open handle to diag driver, error = 2
E/Sensors (14880): sns_fsa_la.c(386):fsa: fflush failed, 9
E/Sensors (14880): sns_fsa_la.c(386):fsa: fflush failed, 9
W/Sensors (14880): sns_smr_la.c(446):smr_la: smr_apps_la_thread_main is starting, fd=11, sns_smr.en_rx_msg_ptr=b6f929d0
W/Sensors (14880): sns_sam_app.c(6827):sns_sam_reg_algo: Registering algo service 16, err 0
E/Sensors (14880): sns_debug_main.c(565):Debug Config File missing in EFS!
I/chromium(14603): [INFO:CONSOLE(173)] "No Content-Security-Policy meta tag found. Please add one when using the cordova-plugin-whitelist plugin.", source: file:///android_asset/www/plugins/cordova-plugin-console/www/console-via-logger.js (173)
D/PluginManager(14603): exec() call to unknown plugin: Console
D/JsMessageQueue(14603): Set native->JS mode to null
W/BindingManager(14603): Cannot call determinedVisibility() - never saw a connection for the pid: 14603
D/JsMessageQueue(14603): Set native->JS mode to OnlineEventsBridgeMode
I/chromium(14603): [INFO:CONSOLE(173)] "No Content-Security-Policy meta tag found. Please add one when using the cordova-plugin-whitelist plugin.", source: file:///android_asset/www/plugins/cordova-plugin-console/www/console-via-logger.js (173)
D/CordovaNetworkManager(14603): Connection Type: none
D/CordovaNetworkManager(14603): Connection Extra Info: 
D/PluginManager(14603): exec() call to unknown plugin: Console
V/GLSActivity( 4275): AuthDelegateWrapperCreated with selected intent: Intent { cmp=com.google.android.gms/.auth.DefaultAuthDelegateService }
I/art     ( 4275): Explicit concurrent mark sweep GC freed 33245(1730KB) AllocSpace objects, 0(0B) LOS objects, 40% free, 11MB/18MB, paused 1.647ms total 41.595ms
D/Finsky  ( 4675): [1] AppStatesReplicator.handleContentSyncResponse: Completed 1 account content syncs with 0 successful.
D/Finsky  ( 4675): [1] 5.onFinished: Installation state replication failed.
D/Finsky  ( 4675): [1] 5.onFinished: Scheduling replication attempt 3.
W/RichInputMethodSubtype( 4011): Can't find emoji subtype
W/RichInputMethodSubtype( 4011): No input method subtype found; returning dummy subtype: Multi-lingual subtype: android.view.inputmethod.InputMethodSubtype@d78b2ed0, zz
W/ViewPager( 4011): Requested offscreen page limit 0 too small; defaulting to 1
I/Keyboard.Facilitator( 4011): onStartInput()
I/LatinIME( 4011): Starting input. Cursor position = 0,0
I/Keyboard.Facilitator( 4011): resetDictionaries() : no-op
I/StatsUtilsManager( 4011): onLoadSettings()
D/OpenGLRenderer( 4011): Use EGL_SWAP_BEHAVIOR_PRESERVED: true
D/Atlas   ( 4011): Validating map...
I/Adreno-EGL( 4011): <qeglDrvAPI_eglInitialize:379>: QUALCOMM Build: 01/15/15, ab0075f, Id3510ff6dc
I/OpenGLRenderer( 4011): Initialized EGL, version 1.4
D/OpenGLRenderer( 4011): Enabling debug mode 0
D/audio_hw_primary(  184): select_devices: out_snd_device(2: speaker) in_snd_device(0: none)
D/ACDB-LOADER(  184): ACDB -> send_afe_cal
D/audio_hw_primary(  184): enable_snd_device: snd_device(2: speaker)
D/audio_hw_primary(  184): enable_audio_route: apply and update mixer path: low-latency-playback
D/audio_hw_primary(  184): disable_audio_route: reset and update mixer path: low-latency-playback
D/audio_hw_primary(  184): disable_snd_device: snd_device(2: speaker)
D/audio_hw_primary(  184): select_devices: out_snd_device(2: speaker) in_snd_device(0: none)
D/ACDB-LOADER(  184): ACDB -> send_afe_cal
D/audio_hw_primary(  184): enable_snd_device: snd_device(2: speaker)
D/audio_hw_primary(  184): enable_audio_route: apply and update mixer path: low-latency-playback
W/chromium(14603): [WARNING:keycode_converter.cc(91)] empty code string
W/chromium(14603): [WARNING:keycode_converter.cc(91)] empty code string
I/chromium(14603): [INFO:CONSOLE(173)] "No Content-Security-Policy meta tag found. Please add one when using the cordova-plugin-whitelist plugin.", source: file:///android_asset/www/plugins/cordova-plugin-console/www/console-via-logger.js (173)
D/PluginManager(14603): exec() call to unknown plugin: Console
W/chromium(14603): [WARNING:keycode_converter.cc(91)] empty code string
W/chromium(14603): [WARNING:keycode_converter.cc(91)] empty code string
W/chromium(14603): [WARNING:keycode_converter.cc(91)] empty code string
W/chromium(14603): [WARNING:keycode_converter.cc(91)] empty code string
I/Keyboard.Facilitator( 4011): addToUserHistory()
W/chromium(14603): [WARNING:keycode_converter.cc(91)] empty code string
W/chromium(14603): [WARNING:keycode_converter.cc(91)] empty code string
W/chromium(14603): [WARNING:keycode_converter.cc(91)] empty code string
W/chromium(14603): [WARNING:keycode_converter.cc(91)] empty code string
W/chromium(14603): [WARNING:keycode_converter.cc(91)] empty code string
W/chromium(14603): [WARNING:keycode_converter.cc(91)] empty code string
W/chromium(14603): [WARNING:keycode_converter.cc(91)] empty code string
W/chromium(14603): [WARNING:keycode_converter.cc(91)] empty code string
W/chromium(14603): [WARNING:keycode_converter.cc(91)] empty code string
W/chromium(14603): [WARNING:keycode_converter.cc(91)] empty code string
W/chromium(14603): [WARNING:keycode_converter.cc(91)] empty code string
W/chromium(14603): [WARNING:keycode_converter.cc(91)] empty code string
I/Keyboard.Facilitator( 4011): addToUserHistory()
W/chromium(14603): [WARNING:keycode_converter.cc(91)] empty code string
W/chromium(14603): [WARNING:keycode_converter.cc(91)] empty code string
W/chromium(14603): [WARNING:keycode_converter.cc(91)] empty code string
W/chromium(14603): [WARNING:keycode_converter.cc(91)] empty code string
W/chromium(14603): [WARNING:keycode_converter.cc(91)] empty code string
I/Keyboard.Facilitator( 4011): onStartInput()
I/LatinIME( 4011): Starting input. Cursor position = 17,17
D/JsMessageQueue(14603): Set native->JS mode to null
W/BindingManager(14603): Cannot call determinedVisibility() - never saw a connection for the pid: 14603
D/JsMessageQueue(14603): Dropping Native->JS message due to disabled bridge
D/JsMessageQueue(14603): Dropping Native->JS message due to disabled bridge
D/JsMessageQueue(14603): Dropping Native->JS message due to disabled bridge
D/JsMessageQueue(14603): Set native->JS mode to OnlineEventsBridgeMode
I/chromium(14603): [INFO:CONSOLE(173)] "No Content-Security-Policy meta tag found. Please add one when using the cordova-plugin-whitelist plugin.", source: file:///android_asset/www/plugins/cordova-plugin-console/www/console-via-logger.js (173)
D/CordovaNetworkManager(14603): Connection Type: none
D/CordovaNetworkManager(14603): Connection Extra Info: 
D/PluginManager(14603): exec() call to unknown plugin: Console
E/AndroidProtocolHandler(14603): Unable to open asset URL: file:///android_asset/www/qapi.teams360.net/mobile/v1/districts?key=2e66d029544b2d009b1f71936bcdebf0
I/chromium(14603): [INFO:CONSOLE(21157)] "TypeError: Cannot read property '0' of undefined
I/chromium(14603):     at file:///android_asset/www/js/services.js:266:60
I/chromium(14603):     at file:///android_asset/www/lib/ionic/js/ionic.bundle.js:18908:11
I/chromium(14603):     at processQueue (file:///android_asset/www/lib/ionic/js/ionic.bundle.js:23394:28)
I/chromium(14603):     at file:///android_asset/www/lib/ionic/js/ionic.bundle.js:23410:27
I/chromium(14603):     at Scope.$eval (file:///android_asset/www/lib/ionic/js/ionic.bundle.js:24673:28)
I/chromium(14603):     at Scope.$digest (file:///android_asset/www/lib/ionic/js/ionic.bundle.js:24484:31)
I/chromium(14603):     at Scope.$apply (file:///android_asset/www/lib/ionic/js/ionic.bundle.js:24778:24)
I/chromium(14603):     at done (file:///android_asset/www/lib/ionic/js/ionic.bundle.js:19191:47)
I/chromium(14603):     at completeRequest (file:///android_asset/www/lib/ionic/js/ionic.bundle.js:19363:7)
I/chromium(14603):     at XMLHttpRequest.requestLoaded (file:///android_asset/www/lib/ionic/js/ionic.bundle.js:19304:9)", source: file:///android_asset/www/lib/ionic/js/ionic.bundle.js (21157)
D/audio_hw_primary(  184): disable_audio_route: reset and update mixer path: low-latency-playback
D/audio_hw_primary(  184): disable_snd_device: snd_device(2: speaker)
V/GLSActivity( 4275): AuthDelegateWrapperCreated with selected intent: Intent { cmp=com.google.android.gms/.auth.DefaultAuthDelegateService }
D/Finsky  ( 4675): [1] AppStatesReplicator.handleContentSyncResponse: Completed 1 account content syncs with 0 successful.
D/Finsky  ( 4675): [1] 5.onFinished: Installation state replication failed.
D/Finsky  ( 4675): [1] 5.onFinished: Scheduling replication attempt 4.
D/PhoneStatusBar( 3863): disable: < expand ICONS* alerts SYSTEM_INFO* back home recent clock search >
D/BluetoothAdapter( 3863): 952436783: getState() :  mService = null. Returning STATE_OFF
D/BluetoothAdapter( 3863): 952436783: getState() :  mService = null. Returning STATE_OFF
D/BluetoothAdapter( 3863): 952436783: getState() :  mService = null. Returning STATE_OFF
D/BluetoothAdapter( 3863): 952436783: getState() :  mService = null. Returning STATE_OFF
D/WifiService(  553): setWifiEnabled: false pid=3863, uid=10077
E/WifiService(  553): Invoking mWifiStateMachine.setWifiEnabled
W/Settings( 4418): Setting airplane_mode_on has moved from android.provider.Settings.System to android.provider.Settings.Global, returning read-only value.
I/ActivityManager(  553): Start proc 15093:com.android.settings/1000 for broadcast com.android.settings/.widget.SettingsAppWidgetProvider
D/WifiService(  553): New client listening to asynchronous messages
D/BluetoothManagerService(  553): Message: 20
D/BluetoothManagerService(  553): Added callback: android.bluetooth.IBluetoothManagerCallback$Stub$Proxy@18e646f4:true
D/BluetoothAdapter(15093): 409491376: getState() :  mService = null. Returning STATE_OFF
D/BluetoothManagerService(  553): Message: 30
D/BluetoothManagerService(  553): Message: 30
D/LocalBluetoothProfileManager(15093): Adding local MAP profile
D/BluetoothMap(15093): Create BluetoothMap proxy object
D/BluetoothManagerService(  553): Message: 30
E/BluetoothMap(15093): Could not bind to Bluetooth MAP Service with Intent { act=android.bluetooth.IBluetoothMap }
D/BluetoothManagerService(  553): Message: 30
D/LocalBluetoothProfileManager(15093): LocalBluetoothProfileManager construction complete
D/BluetoothAdapter(15093): 409491376: getState() :  mService = null. Returning STATE_OFF
D/BluetoothAdapter(15093): 409491376: getState() :  mService = null. Returning STATE_OFF
I/ActivityManager(  553): Start proc 15116:com.google.android.keep/u0a32 for broadcast com.google.android.keep/.notification.AlertReceiver
I/ActivityManager(  553): Killing 14445:com.android.defcontainer/u0a13 (adj 15): empty #17
D/WifiService(  553): setWifiEnabled: true pid=3863, uid=10077
E/WifiService(  553): Invoking mWifiStateMachine.setWifiEnabled
D/WifiConfigStore(  553): Loading config and enabling all networks 
D/BluetoothAdapter(15093): 409491376: getState() :  mService = null. Returning STATE_OFF
D/CommandListener(  181): Setting iface cfg
D/CommandListener(  181): Trying to bring up p2p0
D/WifiMonitor(  553): startMonitoring(p2p0) with mConnected = true
D/WifiNative-HAL(  553): p2pGetDeviceAddress
D/WifiNative-HAL(  553): p2pGetDeviceAddress returning ae:22:0b:4a:d3:66
I/ActivityManager(  553): Killing 14489:com.android.keychain/1000 (adj 15): empty #17
I/chromium(14603): [INFO:CONSOLE(173)] "No Content-Security-Policy meta tag found. Please add one when using the cordova-plugin-whitelist plugin.", source: file:///android_asset/www/plugins/cordova-plugin-console/www/console-via-logger.js (173)
D/PluginManager(14603): exec() call to unknown plugin: Console
I/ActivityManager(  553): START u0 {act=android.settings.WIFI_SETTINGS flg=0x14000000 cmp=com.android.settings/.Settings$WifiSettingsActivity (has extras)} from uid 10077 on display 0
V/WindowManager(  553): addAppToken: AppWindowToken{2092d0a8 token=Token{155630cb ActivityRecord{2f63f9a u0 com.android.settings/.Settings$WifiSettingsActivity t740}}} to stack=1 task=740 at 0
V/WindowManager(  553): Adding window Window{d191df9 u0 Starting com.android.settings} at 4 of 10 (after Window{2b5f2c90 u0 com.ptsteams.teamsmobile/com.ptsteams.teamsmobile.MainActivity})
E/WifiStateMachine(  553): WifiStateMachine Disconnected CMD_START_SCAN source -2 192, 194 -> obsolete
D/OpenGLRenderer(15093): Use EGL_SWAP_BEHAVIOR_PRESERVED: true
D/Atlas   (15093): Validating map...
V/WindowManager(  553): Adding window Window{7e2ee33 u0 utexas} at 4 of 11 (before Window{d191df9 u0 Starting com.android.settings})
E/DataBuffer(15116): Internal data leak within a DataBuffer object detected!  Be sure to explicitly call release() on all DataBuffer extending objects when you are done with them. (com.google.android.gms.reminders.model.RemindersBuffer@273c9b36)
I/art     (  553): Explicit concurrent mark sweep GC freed 108447(4MB) AllocSpace objects, 1(14KB) LOS objects, 33% free, 24MB/36MB, paused 2.288ms total 119.018ms
D/PhoneStatusBar( 3863): disable: < expand icons* alerts system_info* back home recent clock search >
V/WindowManager(  553): Adding window Window{178f8752 u0 com.android.settings/com.android.settings.Settings$WifiSettingsActivity} at 4 of 12 (before Window{7e2ee33 u0 utexas})
I/Choreographer(15093): Skipped 36 frames!  The application may be doing too much work on its main thread.
I/IndexDatabaseHelper(15093): Using schema version: 115
W/IndexDatabaseHelper(15093): Index needs to be rebuilt as build-version is not the same
I/Adreno-EGL(15093): <qeglDrvAPI_eglInitialize:379>: QUALCOMM Build: 01/15/15, ab0075f, Id3510ff6dc
I/OpenGLRenderer(15093): Initialized EGL, version 1.4
D/OpenGLRenderer(15093): Enabling debug mode 0
I/IndexDatabaseHelper(15093): Bootstrapped database
D/Index   (15093): Deleting data for locale 'en_US' took 1 millis
W/ResourceType( 3863): No package identifier when getting value for resource number 0x00000000
W/PackageManager( 3863): Failure retrieving resources for com.ptsteams.teamsmobile: Resource ID #0x0
D/Index   (15093): Indexing locale 'en_US' took 66 millis
I/Keyboard.Facilitator( 4011): onStartInput()
I/LatinIME( 4011): Starting input. Cursor position = 17,17
W/IInputConnectionWrapper(14603): getSelectedText on inactive InputConnection
W/IInputConnectionWrapper(14603): requestCursorAnchorInfo on inactive InputConnection
W/IInputConnectionWrapper(14603): getTextBeforeCursor on inactive InputConnection
E/RichInputConnection( 4011): Unable to connect to the editor to retrieve text.
D/RichInputConnection( 4011): Will try to retrieve text later.
I/Keyboard.Facilitator( 4011): resetDictionaries() : no-op
I/StatsUtilsManager( 4011): onLoadSettings()
W/IInputConnectionWrapper(14603): getTextBeforeCursor on inactive InputConnection
E/RichInputConnection( 4011): Unable to connect to the editor to retrieve text.
W/RichInputConnection( 4011): Unable to connect to the editor. Setting caps mode without knowing text.
W/IInputConnectionWrapper(14603): showStatusIcon on inactive InputConnection
I/Keyboard.Facilitator( 4011): onFinishInput()
I/Keyboard.Facilitator( 4011): onStartInput()
I/LatinIME( 4011): Starting input. Cursor position = 0,0
I/ActivityManager(  553): Displayed com.android.settings/.Settings$WifiSettingsActivity: +1s401ms
W/RichInputConnection( 4011): Slow InputConnection: GET_TEXT_BEFORE_CURSOR took 242 ms.
D/Index   (15093): Deleting data for locale 'en_US' took 12 millis
D/Index   (15093): Indexing locale 'en_US' took 74 millis
I/Keyboard.Facilitator( 4011): resetDictionaries() : no-op
I/StatsUtilsManager( 4011): onLoadSettings()
I/art     ( 4011): Background sticky concurrent mark sweep GC freed 5026(431KB) AllocSpace objects, 2(64KB) LOS objects, 4% free, 16MB/17MB, paused 5.981ms total 15.594ms
D/audio_hw_primary(  184): select_devices: out_snd_device(2: speaker) in_snd_device(0: none)
D/ACDB-LOADER(  184): ACDB -> send_afe_cal
D/audio_hw_primary(  184): enable_snd_device: snd_device(2: speaker)
D/audio_hw_primary(  184): enable_audio_route: apply and update mixer path: low-latency-playback
E/WifiStateMachine(  553): WifiStateMachine Disconnected CMD_START_SCAN source -2 193, 194 -> obsolete
I/ValidateNoPeople(  553): skipping global notification
I/Keyboard.Facilitator( 4011): onFinishInput()
I/Keyboard.Facilitator( 4011): onStartInput()
I/LatinIME( 4011): Starting input. Cursor position = 0,0
I/Keyboard.Facilitator( 4011): resetDictionaries() : no-op
I/StatsUtilsManager( 4011): onLoadSettings()
I/chromium(14603): [INFO:CONSOLE(173)] "No Content-Security-Policy meta tag found. Please add one when using the cordova-plugin-whitelist plugin.", source: file:///android_asset/www/plugins/cordova-plugin-console/www/console-via-logger.js (173)
D/PluginManager(14603): exec() call to unknown plugin: Console
I/Keyboard.Facilitator( 4011): onFinishInput()
I/Keyboard.Facilitator( 4011): onStartInput()
I/LatinIME( 4011): Starting input. Cursor position = 0,0
I/Keyboard.Facilitator( 4011): resetDictionaries() : no-op
I/StatsUtilsManager( 4011): onLoadSettings()
D/audio_hw_primary(  184): disable_audio_route: reset and update mixer path: low-latency-playback
D/audio_hw_primary(  184): disable_snd_device: snd_device(2: speaker)
D/audio_hw_primary(  184): select_devices: out_snd_device(2: speaker) in_snd_device(0: none)
D/ACDB-LOADER(  184): ACDB -> send_afe_cal
D/audio_hw_primary(  184): enable_snd_device: snd_device(2: speaker)
D/audio_hw_primary(  184): enable_audio_route: apply and update mixer path: low-latency-playback
V/GLSActivity( 4275): AuthDelegateWrapperCreated with selected intent: Intent { cmp=com.google.android.gms/.auth.DefaultAuthDelegateService }
D/Finsky  ( 4675): [1] AppStatesReplicator.handleContentSyncResponse: Completed 1 account content syncs with 0 successful.
D/Finsky  ( 4675): [1] 5.onFinished: Installation state replication failed.
D/Finsky  ( 4675): [1] 5.onFinished: Scheduling replication attempt 5.
D/WifiService(  553): acquireWifiLockLocked: WifiLock{NlpWifiLock type=2 binder=android.os.BinderProxy@1a0d81}
D/WifiService(  553): releaseWifiLockLocked: WifiLock{NlpWifiLock type=2 binder=android.os.BinderProxy@1a0d81}
V/GoogleAuthProtoRequest(14245): [555] a.<init>: mAccountName set to: jonathanandrewguy@gmail.com
I/GLSUser ( 4275): [GLSUser] getTokenFromGoogle [account: <ELLIDED:19331>, callingPkg: com.google.android.apps.gcs, service: oauth2:https://www.googleapis.com/auth/nova
I/GLSUser ( 4275): [GLSUser] IOException in getAuthtoken(<ELLIDED:19331>, oauth2:https://www.googleapis.com/auth/nova) -> exception: Unable to resolve host "android.clients.google.com": No address associated with hostname)
I/GLSUser ( 4275): [GLSUser] getAuthtoken(<ELLIDED:19331>, oauth2:https://www.googleapis.com/auth/nova) -> status: NETWORK_ERROR)
I/GLSUser ( 4275): [GLSUser] Extracting token using key: Auth
W/GLSActivity( 4275): gms.StatusHelper Status from wire: NetworkError status: NETWORK_ERROR
W/ExperimentUpdateService(14245): [555] ExperimentUpdateService.a: Error executing an experiment update request.  Rescheduling.
W/ExperimentUpdateService(14245): [555] ExperimentUpdateService.a: java.util.concurrent.ExecutionException: com.a.a.a: NetworkError
W/ExperimentUpdateService(14245): java.util.concurrent.ExecutionException: com.a.a.a: NetworkError
W/ExperimentUpdateService(14245): 	at com.a.a.a.k.a(SourceFile:117)
W/ExperimentUpdateService(14245): 	at com.a.a.a.k.get(SourceFile:97)
W/ExperimentUpdateService(14245): 	at com.google.android.flib.nova.experiment.ExperimentUpdateService.a(SourceFile:64)
W/ExperimentUpdateService(14245): 	at com.google.android.gms.gcm.c.run(Unknown Source)
W/ExperimentUpdateService(14245): Caused by: com.a.a.a: NetworkError
W/ExperimentUpdateService(14245): 	at com.google.android.flib.a.a.a(SourceFile:170)
W/ExperimentUpdateService(14245): 	at com.a.a.a.g.a(SourceFile:79)
W/ExperimentUpdateService(14245): 	at com.a.a.a.a.a(SourceFile:93)
W/ExperimentUpdateService(14245): 	at com.a.a.k.run(SourceFile:110)
W/ExperimentUpdateService(14245): Caused by: java.io.IOException: NetworkError
W/ExperimentUpdateService(14245): 	at com.google.android.gms.auth.e.a(Unknown Source)
W/ExperimentUpdateService(14245): 	at com.google.android.gms.auth.e.a(Unknown Source)
W/ExperimentUpdateService(14245): 	at com.google.android.flib.a.a.a(SourceFile:162)
W/ExperimentUpdateService(14245): 	... 3 more
D/PluginManager(14603): exec() call to unknown plugin: Console
I/chromium(14603): [INFO:CONSOLE(173)] "No Content-Security-Policy meta tag found. Please add one when using the cordova-plugin-whitelist plugin.", source: file:///android_asset/www/plugins/cordova-plugin-console/www/console-via-logger.js (173)
D/audio_hw_primary(  184): disable_audio_route: reset and update mixer path: low-latency-playback
D/audio_hw_primary(  184): disable_snd_device: snd_device(2: speaker)
E/WiFiServiceImpl (  553): CONNECT  nid=-1 uid=1000
D/WifiService(  553): Connect with config* ID: -1 SSID: "utexas" BSSID: null FQDN: null REALM: null PRIO: 0
D/WifiService(  553):  KeyMgmt: WPA_EAP IEEE8021X Protocols:
D/WifiService(  553):  AuthAlgorithms:
D/WifiService(  553):  PairwiseCiphers:
D/WifiService(  553):  GroupCiphers:
D/WifiService(  553):  PSK: 
D/WifiService(  553): Enterprise config:
D/WifiService(  553): password "MH5v+DupqB"
D/WifiService(  553): proactive_key_caching 1
D/WifiService(  553): client_cert NULL
D/WifiService(  553): engine 0
D/WifiService(  553): ca_cert NULL
D/WifiService(  553): anonymous_identity NULL
D/WifiService(  553): identity "jag8579"
D/WifiService(  553): key_id NULL
D/WifiService(  553): phase2 NULL
D/WifiService(  553): engine_id NULL
D/WifiService(  553): eap PEAP
D/WifiService(  553): IP config:
D/WifiService(  553): IP assignment: DHCP
D/WifiService(  553): Proxy settings: NONE
D/WifiService(  553):  uid=1000roamingFailureBlackListTimeMilli: 1000
D/WifiService(  553): triggeredLow: 0 triggeredBad: 0 triggeredNotHigh: 0
D/WifiService(  553): ticksLow: 0 ticksBad: 0 ticksNotHigh: 0
D/WifiService(  553): triggeredJoin: 0
D/WifiService(  553): autoJoinBailedDueToLowRssi: false
D/WifiService(  553): autoJoinUseAggressiveJoinAttemptThreshold: 0
E/WifiConfigStore(  553): addOrUpdateNetworkNative created netId=24
E/WifiConfigStore(  553): created new config netId=24 uid=1000
E/WifiConfigStore(  553): will read network variables netId=24
E/WifiConfigStore(  553):  rewrite network history for "utexas"WPA_EAP
E/WifiConfigStore(  553): writeKnownNetworkHistory write linked 1
E/WifiConfigStore(  553): writeKnownNetworkHistory write linked 1
I/wpa_supplicant( 3586): wlan0: Trying to associate with SSID 'utexas'
I/Keyboard.Facilitator( 4011): onFinishInput()
E/WifiStateMachine(  553): CONNECT_NETWORK id=24 config="utexas" cnid=24 supstate=ScanState my state DisconnectedState uid = 1000
E/WifiConfigStore(  553): saveWifiConfigBSSID Setting BSSID for "utexas"WPA_EAP to any
E/WifiConfigStore(  553): saveWifiConfigBSSID Setting BSSID for "utexas"WPA_EAP to any
E/WifiAutoJoinController (  553): updateConfigurationHistory found 0 networks
E/WifiAutoJoinController (  553): updateConfigurationHistory try to connect to an old network!! : "utexas"WPA_EAP
E/WifiConfigStore(  553):  rewrite network history for "utexas"WPA_EAP
E/WifiConfigStore(  553): will read network variables netId=24
E/WifiConfigStore(  553): writeKnownNetworkHistory write linked 1
E/WifiConfigStore(  553): writeKnownNetworkHistory write linked 1
D/Tethering(  553): sendTetherStateChangedBroadcast 1, 0, 0
I/wpa_supplicant( 3586): wlan0: Associated with f4:0f:1b:da:52:df
I/wpa_supplicant( 3586): wlan0: CTRL-EVENT-EAP-STARTED EAP authentication started
I/wpa_supplicant( 3586): wlan0: CTRL-EVENT-EAP-PROPOSED-METHOD vendor=0 method=4 -> NAK
I/wpa_supplicant( 3586): wlan0: CTRL-EVENT-EAP-PROPOSED-METHOD vendor=0 method=25
I/wpa_supplicant( 3586): wlan0: CTRL-EVENT-EAP-METHOD EAP vendor 0 method 25 (PEAP) selected
I/wpa_supplicant( 3586): wlan0: CTRL-EVENT-EAP-PEER-CERT depth=1 subject='/C=US/O=GeoTrust Inc./OU=Domain Validated SSL/CN=GeoTrust DV SSL CA - G4'
I/wpa_supplicant( 3586): wlan0: CTRL-EVENT-EAP-PEER-CERT depth=1 subject='/C=US/O=GeoTrust Inc./OU=Domain Validated SSL/CN=GeoTrust DV SSL CA - G4'
I/wpa_supplicant( 3586): wlan0: CTRL-EVENT-EAP-PEER-CERT depth=0 subject='/OU=GT79245214/OU=See www.geotrust.com/resources/cps (c)15/OU=Domain Control Validated - QuickSSL(R) Premium/CN=dot1x.utexas.edu'
I/wpa_supplicant( 3586): EAP-MSCHAPV2: Authentication succeeded
I/wpa_supplicant( 3586): EAP-TLV: TLV Result - Success - EAP-TLV/Phase2 Completed
I/wpa_supplicant( 3586): wlan0: CTRL-EVENT-EAP-SUCCESS EAP authentication completed successfully
I/wpa_supplicant( 3586): wlan0: WPA: Key negotiation completed with f4:0f:1b:da:52:df [PTK=CCMP GTK=TKIP]
I/wpa_supplicant( 3586): wlan0: CTRL-EVENT-CONNECTED - Connection to f4:0f:1b:da:52:df completed [id=24 id_str=]
D/ConnectivityService(  553): registerNetworkAgent NetworkAgentInfo{ ni{[type: WIFI[], state: CONNECTING/CONNECTING, reason: (unspecified), extra: "utexas", roaming: false, failover: false, isAvailable: true, isConnectedToProvisioningNetwork: false]}  network{null}  lp{{LinkAddresses: []  Routes: [] DnsAddresses: [] Domains: null MTU: 0 TcpBufferSizes: 524288,1048576,2097152,262144,524288,1048576}}  nc{[ Transports: WIFI Capabilities: INTERNET&NOT_RESTRICTED&TRUSTED&NOT_VPN LinkUpBandwidth>=1048576Kbps LinkDnBandwidth>=1048576Kbps]}  Score{20}  everValidated{false}  lastValidated{false}  created{false}  explicitlySelected{false} }
E/WifiConfigStore(  553): saveWifiConfigBSSID Setting BSSID for "utexas"WPA_EAP to any
D/ConnectivityService(  553): NetworkAgentInfo [WIFI () - 100] EVENT_NETWORK_INFO_CHANGED, going from null to CONNECTING
E/WifiConfigStore(  553): saveWifiConfigBSSID Setting BSSID for "utexas"WPA_EAP to any
D/CommandListener(  181): Setting iface cfg
E/WifiStateMachine(  553): Start Dhcp Watchdog 1
D/ConnectivityService(  553): updateNetworkScore for NetworkAgentInfo [WIFI () - 100] to 60
E/native  (  553): do suspend false
E/WifiStateMachine(  553): Unexpected BatchedScanResults :OK
I/dhcpcd  (15280): version 5.5.6 starting
E/dhcpcd  (15280): get_duid: Read-only file system
I/dhcpcd  (15280): wlan0: broadcasting for a lease
I/dhcpcd  (15280): wlan0: offered 10.148.80.232 from 1.1.1.1
I/dhcpcd  (15280): wlan0: acknowledged 10.148.80.232 from 1.1.1.1
I/dhcpcd  (15280): wlan0: leased 10.148.80.232 for 300 seconds
E/WifiStateMachine(  553): WifiStateMachine: handleSuccessfulIpConfiguration and no scan results"utexas"WPA_EAP
E/WifiStateMachine(  553): Did not find remoteAddress {10.148.0.1} in /proc/net/arp
D/ConnectivityService(  553): NetworkAgentInfo [WIFI () - 100] EVENT_NETWORK_INFO_CHANGED, going from CONNECTING to CONNECTED
D/ConnectivityService(  553): Adding iface wlan0 to network 100
E/WifiStateMachine(  553): WifiStateMachine CMD_START_SCAN source 1000 txSuccessRate=0.94 rxSuccessRate=0.00 targetRoamBSSID=any RSSI=-56
E/WifiStateMachine(  553): WifiStateMachine CMD_START_SCAN source -2 txSuccessRate=0.47 rxSuccessRate=1.50 targetRoamBSSID=any RSSI=-56
E/WifiStateMachine(  553): WifiStateMachine L2Connected CMD_START_SCAN source -2 196, 198 -> obsolete
E/ConnectivityService(  553): Unexpected mtu value: 0, wlan0
D/ConnectivityService(  553): Adding Route [fe80::/64 -> :: wlan0] to network 100
D/ConnectivityService(  553): Adding Route [10.148.0.0/16 -> 0.0.0.0 wlan0] to network 100
D/ConnectivityService(  553): Adding Route [0.0.0.0/0 -> 10.148.0.1 wlan0] to network 100
D/ConnectivityService(  553): Setting Dns servers for network 100 to [/128.83.185.40, /128.83.185.41]
D/ConnectivityService(  553): notifyType IP_CHANGED for NetworkAgentInfo [WIFI () - 100]
D/ConnectivityService(  553): notifyType PRECHECK for NetworkAgentInfo [WIFI () - 100]
D/ConnectivityService(  553): rematching NetworkAgentInfo [WIFI () - 100]
D/ConnectivityService(  553):    accepting network in place of null
D/NetworkMonitor/NetworkAgentInfo [WIFI () - 100](  553): DefaultState{ when=-4ms what=532481 target=com.android.internal.util.StateMachine$SmHandler }
D/NetworkMonitor/NetworkAgentInfo [WIFI () - 100](  553): Connected
D/NetworkMonitor/NetworkAgentInfo [WIFI () - 100](  553): EvaluatingState{ when=0 what=532486 arg1=1 target=com.android.internal.util.StateMachine$SmHandler }
D/NetworkMonitor/NetworkAgentInfo [WIFI () - 100](  553): Checking http://connectivitycheck.android.com/generate_204 on "utexas"
D/ConnectivityService(  553): Switching to new default network: NetworkAgentInfo{ ni{[type: WIFI[], state: CONNECTED/CONNECTED, reason: (unspecified), extra: "utexas", roaming: false, failover: false, isAvailable: true, isConnectedToProvisioningNetwork: false]}  network{100}  lp{{InterfaceName: wlan0 LinkAddresses: [fe80::ae22:bff:fe4a:d366/64,10.148.80.232/16,]  Routes: [fe80::/64 -> :: wlan0,10.148.0.0/16 -> 0.0.0.0 wlan0,0.0.0.0/0 -> 10.148.0.1 wlan0,] DnsAddresses: [128.83.185.40,128.83.185.41,] Domains: public.utexas.edu MTU: 0 TcpBufferSizes: 524288,1048576,2097152,262144,524288,1048576}}  nc{[ Transports: WIFI Capabilities: INTERNET&NOT_RESTRICTED&TRUSTED&NOT_VPN LinkUpBandwidth>=1048576Kbps LinkDnBandwidth>=1048576Kbps]}  Score{100}  everValidated{false}  lastValidated{false}  created{true}  explicitlySelected{true} }
D/ConnectivityService(  553): Setting tx/rx TCP buffers to 524288,1048576,2097152,262144,524288,1048576
D/ConnectivityService(  553): notifyType AVAILABLE for NetworkAgentInfo [WIFI () - 100]
D/CSLegacyTypeTracker(  553): Sending connected broadcast for type 1 NetworkAgentInfo [WIFI () - 100] isDefaultNetwork=true
D/ConnectivityService(  553): sendStickyBroadcast: action=android.net.conn.CONNECTIVITY_CHANGE_IMMEDIATE
D/ConnectivityManager.CallbackHandler( 3863): CM callback handler got msg 524290
D/ConnectivityService(  553): sendStickyBroadcast: action=android.net.conn.CONNECTIVITY_CHANGE
D/Tethering(  553): MasterInitialState.processMessage what=3
V/BackupManagerService(  553): Scheduling immediate backup pass
V/BackupManagerService(  553): Running a backup pass
V/BackupManagerService(  553): clearing pending backups
D/CordovaNetworkManager(14603): Connection Type: wifi
D/CordovaNetworkManager(14603): Connection Extra Info: "utexas"
V/PerformBackupTask(  553): Beginning backup of 14 targets
I/ActivityManager(  553): Start proc 15328:com.google.android.setupwizard/u0a51 for broadcast com.google.android.setupwizard/.carrier.MobileConnectivityChangeReceiver
D/NetworkMonitor/NetworkAgentInfo [WIFI () - 100](  553): isCaptivePortal: ret=204 headers={null=[HTTP/1.1 204 No Content], Content-Length=[0], Date=[Mon, 12 Oct 2015 22:57:51 GMT], Server=[GFE/2.0], X-Android-Received-Millis=[1444690632564], X-Android-Response-Source=[NETWORK 204], X-Android-Sent-Millis=[1444690632562]}
D/NetworkMonitor/NetworkAgentInfo [WIFI () - 100](  553): Validated
D/ConnectivityService(  553): setProvNotificationVisibleIntent: E visible=false networkType=0 extraInfo=null
D/ConnectivityService(  553): Validated NetworkAgentInfo [WIFI () - 100]
D/ConnectivityService(  553): rematching NetworkAgentInfo [WIFI () - 100]
D/ConnectivityService(  553): Network NetworkAgentInfo [WIFI () - 100] was already satisfying request 1. No change.
D/ConnectivityService(  553): notifyType AVAILABLE for NetworkAgentInfo [WIFI () - 100]
D/ConnectivityManager.CallbackHandler( 3863): CM callback handler got msg 524290
D/ConnectivityService(  553): sendStickyBroadcast: action=android.net.conn.INET_CONDITION_ACTION
I/art     (  195): Explicit concurrent mark sweep GC freed 704(30KB) AllocSpace objects, 0(0B) LOS objects, 39% free, 7MB/11MB, paused 274us total 17.974ms
D/PerformBackupTask(  553): invokeAgentForBackup on @pm@
V/BackupServiceBinder(  553): doBackup() invoked
I/art     (  195): Explicit concurrent mark sweep GC freed 7(240B) AllocSpace objects, 0(0B) LOS objects, 40% free, 7MB/11MB, paused 274us total 12.786ms
I/PMBA    (  553): Previous metadata 1836172 mismatch vs 1965118 - rewriting
D/PhoneInterfaceManager( 4184): [PhoneIntfMgr] getDataEnabled: subId=-1 phoneId=-1
E/PhoneInterfaceManager( 4184): [PhoneIntfMgr] getDataEnabled: no phone subId=-1 retVal=false
D/TelephonyManager(  553): getDataEnabled: retVal=false
I/art     (  195): Explicit concurrent mark sweep GC freed 5(160B) AllocSpace objects, 0(0B) LOS objects, 40% free, 7MB/11MB, paused 274us total 13.153ms
E/GpsLocationProvider(  553): No APN found to select.
I/BackupRestoreController(  553): Getting widget state for user: 0
W/GmsBackupTransport( 4418): Unknown package in backup request: @pm@
V/GmsBackupTransport( 4418): starting performBackup for @pm@
V/GmsBackupTransport( 4418): performBackup done for @pm@
D/DownloadManager( 4293): [925] Starting
I/ActivityManager(  553): Start proc 15364:com.android.chrome/u0a9 for broadcast com.android.chrome/org.chromium.chrome.browser.precache.PrecacheServiceLauncher
I/CheckinService( 4470): Checking schedule, now: 1444690632720 next: 1442336151983
I/CheckinService( 4470): active receiver: enabled
W/ActivityThread( 4293): ClassLoader.loadClass: The class loader returned by Thread.getContextClassLoader() may fail for processes that host multiple applications. You should explicitly specify a context class loader. For example: Thread.setContextClassLoader(getClass().getClassLoader());
I/GoogleURLConnFactory( 4275): Using platform SSLCertificateSocketFactory
I/CheckinService( 4470): Preparing to send checkin request
I/CheckinService( 4470): Overwrite current checkin reason type from: 8 to: 6
I/EventLogService( 4470): Accumulating logs since 1444689715038
V/GLSActivity( 4275): AuthDelegateWrapperCreated with selected intent: Intent { cmp=com.google.android.gms/.auth.DefaultAuthDelegateService }
I/Babel   (14792): connection state changed from DISCONNECTED to CONNECTED
I/ActivityManager(  553): Start proc 15388:com.google.android.ears/u0a22 for service com.google.android.ears/.heard.EarsSyncAdapterService
I/SetupWizard.FrpHelper(15328): FRP status: supported: false, challengeRequired: false
I/ActivityManager(  553): Start proc 15409:com.google.android.gms.unstable/u0a21 for service com.google.android.gms/.droidguard.DroidGuardService
I/ActivityManager(  553): Start proc 15427:com.google.android.apps.photos/u0a117 for broadcast com.google.android.apps.photos/.actionqueue.SystemReceiver
W/ResourcesManager(15409): Asset path '/system/framework/com.android.media.remotedisplay.jar' does not exist or contains no resources.
W/ResourcesManager(15409): Asset path '/system/framework/com.android.location.provider.jar' does not exist or contains no resources.
I/CheckinRequestBuilder( 4470): Checkin reason type: 6 attempt count: 1
I/MultiDex(15409): VM with version 2.1.0 has multidex support
I/MultiDex(15409): install
I/MultiDex(15409): VM has multidex support, MultiDex support library is disabled.
V/JNIHelp (15409): Registering com/google/android/gms/org/conscrypt/NativeCrypto's 227 native methods...
D/WifiService(  553): New client listening to asynchronous messages
E/ActivityThread( 4470): Failed to find provider info for com.google.android.wearable.settings
I/ProviderInstaller(15409): Installed default security provider GmsCore_OpenSSL
I/ActivityManager(  553): Start proc 15456:com.google.android.youtube/u0a63 for service com.google.android.youtube/com.google.android.libraries.youtube.common.gcore.gcoreclient.gcm.impl.GcmTaskServiceDelegator
I/GoogleHttpClient(15388): GMS http client unavailable, use old client
E/Auth.Api.Credentials( 4470): [CredentialSyncAdapter] Unknown sync event.
I/art     ( 4275): Explicit concurrent mark sweep GC freed 25899(1384KB) AllocSpace objects, 2(32KB) LOS objects, 40% free, 11MB/18MB, paused 1.098ms total 55.480ms
I/chromium(14603): [INFO:CONSOLE(173)] "No Content-Security-Policy meta tag found. Please add one when using the cordova-plugin-whitelist plugin.", source: file:///android_asset/www/plugins/cordova-plugin-console/www/console-via-logger.js (173)
D/PluginManager(14603): exec() call to unknown plugin: Console
I/art     (  553): Explicit concurrent mark sweep GC freed 133547(6MB) AllocSpace objects, 7(111KB) LOS objects, 33% free, 24MB/36MB, paused 3.112ms total 117.309ms
W/DriveInitializer( 4470): Background init thread started
W/ResourcesManager(15456): Asset path '/system/framework/com.android.media.remotedisplay.jar' does not exist or contains no resources.
W/ResourcesManager(15456): Asset path '/system/framework/com.android.location.provider.jar' does not exist or contains no resources.
W/DriveInitializer( 4470): Awaiting to be initialized
V/GLSActivity( 4275): AuthDelegateWrapperCreated with selected intent: Intent { cmp=com.google.android.gms/.auth.DefaultAuthDelegateService }
D/WVCdm   (  184): Instantiating CDM.
I/WVCdm   (  184): CdmEngine::OpenSession
I/WVCdm   (  184): Level3 Library Dec 11 2014 16:13:16
V/JNIHelp (15456): Registering com/google/android/gms/org/conscrypt/NativeCrypto's 227 native methods...
W/WVCdm   (  184): Could not read /data/mediadrm/IDM1013/ay64.dat2: No such file or directory
D/DrmWidevineDash(  184): OEMCrypto_Initialize: starts! g_qsee_apps_version = 0x11
D/DrmWidevineDash(  184): Service_Initialize: starts!
D/QSEECOMAPI: (  184): QSEECom_start_app sb_length = 0x19000
D/QSEECOMAPI: (  184): App is not loaded in QSEE
I/ProviderInstaller(15456): Installed default security provider GmsCore_OpenSSL
D/QSEECOMAPI: (  184): Loaded image: APP id = 2
D/DrmWidevineDash(  184): Service_Initialize: ends! returns 0
D/DrmWidevineDash(  184): OEMCrypto_Initialize sion_buffer g_wv_fhandle->ion_sbuffer  0x0xb4309000
E/DrmWidevineDash(  184): sion_buffer g_wv_fhandle->ion_sbuffer  0x0xb4309000
I/ActivityManager(  553): Killing 14568:com.google.android.partnersetup/u0a26 (adj 15): empty #17
D/DrmWidevineDash(  184): OEMCrypto_Initialize: ends! returns 0
D/DrmWidevineDash(  184): OEMCrypto_APIVersion: starts!
D/DownloadManager( 4293): [925] Finished with status SUCCESS
D/DrmWidevineDash(  184): hlos api version =  9
D/DrmWidevineDash(  184): tz api version =  9
D/DrmWidevineDash(  184): OEMCrypto_APIVersion: ends! returns version 9
D/DrmWidevineDash(  184): OEMCrypto_IsKeyboxValid: starts!
D/DrmWidevineDash(  184): OEMCrypto_IsKeyboxValid: ends! returns 0
D/WVCdm   (  184): OEMCrypto_Initialize Level 1 success. I will use level 1.
D/DrmWidevineDash(  184): OEMCrypto_OpenSession: starts! SID=0xb49ff940
D/DrmWidevineDash(  184): OEMCrypto_OpenSession SID = 1
D/DrmWidevineDash(  184): OEMCrypto_OpenSession: ends! returns 0
D/DrmWidevineDash(  184): OEMCrypto_GetRandom: starts! randomData=0xb4c3e620, dataLength=8
D/DrmWidevineDash(  184): OEMCrypto_GetRandom: ends! returns 0
I/GLSUser ( 4275): [GLSUser] getTokenFromGoogle [account: <ELLIDED:19331>, callingPkg: com.google.android.ears, service: oauth2:https://www.googleapis.com/auth/audio.recognition
D/DrmWidevineDash(  184): OEMCrypto_LoadDeviceRSAKey: starts!SID=1, wrapped_rsa_key=0xb4cc4800, wrapped_rsa_key_length=1280
D/DrmWidevineDash(  184): OEMCrypto_LoadDeviceRSAKey: ends! returns 0
I/WVCdm   (  184): CdmEngine::QueryKeyControlInfo
W/WVCdm   (  184): BufferReader::Read<T> : Failure during parse: Not enough bytes (4)
W/WVCdm   (  184): CdmEngine::ExtractWidevinePssh: Unable to read PSSH atom size
I/WVCdm   (  184): CdmEngine::GenerateKeyRequest
D/DrmWidevineDash(  184): OEMCrypto_GetDeviceID: starts! deviceID=0xb4cd6c40, idLength=0xb4aff710
I/SystemUpdateService( 4470): receiver: Intent { act=android.net.conn.CONNECTIVITY_CHANGE flg=0x4000010 cmp=com.google.android.gms/.update.SystemUpdateService$ActiveReceiver (has extras) }
I/GoogleURLConnFactory(15409): Using platform SSLCertificateSocketFactory
D/SystemUpdateService( 4470): onCreate
E/WifiConfigStore(  553):  rewrite network history for "utexas"WPA_EAP
D/SystemUpdateService( 4470): onStartCommand: intent: Intent { cmp=com.google.android.gms/.update.SystemUpdateService (has extras) }
I/GmsBackupTransport( 4418): Http Response Code : 200
E/WifiConfigStore(  553): writeKnownNetworkHistory write linked 1
E/WifiConfigStore(  553): writeKnownNetworkHistory write linked 1
D/DrmWidevineDash(  184): OEMCrypto_GetDeviceID: ends! returns 0
D/DrmWidevineDash(  184): OEMCrypto_SupportsUsageTable: starts!
W/DriveInitializer( 4470): Background init thread ended
V/GmsBackupTransport( 4418): backup finished for @pm@
I/SystemUpdateService( 4470): active receiver: enabled
I/SystemUpdateService( 4470): cancelUpdate (willing to retry now)
D/DrmWidevineDash(  184): OEMCrypto_SupportsUsageTable: is_supported = 1
D/DrmWidevineDash(  184): OEMCrypto_SupportsUsageTable: wv_app_version = 22
D/DrmWidevineDash(  184): OEMCrypto_SupportsUsageTable: ends! returns 0x0
D/DrmWidevineDash(  184): OEMCrypto_GetHDCPCapability: starts!
I/DownloadAttempt( 4470):  deleting /data/data/com.google.android.gms/app_download/update.zip
D/DrmWidevineDash(  184): OEMCrypto_GetHDCPCapability: ends! returns 0x0
D/DrmWidevineDash(  184): OEMCrypto_APIVersion: starts!
I/art     (15093): Background partial concurrent mark sweep GC freed 68787(2MB) AllocSpace objects, 1(36KB) LOS objects, 40% free, 9MB/15MB, paused 6.134ms total 44.738ms
D/DrmWidevineDash(  184): hlos api version =  9
D/DrmWidevineDash(  184): tz api version =  9
D/DrmWidevineDash(  184): OEMCrypto_APIVersion: ends! returns version 9
D/DrmWidevineDash(  184): OEMCrypto_GenerateNonce: starts! SID=1
I/SystemUpdateService( 4470): cancelUpdate (update URL has changed)
E/YouTube MDX(15456): Bogus value in shared preferences for key MdxServerSelection value , returning default value.
D/DrmWidevineDash(  184): OEMCrypto_GenerateNonce: ends! returns 0
D/WVCdm   (  184): PrepareKeyRequest: nonce=1561935692
D/DrmWidevineDash(  184): OEMCrypto_GenerateRSASignature starts! SID=1, message=0xb5a88200
D/DrmWidevineDash(  184): message_length=1597, signature=0xb587e580, signature_length=3031430900
I/SystemUpdateService( 4470): OffPeak download feature is not enabled!
I/SystemUpdateService( 4470): network: [type: WIFI[], state: CONNECTED/CONNECTED, reason: (unspecified), extra: "utexas", roaming: false, failover: false, isAvailable: true, isConnectedToProvisioningNetwork: false]; metered: false; mobile allowed: true
D/PerformBackupTask(  553): starting agent for backup of BackupRequest{pkg=com.google.android.talk}
I/Adreno-EGL( 4470): <qeglDrvAPI_eglInitialize:379>: QUALCOMM Build: 01/15/15, ab0075f, Id3510ff6dc
D/BackupManagerService(  553): awaiting agent for ApplicationInfo{6f2262e com.google.android.talk}
D/BackupManagerService(  553): agentConnected pkg=com.google.android.talk agent=android.os.BinderProxy@325075cf
I/BackupManagerService(  553): got agent android.app.IBackupAgent$Stub$Proxy@1d416b5c
D/PerformBackupTask(  553): invokeAgentForBackup on com.google.android.talk
D/DrmWidevineDash(  184): OEMCrypto_GenerateRSASignature returns 0
I/WVCdm   (  184): CdmEngine::CloseSession
D/DrmWidevineDash(  184): OEMCrypto_CloseSession: starts! SID=1
I/DownloadAttempt( 4470): URL changed from last attempt; resetting
I/DownloadAttempt( 4470): current file is null
I/DownloadAttempt( 4470): mSize -1 mDownloaded -1
I/SystemUpdateService( 4470): status is 1 (ready)
I/SystemUpdateService( 4470): starting download of https://android.googleapis.com/packages/ota/google_razor/2ae822f7a3a98aa82096551541ab0a95a67aa137.signed-razor-LMY48G-from-LMY47V.2ae822f7.zip
I/SystemUpdateService( 4470): now status is 2 (in_progress)
D/DrmWidevineDash(  184): OEMCrypto_CloseSession: ends! returns 0
I/WVCdm   (  184): L3 Terminate.
D/DrmWidevineDash(  184): OEMCrypto_Terminate: starts!
I/DownloadAttempt( 4470): querying downloadmanager
V/Bac