W/ResourceType( 3863): No package identifier when getting value for resource number 0x00000000
W/PackageManager( 3863): Failure retrieving resources for com.ptsteams.teamsmobile: Resource ID #0x0
I/Process (14088): Sending signal. PID: 14088 SIG: 9
I/ActivityManager(  553): Process com.ptsteams.teamsmobile (pid 14088) has died
W/InputMethodManagerService(  553): Window already focused, ignoring focus gain of: com.android.internal.view.IInputMethodClient$Stub$Proxy@2ec81269 attribute=null, token = android.os.BinderProxy@11ebf88d
V/ConfigFetchTask( 4470): ConfigFetchTask getDeviceDataVersionInfo(): ABFEt1XA-fEqewvF_NA-IO_zCLOvIHeU7CtbmV4nmQM58fJlkuNPxumsDuDDyIwMJCZxJOt1J26o67gRx1aAUjGnD-cFOx1yPAGX4j3PVPnLwjHPtUTHXTL_YrsgRpXLkp_ZFvE2kEX5m-yXx3SXksS4kPunFZQ68QimxAGrS_xB9kT-lRxFLE8yr3s1ty4CaK4vgj-XDruX
I/GoogleURLConnFactory( 4470): Using platform SSLCertificateSocketFactory
W/ConfigFetchTask( 4470): exception on config fetch: java.net.UnknownHostException: Unable to resolve host "android.clients.google.com": No address associated with hostname
I/ConfigFetchService( 4470): fetch service done; releasing wakelock
I/ConfigFetchService( 4470): stopping self
I/InputReader(  553): Reconfiguring input devices.  changes=0x00000010
I/ActivityManager(  553): Start proc 14124:com.google.android.talk/u0a30 for broadcast com.google.android.talk/com.google.android.apps.hangouts.phone.PackageReplacedReceiver
D/BackupManagerService(  553): Received broadcast Intent { act=android.intent.action.PACKAGE_CHANGED dat=package:com.google.android.gms flg=0x4000010 (has extras) }
I/BackupManagerService(  553): Unbinding ComponentInfo{com.google.android.gms/com.google.android.gms.backup.BackupTransportService}
I/BackupManagerService(  553): Binding to transport host ComponentInfo{com.google.android.gms/com.google.android.gms.backup.BackupTransportService}
W/ResourcesManager(14124): Asset path '/system/framework/com.google.android.media.effects.jar' does not exist or contains no resources.
V/BackupManagerService(  553): Connected to transport ComponentInfo{com.google.android.gms/com.google.android.gms.backup.BackupTransportService}
V/BackupManagerService(  553): Registering transport com.google.android.gms/.backup.BackupTransportService::com.google.android.gms/.backup.BackupTransportService = com.android.internal.backup.IBackupTransport$Stub$Proxy@3d8ad029
V/GmsNetworkLocationProvi( 4418): DISABLE
V/GmsNetworkLocationProvi( 4418): ENABLE
V/GmsNetworkLocationProvi( 4418): onSetRequest: ProviderRequestUnbundled, reportLocation is true and interval is 86400000
V/GmsNetworkLocationProvi( 4418): SET-REQUEST
V/GmsNetworkLocationProvi( 4418): in Handler: ProviderRequestUnbundled, reportLocation is true and interval is 86400000
I/Babel_SMS(14124): MmsConfig: mnc/mcc: 310/0
I/Babel_SMS(14124): MmsConfig.loadMmsSettings
I/Babel_SMS(14124): MmsConfig.loadDeviceMmsSettings from API: mUserAgent=, mUaProfUrl=
I/Babel_SMS(14124): MmsConfig.loadFromDatabase
E/Babel_SMS(14124): canonicalizeMccMnc: invalid mccmnc 
I/Babel_SMS(14124): MmsConfig.loadFromResources
E/Babel_SMS(14124): canonicalizeMccMnc: invalid mccmnc nullnull
I/Babel_SMS(14124): MmsConfig.loadMmsSettings: mUserAgent=Hangouts/4.0.100406486, mUaProfUrl=https://ssl.gstatic.com/android/hangouts/hangouts_mms_ua_profile.xml
W/Settings(14124): Setting airplane_mode_on has moved from android.provider.Settings.System to android.provider.Settings.Global, returning read-only value.
I/Babel_Crash(14124): startup - clean
I/Babel   (14124): deleted: false for 2
I/Babel_telephony(14124): TeleModule.launchCompleted
W/Telecom (  553): TelecomServiceImpl: null is not visible for the calling user
I/Babel_telephony(14124): TeleModule.updateConnectionManagerRegistration, registration preference changed from false to false
W/Babel   (14124): BAM#gBA: invalid account id: -1
W/Babel   (14124): BAM#gBA: invalid account id: -1
I/Babel_telephony(14124): TeleModule.updateIncomingCallRegistration, preferred account for incoming calls changed from: null to null
W/Telecom (  553): TelecomServiceImpl: null is not visible for the calling user
D/PackageBroadcastService( 4470): Received broadcast action=android.intent.action.PACKAGE_CHANGED and uri=com.google.android.gms
I/PackageBroadcastService( 4470): Null package name or gms related package.  Ignoreing.
I/Icing   ( 4470): updateResources: need to parse f{com.google.android.gms}
I/UpdateIcingCorporaServi(13219): Updating corpora: APPS=com.google.android.gms, CONTACTS=MAYBE
W/VideoCapabilities(14124): Unsupported mime video/mpeg2
I/VideoCapabilities(14124): Unsupported profile 4 for video/mp4v-es
I/UpdateIcingCorporaServi(13219): UpdateCorporaTask done [took 44 ms] updated apps [took 44 ms] 
I/vclib   (14124): onServiceConnected
W/Babel   (14124): Attempted to change video mute state without an active call.
W/ResourcesManager(14124): Asset path '/system/framework/com.android.media.remotedisplay.jar' does not exist or contains no resources.
W/ResourcesManager(14124): Asset path '/system/framework/com.android.location.provider.jar' does not exist or contains no resources.
V/JNIHelp (14124): Registering com/google/android/gms/org/conscrypt/NativeCrypto's 227 native methods...
I/ProviderInstaller(14124): Installed default security provider GmsCore_OpenSSL
E/Babel_NetworkQueue(14124): Retried: 20 errorCode: 101 Request: crq-637491962: devices/registerdevice created: 1444670718485
I/Babel   (14124): connection state changed from UNKNOWN to DISCONNECTED
V/GLSActivity( 4275): AuthDelegateWrapperCreated with selected intent: Intent { cmp=com.google.android.gms/.auth.DefaultAuthDelegateService }
D/Finsky  ( 4675): [1] AppStatesReplicator.handleContentSyncResponse: Completed 1 account content syncs with 0 successful.
D/Finsky  ( 4675): [1] 5.onFinished: Installation state replication failed.
D/Finsky  ( 4675): [1] 5.onFinished: Scheduling replication attempt 1.
I/ConfigService( 4275): onDestroy
I/ActivityManager(  553): Killing 13780:com.android.chrome/u0a9 (adj 15): empty #17
D/WifiService(  553): acquireWifiLockLocked: WifiLock{NlpWifiLock type=2 binder=android.os.BinderProxy@1bd37388}
D/WifiService(  553): releaseWifiLockLocked: WifiLock{NlpWifiLock type=2 binder=android.os.BinderProxy@1bd37388}
I/art     (  553): Explicit concurrent mark sweep GC freed 43941(2MB) AllocSpace objects, 2(32KB) LOS objects, 33% free, 23MB/35MB, paused 7.965ms total 111.968ms
V/GLSActivity( 4275): AuthDelegateWrapperCreated with selected intent: Intent { cmp=com.google.android.gms/.auth.DefaultAuthDelegateService }
D/Finsky  ( 4675): [1] AppStatesReplicator.handleContentSyncResponse: Completed 1 account content syncs with 0 successful.
D/Finsky  ( 4675): [1] 5.onFinished: Installation state replication failed.
D/Finsky  ( 4675): [1] 5.onFinished: Scheduling replication attempt 2.
E/        (  182): invalid crash request of size 4 (from pid=13761 uid=0)
W/qcom_sensors_hal(  553): hal_sensor1_data_cb: SENSOR1_MSG_TYPE_BROKEN_PIPE
E/Diag_Lib(14216):  Diag_LSM_Init: Failed to open handle to diag driver, error = 2
E/Sensors (14216): sns_fsa_la.c(386):fsa: fflush failed, 9
E/Sensors (14216): sns_fsa_la.c(386):fsa: fflush failed, 9
W/Sensors (14216): sns_smr_la.c(446):smr_la: smr_apps_la_thread_main is starting, fd=11, sns_smr.en_rx_msg_ptr=b6fb69d0
W/Sensors (14216): sns_sam_app.c(6827):sns_sam_reg_algo: Registering algo service 16, err 0
E/Sensors (14216): sns_debug_main.c(565):Debug Config File missing in EFS!
V/GLSActivity( 4275): AuthDelegateWrapperCreated with selected intent: Intent { cmp=com.google.android.gms/.auth.DefaultAuthDelegateService }
D/Finsky  ( 4675): [1] AppStatesReplicator.handleContentSyncResponse: Completed 1 account content syncs with 0 successful.
D/Finsky  ( 4675): [1] 5.onFinished: Installation state replication failed.
D/Finsky  ( 4675): [1] 5.onFinished: Scheduling replication attempt 3.
V/GLSActivity( 4275): AuthDelegateWrapperCreated with selected intent: Intent { cmp=com.google.android.gms/.auth.DefaultAuthDelegateService }
D/Finsky  ( 4675): [1] AppStatesReplicator.handleContentSyncResponse: Completed 1 account content syncs with 0 successful.
D/Finsky  ( 4675): [1] 5.onFinished: Installation state replication failed.
D/Finsky  ( 4675): [1] 5.onFinished: Scheduling replication attempt 4.
V/GLSActivity( 4275): AuthDelegateWrapperCreated with selected intent: Intent { cmp=com.google.android.gms/.auth.DefaultAuthDelegateService }
D/Finsky  ( 4675): [1] AppStatesReplicator.handleContentSyncResponse: Completed 1 account content syncs with 0 successful.
D/Finsky  ( 4675): [1] 5.onFinished: Installation state replication failed.
D/Finsky  ( 4675): [1] 5.onFinished: Scheduling replication attempt 5.
I/ActivityManager(  553): Start proc 14245:com.google.android.apps.gcs/u0a101 for service com.google.android.apps.gcs/com.google.android.flib.nova.experiment.ExperimentUpdateService
I/art     ( 4275): Explicit concurrent mark sweep GC freed 30509(1626KB) AllocSpace objects, 0(0B) LOS objects, 40% free, 11MB/18MB, paused 1.159ms total 31.982ms
V/GLSActivity( 4275): AuthDelegateWrapperCreated with selected intent: Intent { cmp=com.google.android.gms/.auth.DefaultAuthDelegateService }
V/GoogleAuthProtoRequest(14245): [550] a.<init>: mAccountName set to: jonathanandrewguy@gmail.com
D/Finsky  ( 4675): [1] AppStatesReplicator.handleContentSyncResponse: Completed 1 account content syncs with 0 successful.
D/Finsky  ( 4675): [1] 5.onFinished: Installation state replication failed.
D/Finsky  ( 4675): [1] 5.onFinished: Giving up after 6 failures.
I/GLSUser ( 4275): [GLSUser] getTokenFromGoogle [account: <ELLIDED:19331>, callingPkg: com.google.android.apps.gcs, service: oauth2:https://www.googleapis.com/auth/nova
I/GLSUser ( 4275): [GLSUser] IOException in getAuthtoken(<ELLIDED:19331>, oauth2:https://www.googleapis.com/auth/nova) -> exception: Unable to resolve host "android.clients.google.com": No address associated with hostname)
I/GLSUser ( 4275): [GLSUser] getAuthtoken(<ELLIDED:19331>, oauth2:https://www.googleapis.com/auth/nova) -> status: NETWORK_ERROR)
I/GLSUser ( 4275): [GLSUser] Extracting token using key: Auth
W/GLSActivity( 4275): gms.StatusHelper Status from wire: NetworkError status: NETWORK_ERROR
W/ExperimentUpdateService(14245): [550] ExperimentUpdateService.a: Error executing an experiment update request.  Rescheduling.
W/ExperimentUpdateService(14245): [550] ExperimentUpdateService.a: java.util.concurrent.ExecutionException: com.a.a.a: NetworkError
W/ExperimentUpdateService(14245): java.util.concurrent.ExecutionException: com.a.a.a: NetworkError
W/ExperimentUpdateService(14245): 	at com.a.a.a.k.a(SourceFile:117)
W/ExperimentUpdateService(14245): 	at com.a.a.a.k.get(SourceFile:97)
W/ExperimentUpdateService(14245): 	at com.google.android.flib.nova.experiment.ExperimentUpdateService.a(SourceFile:64)
W/ExperimentUpdateService(14245): 	at com.google.android.gms.gcm.c.run(Unknown Source)
W/ExperimentUpdateService(14245): Caused by: com.a.a.a: NetworkError
W/ExperimentUpdateService(14245): 	at com.google.android.flib.a.a.a(SourceFile:170)
W/ExperimentUpdateService(14245): 	at com.a.a.a.g.a(SourceFile:79)
W/ExperimentUpdateService(14245): 	at com.a.a.a.a.a(SourceFile:93)
W/ExperimentUpdateService(14245): 	at com.a.a.k.run(SourceFile:110)
W/ExperimentUpdateService(14245): Caused by: java.io.IOException: NetworkError
W/ExperimentUpdateService(14245): 	at com.google.android.gms.auth.e.a(Unknown Source)
W/ExperimentUpdateService(14245): 	at com.google.android.gms.auth.e.a(Unknown Source)
W/ExperimentUpdateService(14245): 	at com.google.android.flib.a.a.a(SourceFile:162)
W/ExperimentUpdateService(14245): 	... 3 more
I/ActivityManager(  553): Killing 13802:com.google.android.apps.photos/u0a117 (adj 15): empty #17
V/GoogleAuthProtoRequest(14245): [551] a.<init>: mAccountName set to: jonathanandrewguy@gmail.com
I/GLSUser ( 4275): [GLSUser] getTokenFromGoogle [account: <ELLIDED:19331>, callingPkg: com.google.android.apps.gcs, service: oauth2:https://www.googleapis.com/auth/nova
I/GLSUser ( 4275): [GLSUser] IOException in getAuthtoken(<ELLIDED:19331>, oauth2:https://www.googleapis.com/auth/nova) -> exception: Unable to resolve host "android.clients.google.com": No address associated with hostname)
I/GLSUser ( 4275): [GLSUser] getAuthtoken(<ELLIDED:19331>, oauth2:https://www.googleapis.com/auth/nova) -> status: NETWORK_ERROR)
I/GLSUser ( 4275): [GLSUser] Extracting token using key: Auth
W/GLSActivity( 4275): gms.StatusHelper Status from wire: NetworkError status: NETWORK_ERROR
W/ExperimentUpdateService(14245): [551] ExperimentUpdateService.a: Error executing an experiment update request.  Rescheduling.
W/ExperimentUpdateService(14245): [551] ExperimentUpdateService.a: java.util.concurrent.ExecutionException: com.a.a.a: NetworkError
W/ExperimentUpdateService(14245): java.util.concurrent.ExecutionException: com.a.a.a: NetworkError
W/ExperimentUpdateService(14245): 	at com.a.a.a.k.a(SourceFile:117)
W/ExperimentUpdateService(14245): 	at com.a.a.a.k.get(SourceFile:97)
W/ExperimentUpdateService(14245): 	at com.google.android.flib.nova.experiment.ExperimentUpdateService.a(SourceFile:64)
W/ExperimentUpdateService(14245): 	at com.google.android.gms.gcm.c.run(Unknown Source)
W/ExperimentUpdateService(14245): Caused by: com.a.a.a: NetworkError
W/ExperimentUpdateService(14245): 	at com.google.android.flib.a.a.a(SourceFile:170)
W/ExperimentUpdateService(14245): 	at com.a.a.a.g.a(SourceFile:79)
W/ExperimentUpdateService(14245): 	at com.a.a.a.a.a(SourceFile:93)
W/ExperimentUpdateService(14245): 	at com.a.a.k.run(SourceFile:110)
W/ExperimentUpdateService(14245): Caused by: java.io.IOException: NetworkError
W/ExperimentUpdateService(14245): 	at com.google.android.gms.auth.e.a(Unknown Source)
W/ExperimentUpdateService(14245): 	at com.google.android.gms.auth.e.a(Unknown Source)
W/ExperimentUpdateService(14245): 	at com.google.android.flib.a.a.a(SourceFile:162)
W/ExperimentUpdateService(14245): 	... 3 more
V/GoogleAuthProtoRequest(14245): [552] a.<init>: mAccountName set to: jonathanandrewguy@gmail.com
I/GLSUser ( 4275): [GLSUser] getTokenFromGoogle [account: <ELLIDED:19331>, callingPkg: com.google.android.apps.gcs, service: oauth2:https://www.googleapis.com/auth/nova
I/GLSUser ( 4275): [GLSUser] IOException in getAuthtoken(<ELLIDED:19331>, oauth2:https://www.googleapis.com/auth/nova) -> exception: Unable to resolve host "android.clients.google.com": No address associated with hostname)
I/GLSUser ( 4275): [GLSUser] getAuthtoken(<ELLIDED:19331>, oauth2:https://www.googleapis.com/auth/nova) -> status: NETWORK_ERROR)
I/GLSUser ( 4275): [GLSUser] Extracting token using key: Auth
W/GLSActivity( 4275): gms.StatusHelper Status from wire: NetworkError status: NETWORK_ERROR
W/ExperimentUpdateService(14245): [552] ExperimentUpdateService.a: Error executing an experiment update request.  Rescheduling.
W/ExperimentUpdateService(14245): [552] ExperimentUpdateService.a: java.util.concurrent.ExecutionException: com.a.a.a: NetworkError
W/ExperimentUpdateService(14245): java.util.concurrent.ExecutionException: com.a.a.a: NetworkError
W/ExperimentUpdateService(14245): 	at com.a.a.a.k.a(SourceFile:117)
W/ExperimentUpdateService(14245): 	at com.a.a.a.k.get(SourceFile:97)
W/ExperimentUpdateService(14245): 	at com.google.android.flib.nova.experiment.ExperimentUpdateService.a(SourceFile:64)
W/ExperimentUpdateService(14245): 	at com.google.android.gms.gcm.c.run(Unknown Source)
W/ExperimentUpdateService(14245): Caused by: com.a.a.a: NetworkError
W/ExperimentUpdateService(14245): 	at com.google.android.flib.a.a.a(SourceFile:170)
W/ExperimentUpdateService(14245): 	at com.a.a.a.g.a(SourceFile:79)
W/ExperimentUpdateService(14245): 	at com.a.a.a.a.a(SourceFile:93)
W/ExperimentUpdateService(14245): 	at com.a.a.k.run(SourceFile:110)
W/ExperimentUpdateService(14245): Caused by: java.io.IOException: NetworkError
W/ExperimentUpdateService(14245): 	at com.google.android.gms.auth.e.a(Unknown Source)
W/ExperimentUpdateService(14245): 	at com.google.android.gms.auth.e.a(Unknown Source)
W/ExperimentUpdateService(14245): 	at com.google.android.flib.a.a.a(SourceFile:162)
W/ExperimentUpdateService(14245): 	... 3 more
E/        (  182): invalid crash request of size 4 (from pid=14216 uid=0)
W/qcom_sensors_hal(  553): hal_sensor1_data_cb: SENSOR1_MSG_TYPE_BROKEN_PIPE
E/Diag_Lib(14306):  Diag_LSM_Init: Failed to open handle to diag driver, error = 2
E/Sensors (14306): sns_fsa_la.c(386):fsa: fflush failed, 9
E/Sensors (14306): sns_fsa_la.c(386):fsa: fflush failed, 9
W/Sensors (14306): sns_smr_la.c(446):smr_la: smr_apps_la_thread_main is starting, fd=11, sns_smr.en_rx_msg_ptr=b6f589d0
W/Sensors (14306): sns_sam_app.c(6827):sns_sam_reg_algo: Registering algo service 16, err 0
E/Sensors (14306): sns_debug_main.c(565):Debug Config File missing in EFS!
E/MtpServerJNI( 4293): server is null in send_object_removed
I/ActivityManager(  553): Start proc 14330:com.android.chrome/u0a9 for broadcast com.android.chrome/org.chromium.chrome.browser.precache.PrecacheServiceLauncher
I/ActivityManager(  553): Start proc 14349:com.google.android.apps.photos/u0a117 for broadcast com.google.android.apps.photos/.scheduler.PowerReceiver
I/ActivityManager(  553): Killing 13877:com.android.defcontainer/u0a13 (adj 15): empty #17
I/art     (  195): Explicit concurrent mark sweep GC freed 709(30KB) AllocSpace objects, 0(0B) LOS objects, 40% free, 7MB/11MB, paused 274us total 14.434ms
I/art     (  195): Explicit concurrent mark sweep GC freed 5(160B) AllocSpace objects, 0(0B) LOS objects, 40% free, 7MB/11MB, paused 244us total 12.084ms
I/art     (  195): Explicit concurrent mark sweep GC freed 5(160B) AllocSpace objects, 0(0B) LOS objects, 40% free, 7MB/11MB, paused 244us total 11.932ms
I/ActivityManager(  553): Killing 13913:com.android.keychain/1000 (adj 15): empty #17
I/GCoreUlr( 4418): Starting service, intent=Intent { act=com.google.android.location.reporting.ACTION_UPDATE_WORLD cmp=com.google.android.gms/com.google.android.location.reporting.service.DispatchingService (has extras) }, extras=Bundle[{receiverAction=android.intent.action.ACTION_POWER_DISCONNECTED}]
I/iu.Environment( 4470): update battery state; isPlugged? false*
I/GCoreUlr( 4418): DispatchingService.onCreate()
I/iu.UploadsManager( 4470): num queued entries: 0
I/iu.UploadsManager( 4470): num updated entries: 0
I/iu.SyncManager( 4470): NEXT; no task
I/art     ( 4418): Explicit concurrent mark sweep GC freed 63007(2MB) AllocSpace objects, 6(96KB) LOS objects, 40% free, 12MB/21MB, paused 1.312ms total 81.848ms
I/GCoreUlr( 4418): WorldUpdater received intent Intent { act=com.google.android.location.reporting.ACTION_UPDATE_WORLD cmp=com.google.android.gms/com.google.android.location.reporting.service.DispatchingService (has extras) } with receiverAction android.intent.action.ACTION_POWER_DISCONNECTED
I/GCoreUlr( 4418): WorldUpdater:android.intent.action.ACTION_POWER_DISCONNECTED: Ensuring that reporting is stopped because of reasons: {account#-6#=[InactiveReason{mVersionCode=0, mIdentifier=6, mName='ReportingNotEnabled'}]}
I/GCoreUlr( 4418): Unbound from all location providers
I/GCoreUlr( 4418): DispatchingService.onDestroy()
I/GCoreUlr( 4418): Unbound from all location providers
I/EntropyMixer(  553): Writing entropy...
I/GAv4    (14349): Google Analytics 7.8.95 is starting up. To enable debug logging on a device run:
I/GAv4    (14349):   adb shell setprop log.tag.GAv4 DEBUG
I/GAv4    (14349):   adb logcat -s GAv4
W/GAv4    (14349): AnalyticsReceiver is not registered or is disabled. Register the receiver for reliable dispatching on non-Google Play devices. See http://goo.gl/8Rd3yj for instructions.
W/GAv4    (14349): CampaignTrackingReceiver is not registered, not exported or is disabled. Installation campaign tracking is not possible. See http://goo.gl/8Rd3yj for instructions.
W/GAv4    (14349): AnalyticsService not registered in the app manifest. Hits might not be delivered reliably. See http://goo.gl/8Rd3yj for instructions.
I/ValidateNoPeople(  553): skipping global notification
I/ValidateNoPeople(  553): skipping global notification
E/NetworkScheduler.SchedulerReceiver( 4275): Invalid parameter app
E/NetworkScheduler.SchedulerReceiver( 4275): Invalid package name : Perhaps you didn't include a PendingIntent in the extras?
I/GCoreUlr( 4418): Starting service, intent=Intent { act=com.google.android.location.reporting.ACTION_UPDATE_WORLD cmp=com.google.android.gms/com.google.android.location.reporting.service.DispatchingService (has extras) }, extras=Bundle[{receiverAction=android.intent.action.ACTION_POWER_CONNECTED}]
I/iu.Environment( 4470): update battery state; isPlugged? true*
I/GCoreUlr( 4418): DispatchingService.onCreate()
I/iu.FingerprintManager( 4470): Start processing all media
I/iu.FingerprintManager( 4470): Start processing media store URI: content://media/external/images/media
I/iu.UploadsManager( 4470): num queued entries: 0
I/iu.UploadsManager( 4470): num updated entries: 0
I/iu.SyncManager( 4470): NEXT; no task
I/art     (  553): Explicit concurrent mark sweep GC freed 111464(5MB) AllocSpace objects, 6(2MB) LOS objects, 33% free, 22MB/33MB, paused 2.075ms total 108.703ms
I/iu.FingerprintManager( 4470): Start processing media store URI: content://media/external/video/media
I/iu.FingerprintManager( 4470): Start processing media store URI: content://media/phoneStorage/images/media
I/iu.FingerprintManager( 4470): Start processing media store URI: content://media/phoneStorage/video/media
I/iu.FingerprintManager( 4470): Finished generating fingerprints; 0.146 seconds
I/iu.FingerprintManager( 4470):   numSeen=25 numGenerated=0 numDeleted=0 numFailed=0
I/PowerConnectionBroadcastReceiver( 4011): onReceive() : Device plugged in. 
I/StatsUtilsManager( 4011): startPeriodStatsRecorder() : Success
I/PeriodicStatsRecorder( 4011): shouldRecordStats() = Too Soon
D/MtpService( 4293): updating state; isCurrentUser=true, mMtpLocked=false
D/MtpService( 4293): addStorageLocked 65537 /storage/emulated/0
D/MtpService( 4293): updating state; isCurrentUser=true, mMtpLocked=false
D/MtpService( 4293): starting MTP server in MTP mode
D/MtpService( 4293): addStorageLocked 65537 /storage/emulated/0
I/GCoreUlr( 4418): WorldUpdater received intent Intent { act=com.google.android.location.reporting.ACTION_UPDATE_WORLD cmp=com.google.android.gms/com.google.android.location.reporting.service.DispatchingService (has extras) } with receiverAction android.intent.action.ACTION_POWER_CONNECTED
I/GCoreUlr( 4418): WorldUpdater:android.intent.action.ACTION_POWER_CONNECTED: Ensuring that reporting is stopped because of reasons: {account#-6#=[InactiveReason{mVersionCode=0, mIdentifier=6, mName='ReportingNotEnabled'}]}
I/GCoreUlr( 4418): Unbound from all location providers
I/GCoreUlr( 4418): DispatchingService.onDestroy()
I/GCoreUlr( 4418): Unbound from all location providers
V/GoogleAuthProtoRequest(14245): [553] a.<init>: mAccountName set to: jonathanandrewguy@gmail.com
I/GLSUser ( 4275): [GLSUser] getTokenFromGoogle [account: <ELLIDED:19331>, callingPkg: com.google.android.apps.gcs, service: oauth2:https://www.googleapis.com/auth/nova
I/GLSUser ( 4275): [GLSUser] IOException in getAuthtoken(<ELLIDED:19331>, oauth2:https://www.googleapis.com/auth/nova) -> exception: Unable to resolve host "android.clients.google.com": No address associated with hostname)
I/GLSUser ( 4275): [GLSUser] getAuthtoken(<ELLIDED:19331>, oauth2:https://www.googleapis.com/auth/nova) -> status: NETWORK_ERROR)
I/GLSUser ( 4275): [GLSUser] Extracting token using key: Auth
W/GLSActivity( 4275): gms.StatusHelper Status from wire: NetworkError status: NETWORK_ERROR
W/ExperimentUpdateService(14245): [553] ExperimentUpdateService.a: Error executing an experiment update request.  Rescheduling.
W/ExperimentUpdateService(14245): [553] ExperimentUpdateService.a: java.util.concurrent.ExecutionException: com.a.a.a: NetworkError
W/ExperimentUpdateService(14245): java.util.concurrent.ExecutionException: com.a.a.a: NetworkError
W/ExperimentUpdateService(14245): 	at com.a.a.a.k.a(SourceFile:117)
W/ExperimentUpdateService(14245): 	at com.a.a.a.k.get(SourceFile:97)
W/ExperimentUpdateService(14245): 	at com.google.android.flib.nova.experiment.ExperimentUpdateService.a(SourceFile:64)
W/ExperimentUpdateService(14245): 	at com.google.android.gms.gcm.c.run(Unknown Source)
W/ExperimentUpdateService(14245): Caused by: com.a.a.a: NetworkError
W/ExperimentUpdateService(14245): 	at com.google.android.flib.a.a.a(SourceFile:170)
W/ExperimentUpdateService(14245): 	at com.a.a.a.g.a(SourceFile:79)
W/ExperimentUpdateService(14245): 	at com.a.a.a.a.a(SourceFile:93)
W/ExperimentUpdateService(14245): 	at com.a.a.k.run(SourceFile:110)
W/ExperimentUpdateService(14245): Caused by: java.io.IOException: NetworkError
W/ExperimentUpdateService(14245): 	at com.google.android.gms.auth.e.a(Unknown Source)
W/ExperimentUpdateService(14245): 	at com.google.android.gms.auth.e.a(Unknown Source)
W/ExperimentUpdateService(14245): 	at com.google.android.flib.a.a.a(SourceFile:162)
W/ExperimentUpdateService(14245): 	... 3 more
D/AndroidRuntime(14428): >>>>>> START com.android.internal.os.RuntimeInit uid 2000 <<<<<<
D/AndroidRuntime(14428): CheckJNI is OFF
D/AndroidRuntime(14428): Calling main entry com.android.commands.pm.Pm
I/ActivityManager(  553): Start proc 14445:com.android.defcontainer/u0a13 for service com.android.defcontainer/.DefaultContainerService
D/Finsky  ( 4675): [1] PackageVerificationReceiver.checkPrerequisites: Skipping verification because network inactive
D/Finsky  ( 4675): [1] PackageVerificationReceiver.checkPrerequisites: Skipping verification because network inactive
D/DefContainer(14445): Copying /data/local/tmp/android-debug.apk to base.apk
W/PackageManager(  553): Invalid verification token 4 received
D/PackageManager(  553): Renaming /data/app/vmdl1267794226.tmp to /data/app/com.ptsteams.teamsmobile-2
I/ActivityManager(  553): Force stopping com.ptsteams.teamsmobile appid=10112 user=-1: uninstall pkg
I/PackageManager(  553): Package com.ptsteams.teamsmobile codePath changed from /data/app/com.ptsteams.teamsmobile-1 to /data/app/com.ptsteams.teamsmobile-2; Retaining data and using new
I/PackageManager(  553): Running dexopt on: /data/app/com.ptsteams.teamsmobile-2/base.apk pkg=com.ptsteams.teamsmobile isa=arm vmSafeMode=false
I/dex2oat (14463): /system/bin/dex2oat --zip-fd=6 --zip-location=/data/app/com.ptsteams.teamsmobile-2/base.apk --oat-fd=7 --oat-location=/data/dalvik-cache/arm/data@app@com.ptsteams.teamsmobile-2@base.apk@classes.dex --instruction-set=arm --instruction-set-features=div --runtime-arg -Xms64m --runtime-arg -Xmx512m --swap-fd=8
I/dex2oat (14463): Decided to run without swap.
I/dex2oat (14463): dex2oat took 827.758ms (threads: 4) arena alloc=89KB java alloc=1247KB native alloc=3MB free=4MB
W/PackageManager(  553): Code path for pkg : com.ptsteams.teamsmobile changing from /data/app/com.ptsteams.teamsmobile-1 to /data/app/com.ptsteams.teamsmobile-2
I/ActivityManager(  553): Force stopping com.ptsteams.teamsmobile appid=10112 user=-1: update pkg
W/PackageManager(  553): Resource path for pkg : com.ptsteams.teamsmobile changing from /data/app/com.ptsteams.teamsmobile-1 to /data/app/com.ptsteams.teamsmobile-2
I/ActivityManager(  553): Force stopping com.ptsteams.teamsmobile appid=10112 user=0: pkg removed
W/ActivityManager(  553): Skipping broadcast of Intent { act=android.intent.action.PACKAGE_REMOVED dat=package:com.ptsteams.teamsmobile flg=0x4000010 (has extras) }: user 10 is stopped
W/ActivityManager(  553): Skipping broadcast of Intent { act=android.intent.action.PACKAGE_ADDED dat=package:com.ptsteams.teamsmobile flg=0x4000010 (has extras) }: user 10 is stopped
I/ActivityManager(  553): Killing 13944:com.google.android.partnersetup/u0a26 (adj 15): empty #17
I/InputReader(  553): Reconfiguring input devices.  changes=0x00000010
I/InputReader(  553): Reconfiguring input devices.  changes=0x00000010
I/InputReader(  553): Reconfiguring input devices.  changes=0x00000010
I/art     ( 3863): Explicit concurrent mark sweep GC freed 7563(395KB) AllocSpace objects, 0(0B) LOS objects, 40% free, 23MB/39MB, paused 14.007ms total 81.207ms
I/art     (13219): Explicit concurrent mark sweep GC freed 4896(289KB) AllocSpace objects, 0(0B) LOS objects, 25% free, 9MB/12MB, paused 396us total 99.365ms
I/art     (  553): Explicit concurrent mark sweep GC freed 110411(6MB) AllocSpace objects, 31(864KB) LOS objects, 33% free, 21MB/32MB, paused 1.892ms total 143.249ms
D/JobSchedulerService(  553): Receieved: android.intent.action.PACKAGE_REMOVED
D/BackupManagerService(  553): Received broadcast Intent { act=android.intent.action.PACKAGE_REMOVED dat=package:com.ptsteams.teamsmobile flg=0x4000010 (has extras) }
D/BackupManagerService(  553): Received broadcast Intent { act=android.intent.action.PACKAGE_ADDED dat=package:com.ptsteams.teamsmobile flg=0x4000010 (has extras) }
W/BackupManagerService(  553): Removing schedule queue dupe of com.ptsteams.teamsmobile
W/ActivityManager(  553): Skipping broadcast of Intent { act=android.intent.action.PACKAGE_REPLACED dat=package:com.ptsteams.teamsmobile flg=0x4000010 (has extras) }: user 10 is stopped
W/ActivityManager(  553): Skipping broadcast of Intent { act=android.intent.action.MY_PACKAGE_REPLACED flg=0x4000010 pkg=com.ptsteams.teamsmobile (has extras) }: user 10 is stopped
W/Settings(  553): Setting install_non_market_apps has moved from android.provider.Settings.Global to android.provider.Settings.Secure, returning read-only value.
I/ActivityManager(  553): Start proc 14489:com.android.keychain/1000 for broadcast com.android.keychain/.KeyChainBroadcastReceiver
V/GLSActivity( 4275): AuthDelegateWrapperCreated with selected intent: Intent { cmp=com.google.android.gms/.auth.DefaultAuthDelegateService }
W/System  ( 4675): Ignoring header User-Agent because its value was null.
W/ContextImpl(14489): Calling a method in the system process without a qualified user: android.app.ContextImpl.startService:1692 android.content.ContextWrapper.startService:516 android.content.ContextWrapper.startService:516 com.android.keychain.KeyChainBroadcastReceiver.onReceive:12 android.app.ActivityThread.handleReceiver:2609 
E/NetworkScheduler.SchedulerReceiver( 4275): Invalid parameter app
E/NetworkScheduler.SchedulerReceiver( 4275): Invalid package name : Perhaps you didn't include a PendingIntent in the extras?
I/art     (  553): Explicit concurrent mark sweep GC freed 12846(619KB) AllocSpace objects, 0(0B) LOS objects, 33% free, 21MB/32MB, paused 1.953ms total 123.718ms
I/ActivityManager(  553): Killing 13151:com.google.android.apps.docs/u0a73 (adj 15): empty #17
I/art     (14428): System.exit called, status: 0
I/AndroidRuntime(14428): VM exiting with result code 0.
D/PackageBroadcastService( 4470): Received broadcast action=android.intent.action.PACKAGE_REMOVED and uri=com.ptsteams.teamsmobile
D/ChimeraCfgMgr( 4470): Loading module com.google.android.gms.games from APK com.google.android.play.games
D/ChimeraModuleLdr( 4470): Module APK com.google.android.play.games already loaded
I/ActivityManager(  553): Start proc 14516:com.google.android.apps.docs/u0a73 for broadcast com.google.android.apps.docs/.receivers.AppPackageAddRemoveReceiver
I/ConfigService( 4275): onCreate
I/ConfigFetchService( 4470): onStartCommand Intent { act=android.intent.action.PACKAGE_REMOVED dat=package:com.ptsteams.teamsmobile cmp=com.google.android.gms/.config.ConfigFetchService (has extras) }
D/AndroidRuntime(14513): >>>>>> START com.android.internal.os.RuntimeInit uid 2000 <<<<<<
D/AndroidRuntime(14513): CheckJNI is OFF
D/AndroidRuntime(14513): Calling main entry com.android.commands.input.Input
I/Input   (14513): injectKeyEvent: KeyEvent { action=ACTION_DOWN, keyCode=KEYCODE_MENU, scanCode=0, metaState=0, flags=0x0, repeatCount=0, eventTime=20391715, downTime=20391715, deviceId=-1, source=0x101 }
I/Input   (14513): injectKeyEvent: KeyEvent { action=ACTION_UP, keyCode=KEYCODE_MENU, scanCode=0, metaState=0, flags=0x0, repeatCount=0, eventTime=20391715, downTime=20391715, deviceId=-1, source=0x101 }
V/WindowManager(  553): Adding window Window{aa83970 u0 AtchDlg:com.android.launcher/com.android.launcher2.Launcher} at 3 of 8 (after Window{1141fa42 u0 com.android.launcher/com.android.launcher2.Launcher})
D/AndroidRuntime(14513): Shutting down VM
I/GAv4    (14516): Google Analytics 7.8.84 is starting up. To enable debug logging on a device run:
I/GAv4    (14516):   adb shell setprop log.tag.GAv4 DEBUG
I/GAv4    (14516):   adb logcat -s GAv4
W/GAv4    (14516): AnalyticsReceiver is not registered or is disabled. Register the receiver for reliable dispatching on non-Google Play devices. See http://goo.gl/8Rd3yj for instructions.
W/GAv4    (14516): CampaignTrackingReceiver is not registered, not exported or is disabled. Installation campaign tracking is not possible. See http://goo.gl/8Rd3yj for instructions.
W/GAv4    (14516): AnalyticsService not registered in the app manifest. Hits might not be delivered reliably. See http://goo.gl/8Rd3yj for instructions.
W/AnalyticsTrackerProxyImpl(14516): Analytics setup for ID UA-21125203-2, app name Drive, version 2.3.283.31.34
W/ResourcesManager(14516): Asset path '/system/framework/com.android.media.remotedisplay.jar' does not exist or contains no resources.
W/ResourcesManager(14516): Asset path '/system/framework/com.android.location.provider.jar' does not exist or contains no resources.
I/ActivityManager(  553): Start proc 14568:com.google.android.partnersetup/u0a26 for broadcast com.google.android.partnersetup/.RlzPingBroadcastReceiver
I/ActivityManager(  553): Killing 13990:com.google.android.apps.cloudprint/u0a80 (adj 15): empty #17
V/JNIHelp (14516): Registering com/google/android/gms/org/conscrypt/NativeCrypto's 227 native methods...
I/ProviderInstaller(14516): Installed default security provider GmsCore_OpenSSL
V/GLSActivity( 4275): AuthDelegateWrapperCreated with selected intent: Intent { cmp=com.google.android.gms/.auth.DefaultAuthDelegateService }
D/AndroidRuntime(14566): >>>>>> START com.android.internal.os.RuntimeInit uid 2000 <<<<<<
D/AndroidRuntime(14566): CheckJNI is OFF
D/GCM     ( 4275): GcmService start Intent { act=com.google.android.gms.gcm.PACKAGE_REPLACED cmp=com.google.android.gms/.gcm.GcmService (has extras) } com.google.android.gms.gcm.PACKAGE_REPLACED
I/ActivityManager(  553): Killing 14014:com.google.android.apps.magazines/u0a38 (adj 15): empty #17
D/AndroidRuntime(14566): Calling main entry com.android.commands.am.Am
E/libprocessgroup(  553): failed to kill 1 processes for processgroup 14014
I/ActivityManager(  553): START u0 {act=android.intent.action.MAIN flg=0x10000000 cmp=com.ptsteams.teamsmobile/.MainActivity} from uid 2000 on display 0
V/WindowManager(  553): addAppToken: AppWindowToken{2f830eff token=Token{3237a61e ActivityRecord{1197ba59 u0 com.ptsteams.teamsmobile/.MainActivity t739}}} to stack=1 task=739 at 0
V/WindowManager(  553): Adding window Window{3f7be1b8 u0 Starting com.ptsteams.teamsmobile} at 4 of 9 (after Window{aa83970 u0 AtchDlg:com.android.launcher/com.android.launcher2.Launcher})
D/PackageBroadcastService( 4470): Received broadcast action=android.intent.action.PACKAGE_ADDED and uri=com.ptsteams.teamsmobile
I/art     (14603): Late-enabling -Xcheck:jni
I/ActivityManager(  553): Start proc 14603:com.ptsteams.teamsmobile/u0a112 for activity com.ptsteams.teamsmobile/.MainActivity
D/ChimeraCfgMgr( 4470): Loading module com.google.android.gms.games from APK com.google.android.play.games
D/ChimeraModuleLdr( 4470): Module APK com.google.android.play.games already loaded
I/ConfigFetchService( 4470): onStartCommand Intent { act=android.intent.action.PACKAGE_ADDED dat=package:com.ptsteams.teamsmobile cmp=com.google.android.gms/.config.ConfigFetchService (has extras) }
I/ConfigFetchService( 4470): launchTask
D/ChimeraCfgMgr( 4470): Loading module com.google.android.gms.games from APK com.google.android.play.games
D/ChimeraModuleLdr( 4470): Module APK com.google.android.play.games already loaded
D/ChimeraCfgMgr( 4470): Loading module com.google.android.gms.vision from APK com.google.android.gms
D/Vision  ( 4470): Received broadcast Intent { act=android.intent.action.PACKAGE_ADDED dat=package:com.ptsteams.teamsmobile flg=0x4000010 cmp=com.google.android.gms/.vision.DependencyBroadcastReceiverProxy (has extras) }
D/Vision  ( 4470): Failed to find package metadata for com.ptsteams.teamsmobile
D/Vision  ( 4470): No vision deps
I/ConfigFetchService( 4470): service connected
D/ConfigFetchService( 4470): ConfigApi connection successful.
I/UpdateIcingCorporaServi(13219): Updating corpora: APPS=com.ptsteams.teamsmobile, CONTACTS=MAYBE
I/WebViewFactory(14603): Loading com.google.android.webview version 44.0.2403.117 (code 240311700)
I/LibraryLoader(14603): Time to load native libraries: 2 ms (timestamps 2622-2624)
I/LibraryLoader(14603): Expected native library version number "",actual native library version number ""
I/ActivityManager(  553): Start proc 14636:com.google.android.apps.cloudprint/u0a80 for broadcast com.google.android.apps.cloudprint/.printdialog.receivers.UpgradeBroadcastReceiver
V/WebViewChromiumFactoryProvider(14603): Binding Chromium to main looper Looper (main, tid 1) {186857b0}
I/LibraryLoader(14603): Expected native library version number "",actual native library version number ""
I/chromium(14603): [INFO:library_loader_hooks.cc(120)] Chromium logging enabled: level = 0, default verbosity = 0
I/BrowserStartupController(14603): Initializing chromium process, singleProcess=true
W/art     (14603): Attempt to remove local handle scope entry from IRT, ignoring
E/SysUtils(14603): ApplicationContext is null in ApplicationStatus
I/UpdateIcingCorporaServi(13219): UpdateCorporaTask done [took 87 ms] updated apps [took 87 ms] 
W/chromium(14603): [WARNING:dns_config_service_posix.cc(297)] Failed to read DnsConfig.
W/chromium(14603): [WARNING:resource_bundle.cc(285)] locale_file_path.empty()
E/libEGL  (14603): validate_display:255 error 3008 (EGL_BAD_DISPLAY)
E/libEGL  (14603): validate_display:255 error 3008 (EGL_BAD_DISPLAY)
I/Adreno-EGL(14603): <qeglDrvAPI_eglInitialize:379>: QUALCOMM Build: 01/15/15, ab0075f, Id3510ff6dc
E/NetworkScheduler.SchedulerReceiver( 4275): Invalid parameter app
E/NetworkScheduler.SchedulerReceiver( 4275): Invalid package name : Perhaps you didn't include a PendingIntent in the extras?
D/PackageBroadcastService( 4470): Received broadcast action=android.intent.action.PACKAGE_REPLACED and uri=com.ptsteams.teamsmobile
D/ChimeraCfgMgr( 4470): Loading module com.google.android.gms.vision from APK com.google.android.gms
D/Vision  ( 4470): Received broadcast Intent { act=android.intent.action.PACKAGE_REPLACED dat=package:com.ptsteams.teamsmobile flg=0x4000010 cmp=com.google.android.gms/.vision.DependencyBroadcastReceiverProxy (has extras) }
D/Vision  ( 4470): Failed to find package metadata for com.ptsteams.teamsmobile
D/Vision  ( 4470): No vision deps
W/AudioManagerAndroid(14603): Requires BLUETOOTH permission
I/ActivityManager(  553): Start proc 14668:com.google.android.apps.magazines/u0a38 for broadcast com.google.android.apps.magazines/com.google.apps.dots.android.app.receiver.FirstInstallNotificationReceiver
I/GAv4    (14668): Google Analytics 7.5.71 is starting up. To enable debug logging on a device run:
I/GAv4    (14668):   adb shell setprop log.tag.GAv4 DEBUG
I/GAv4    (14668):   adb logcat -s GAv4
W/GAv4    (14668): AnalyticsReceiver is not registered or is disabled. Register the receiver for reliable dispatching on non-Google Play devices. See http://goo.gl/8Rd3yj for instructions.
W/GAv4    (14668): CampaignTrackingReceiver is not registered, not exported or is disabled. Installation campaign tracking is not possible. See http://goo.gl/8Rd3yj for instructions.
W/GAv4    (14668): AnalyticsService not registered in the app manifest. Hits might not be delivered reliably. See http://goo.gl/8Rd3yj for instructions.
W/art     (14603): Attempt to remove local handle scope entry from IRT, ignoring
W/AwContents(14603): onDetachedFromWindow called when already detached. Ignoring
D/SystemWebViewEngine(14603): CordovaWebView is running on device made by: asus
W/art     (14603): Attempt to remove local handle scope entry from IRT, ignoring
W/art     (14603): Attempt to remove local handle scope entry from IRT, ignoring
D/OpenGLRenderer(14603): Use EGL_SWAP_BEHAVIOR_PRESERVED: true
D/Atlas   (14603): Validating map...
V/WindowManager(  553): Adding window Window{1068edb6 u0 com.ptsteams.teamsmobile/com.ptsteams.teamsmobile.MainActivity} at 4 of 10 (before Window{3f7be1b8 u0 Starting com.ptsteams.teamsmobile})
I/WebViewFactory(14668): Loading com.google.android.webview version 44.0.2403.117 (code 240311700)
I/LibraryLoader(14668): Time to load native libraries: 1 ms (timestamps 3171-3172)
I/LibraryLoader(14668): Expected native library version number "",actual native library version number ""
V/WebViewChromiumFactoryProvider(14668): Binding Chromium to main looper Looper (main, tid 1) {16703c22}
I/LibraryLoader(14668): Expected native library version number "",actual native library version number ""
I/chromium(14668): [INFO:library_loader_hooks.cc(120)] Chromium logging enabled: level = 0, default verbosity = 0
I/BrowserStartupController(14668): Initializing chromium process, singleProcess=true
W/art     (14668): Attempt to remove local handle scope entry from IRT, ignoring
E/SysUtils(14668): ApplicationContext is null in ApplicationStatus
W/chromium(14668): [WARNING:dns_config_service_posix.cc(297)] Failed to read DnsConfig.
W/chromium(14668): [WARNING:resource_bundle.cc(285)] locale_file_path.empty()
E/libEGL  (14668): validate_display:255 error 3008 (EGL_BAD_DISPLAY)
E/libEGL  (14668): validate_display:255 error 3008 (EGL_BAD_DISPLAY)
I/Adreno-EGL(14668): <qeglDrvAPI_eglInitialize:379>: QUALCOMM Build: 01/15/15, ab0075f, Id3510ff6dc
V/WindowManager(  553): Adding window Window{2b5f2c90 u0 com.ptsteams.teamsmobile/com.ptsteams.teamsmobile.MainActivity} at 4 of 11 (before Window{1068edb6 u0 com.ptsteams.teamsmobile/com.ptsteams.teamsmobile.MainActivity})
W/chromium(14603): [WARNING:data_reduction_proxy_config.cc(423)] SPDY proxy OFF at startup
I/OpenGLRenderer(14603): Initialized EGL, version 1.4
D/OpenGLRenderer(14603): Enabling debug mode 0
W/AudioManagerAndroid(14668): Requires BLUETOOTH permission
I/NSApplication(14668): Starting up...
I/ActivityManager(  553): Killing 14124:com.google.android.talk/u0a30 (adj 15): empty #17
I/Keyboard.Facilitator( 4011): onFinishInput()
I/ActivityManager(  553): Displayed com.ptsteams.teamsmobile/.MainActivity: +1s79ms (total +5h24m17s488ms)
D/AndroidRuntime(14566): Shutting down VM
W/BindingManager(14603): Cannot call determinedVisibility() - never saw a connection for the pid: 14603
I/Icing   ( 4470): Indexing 7995DCFFDD2B70DC3E1A13BEB88741384BD3303C from com.google.android.googlequicksearchbox
I/Icing   ( 4470): Not enough disk space for indexing trimmable
I/Icing   ( 4470): Not enough disk space for indexing trimmable
I/Icing   ( 4470): Indexing done 7995DCFFDD2B70DC3E1A13BEB88741384BD3303C
D/JsMessageQueue(14603): Set native->JS mode to OnlineEventsBridgeMode
W/BindingManager(14603): Cannot call determinedVisibility() - never saw a connection for the pid: 14603
I/chromium(14603): [INFO:CONSOLE(173)] "No Content-Security-Policy meta tag found. Please add one when using the cordova-plugin-whitelist plugin.", source: file:///android_asset/www/plugins/cordova-plugin-console/www/console-via-logger.js (173)
D/CordovaNetworkManager(14603): Connection Type: none
D/CordovaNetworkManager(14603): Connection Extra Info: 
D/PluginManager(14603): exec() call to unknown plugin: Console
I/Keyboard.Facilitator( 4011): onFinishInput()
V/ConfigFetchTask( 4470): ConfigFetchTask getDeviceDataVersionInfo(): ABFEt1XA-fEqewvF_NA-IO_zCLOvIHeU7CtbmV4nmQM58fJlkuNPxumsDuDDyIwMJCZxJOt1J26o67gRx1aAUjGnD-cFOx1yPAGX4j3PVPnLwjHPtUTHXTL_YrsgRpXLkp_ZFvE2kEX5m-yXx3SXksS4kPunFZQ68QimxAGrS_xB9kT-lRxFLE8yr3s1ty4CaK4vgj-XDruX
I/GoogleURLConnFactory( 4470): Using platform SSLCertificateSocketFactory
W/ConfigFetchTask( 4470): exception on config fetch: java.net.UnknownHostException: Unable to resolve host "android.clients.google.com": No address associated with hostname
I/ConfigFetchService( 4470): fetch service done; releasing wakelock
I/ConfigFetchService( 4470): stopping self
I/ActivityManager(  553): Killing 14330:com.android.chrome/u0a9 (adj 15): empty #17
I/InputReader(  553): Reconfiguring input devices.  changes=0x00000010
I/ActivityManager(  553): Start proc 14792:com.google.android.talk/u0a30 for broadcast com.google.android.talk/com.google.android.apps.hangouts.phone.PackageReplacedReceiver
W/ResourcesManager(14792): Asset path '/system/framework/com.google.android.media.effects.jar' does not exist or contains no resources.
D/BackupManagerService(  553): Received broadcast Intent { act=android.intent.action.PACKAGE_CHANGED dat=package:com.google.android.gms flg=0x4000010 (has extras) }
I/BackupManagerService(  553): Unbinding ComponentInfo{com.google.android.gms/com.google.android.gms.backup.BackupTransportService}
I/BackupManagerService(  553): Binding to transport host ComponentInfo{com.google.android.gms/com.google.android.gms.backup.BackupTransportService}
V/BackupManagerService(  553): Connected to transport ComponentInfo{com.google.android.gms/com.google.android.gms.backup.BackupTransportService}
V/BackupManagerService(  553): Registering transport com.google.android.gms/.backup.BackupTransportService::com.google.android.gms/.backup.BackupTransportService = com.android.internal.backup.IBackupTransport$Stub$Proxy@3b5ada9d
V/GmsNetworkLocationProvi( 4418): DISABLE
W/ResourcesManager( 4208): Asset path '/system/framework/com.google.android.maps.jar' does not exist or contains no resources.
W/ResourcesManager( 4208): Asset path '/system/framework/com.google.android.maps.jar' does not exist or contains no resources.
I/Babel_SMS(14792): MmsConfig: mnc/mcc: 310/0
I/Babel_SMS(14792): MmsConfig.loadMmsSettings
I/Babel_SMS(14792): MmsConfig.loadDeviceMmsSettings from API: mUserAgent=, mUaProfUrl=
I/Babel_SMS(14792): MmsConfig.loadFromDatabase
E/Babel_SMS(14792): canonicalizeMccMnc: invalid mccmnc 
I/Babel_SMS(14792): MmsConfig.loadFromResources
E/Babel_SMS(14792): canonicalizeMccMnc: invalid mccmnc nullnull
I/Babel_SMS(14792): MmsConfig.loadMmsSettings: mUserAgent=Hangouts/4.0.100406486, mUaProfUrl=https://ssl.gstatic.com/android/hangouts/hangouts_mms_ua_profile.xml
I/art     (  553): Explicit concurrent mark sweep GC freed 24220(1267KB) AllocSpace objects, 3(48KB) LOS objects, 33% free, 21MB/32MB, paused 1.586ms total 97.412ms
I/Launcher( 4208): Deferring update until onResume
V/GmsNetworkLocationProvi( 4418): onSetRequest: ProviderRequestUnbundled, reportLocation is true and interval is 86400000
V/GmsNetworkLocationProvi( 4418): ENABLE
V/GmsNetworkLocationProvi( 4418): SET-REQUEST
V/GmsNetworkLocationProvi( 4418): in Handler: ProviderRequestUnbundled, reportLocation is true and interval is 86400000
W/Settings(14792): Setting airplane_mode_on has moved from android.provider.Settings.System to android.provider.Settings.Global, returning read-only value.
I/Babel_Crash(14792): startup - clean
I/Babel   (14792): deleted: false for 2
I/Babel_telephony(14792): TeleModule.launchCompleted
W/Telecom (  553): TelecomServiceImpl: null is not visible for the calling user
I/Babel_telephony(14792): TeleModule.updateConnectionManagerRegistration, registration preference changed from false to false
W/Babel   (14792): BAM#gBA: invalid account id: -1
W/Babel   (14792): BAM#gBA: invalid account id: -1
I/Babel_telephony(14792): TeleModule.updateIncomingCallRegistration, preferred account for incoming calls changed from: null to null
W/Telecom (  553): TelecomServiceImpl: null is not visible for the calling user
D/PackageBroadcastService( 4470): Received broadcast action=android.intent.action.PACKAGE_CHANGED and uri=com.google.android.gms
I/PackageBroadcastService( 4470): Null package name or gms related package.  Ignoreing.
I/Icing   ( 4470): updateResources: need to parse f{com.google.android.gms}
I/UpdateIcingCorporaServi(13219): Updating corpora: APPS=com.google.android.gms, CONTACTS=MAYBE
W/VideoCapabilities(14792): Unsupported mime video/mpeg2
I/UpdateIcingCorporaServi(13219): UpdateCorporaTask done [took 54 ms] updated apps [took 54 ms] 
I/VideoCapabilities(14792): Unsupported profile 4 for video/mp4v-es
I/vclib   (14792): onServiceConnected
W/Babel   (14792): Attempted to change video mute state without an active call.
W/ResourcesManager(14792): Asset path '/system/framework/com.android.media.remotedisplay.jar' does not exist or contains no resources.
W/ResourcesManager(14792): Asset path '/system/framework/com.android.location.provider.jar' does not exist or contains no resources.
V/JNIHelp (14792): Registering com/google/android/gms/org/conscrypt/NativeCrypto's 227 native methods...
I/ProviderInstaller(14792): Installed default security provider GmsCore_OpenSSL
I/Babel   (14792): connection state changed from UNKNOWN to DISCONNECTED
I/chromium(14603): [INFO:CONSOLE(173)] "No Content-Security-Policy meta tag found. Please add one when using the cordova-plugin-whitelist plugin.", source: file:///android_asset/www/plugins/cordova-plugin-console/www/console-via-logger.js (173)
D/PluginManager(14603): exec() call to unknown plugin: Console
