I/SystemServiceManager(  553): Starting com.android.server.job.JobSchedulerService
I/SystemServiceManager(  553): Starting com.android.server.backup.BackupManagerService$Lifecycle
I/SystemServiceManager(  553): Starting com.android.server.appwidget.AppWidgetService
I/SystemServiceManager(  553): Starting com.android.server.voiceinteraction.VoiceInteractionManagerService
W/SoundTriggerHelper(  553): listModules status=0, # of modules=0
I/SystemServer(  553): DiskStats Service
I/SystemServer(  553): SamplingProfiler Service
I/SystemServer(  553): NetworkTimeUpdateService
I/SystemServer(  553): CommonTimeManagementService
I/SystemServer(  553): CertBlacklister
I/SystemServiceManager(  553): Starting com.android.server.dreams.DreamManagerService
I/SystemServer(  553): Assets Atlas Service
I/SystemServiceManager(  553): Starting com.android.server.print.PrintManagerService
I/SystemServiceManager(  553): Starting com.android.server.restrictions.RestrictionsManagerService
I/SystemServiceManager(  553): Starting com.android.server.media.MediaSessionService
I/SystemServer(  553): Media Router Service
I/SystemServiceManager(  553): Starting com.android.server.trust.TrustManagerService
I/SystemServiceManager(  553): Starting com.android.server.fingerprint.FingerprintService
I/SystemServer(  553): BackgroundDexOptService
I/SystemServiceManager(  553): Starting com.android.server.pm.LauncherAppsService
I/SystemServiceManager(  553): Starting com.android.server.media.projection.MediaProjectionManagerService
I/SystemServiceManager(  553): Starting com.android.server.MmsServiceBroker
I/SystemServiceManager(  553): Starting phase 480
I/SystemServiceManager(  553): Starting phase 500
I/WifiService(  553): WifiService starting up with Wi-Fi enabled
D/WifiService(  553): setWifiEnabled: true pid=553, uid=1000
E/WifiService(  553): Invoking mWifiStateMachine.setWifiEnabled
D/WifiService(  553): New client listening to asynchronous messages
D/WifiScanningService(  553): New client, channel: null messenger: null
D/ConnectivityService(  553): Got NetworkFactory Messenger for Ethernet
I/ActivityManager(  553): Config changes=200 {1.0 ?mcc?mnc en_US ?layoutDir sw600dp w600dp h887dp 320dpi lrg port finger -keyb/v/h -nav/h s.5}
D/BackupManagerService(  553): Now staging backup of com.skype.raider
D/BackupManagerService(  553): Now staging backup of com.google.android.googlequicksearchbox
D/BackupManagerService(  553): Now staging backup of com.android.vending
D/BackupManagerService(  553): Now staging backup of com.google.android.marvin.talkback
D/BackupManagerService(  553): Now staging backup of android
D/BackupManagerService(  553): Now staging backup of com.android.nfc
D/BackupManagerService(  553): Now staging backup of com.google.android.gm
D/BackupManagerService(  553): Now staging backup of com.android.providers.settings
D/BackupManagerService(  553): Now staging backup of com.android.sharedstoragebackup
D/BackupManagerService(  553): Now staging backup of com.google.android.calendar
D/BackupManagerService(  553): Now staging backup of com.google.android.maps.mytracks
D/BackupManagerService(  553): Now staging backup of com.google.android.talk
D/BackupManagerService(  553): Now staging backup of com.android.providers.userdictionary
D/BackupManagerService(  553): Now staging backup of com.google.android.inputmethod.latin
V/BackupManagerService(  553): Starting with transport com.google.android.gms/.backup.BackupTransportService
V/BackupManagerService(  553): Found transports: 2
I/BackupManagerService(  553): Binding to transport host ComponentInfo{android/com.android.internal.backup.LocalTransportService}
I/BackupManagerService(  553): Binding to transport host ComponentInfo{com.google.android.gms/com.google.android.gms.backup.BackupTransportService}
I/BackupManagerService(  553): Found stale backup journal, scheduling
I/DisplayManagerService(  553): Display device changed: DisplayDeviceInfo{"Built-in Screen": uniqueId="local:0", 1200 x 1920, 60.0 fps, supportedRefreshRates [60.0], density 320, 320.842 x 322.966 dpi, appVsyncOff 0, presDeadline 17666667, touch INTERNAL, rotation 0, type BUILT_IN, state ON, FLAG_DEFAULT_DISPLAY, FLAG_ROTATES_WITH_CONTENT, FLAG_SECURE, FLAG_SUPPORTS_PROTECTED_BUFFERS}
D/TaskPersister(  553): removeObsoleteFile: deleting file=730_task_thumbnail.png
I/ActivityManager(  553): Sending system update to ComponentInfo{com.android.providers.calendar/com.android.providers.calendar.CalendarUpgradeReceiver} for user 0
I/ActivityManager(  553): Sending system update to ComponentInfo{com.android.providers.calendar/com.android.providers.calendar.CalendarUpgradeReceiver} for user 10
I/ActivityManager(  553): Sending system update to ComponentInfo{com.android.managedprovisioning/com.android.managedprovisioning.PreBootListener} for user 0
I/ActivityManager(  553): Sending system update to ComponentInfo{com.android.managedprovisioning/com.android.managedprovisioning.PreBootListener} for user 10
I/ActivityManager(  553): Sending system update to ComponentInfo{com.android.providers.media/com.android.providers.media.MediaUpgradeReceiver} for user 0
I/ActivityManager(  553): Sending system update to ComponentInfo{com.android.providers.media/com.android.providers.media.MediaUpgradeReceiver} for user 10
I/ActivityManager(  553): Sending system update to ComponentInfo{com.google.android.nfcprovision/com.google.android.nfcprovision.UpgradeReceiver} for user 0
I/ActivityManager(  553): Sending system update to ComponentInfo{com.google.android.nfcprovision/com.google.android.nfcprovision.UpgradeReceiver} for user 10
I/ActivityManager(  553): Sending system update to ComponentInfo{com.android.settings/com.android.settings.ManagedProfileSetup} for user 0
I/ActivityManager(  553): Sending system update to ComponentInfo{com.android.settings/com.android.settings.ManagedProfileSetup} for user 10
I/ActivityManager(  553): Sending system update to ComponentInfo{com.google.android.googlequicksearchbox/com.google.android.apps.gsa.googlequicksearchbox.GelStubAppWatcher} for user 0
I/ActivityManager(  553): Sending system update to ComponentInfo{com.google.android.googlequicksearchbox/com.google.android.apps.gsa.googlequicksearchbox.GelStubAppWatcher} for user 10
V/ActivityManager(  553): Display changed displayId=0
V/ActivityManager(  553): Display changed displayId=0
I/ActivityManager(  553): Start proc 3589:com.android.providers.calendar/u0a7 for broadcast com.android.providers.calendar/.CalendarUpgradeReceiver
D/NotificationService(  553): handleSavePolicyFile
I/ActivityManager(  553): Launching preboot mode app: ProcessRecord{3a21773b 3589:com.android.providers.calendar/u0a7}
V/ActivityManager(  553): Display changed displayId=0
V/BackupManagerService(  553): Connected to transport ComponentInfo{android/com.android.internal.backup.LocalTransportService}
V/BackupManagerService(  553): Registering transport android/com.android.internal.backup.LocalTransportService::android/com.android.internal.backup.LocalTransport = android.app.backup.BackupTransport$TransportImpl@2535ee58
W/ResourcesManager( 3589): Asset path '/system/framework/android.test.runner.jar' does not exist or contains no resources.
I/ActivityManager(  553): Start proc 3607:com.android.providers.calendar/u10a7 for broadcast com.android.providers.calendar/.CalendarUpgradeReceiver
I/ActivityManager(  553): Launching preboot mode app: ProcessRecord{36a57bb1 3607:com.android.providers.calendar/u10a7}
W/ResourcesManager( 3607): Asset path '/system/framework/android.test.runner.jar' does not exist or contains no resources.
I/ActivityManager(  553): Start proc 3629:com.android.managedprovisioning/u0a107 for broadcast com.android.managedprovisioning/.PreBootListener
I/ActivityManager(  553): Launching preboot mode app: ProcessRecord{c0bc896 3629:com.android.managedprovisioning/u0a107}
I/ActivityManager(  553): Start proc 3646:com.android.managedprovisioning/u10a107 for broadcast com.android.managedprovisioning/.PreBootListener
I/ActivityManager(  553): Launching preboot mode app: ProcessRecord{32264c17 3646:com.android.managedprovisioning/u10a107}
I/ActivityManager(  553): Start proc 3664:android.process.media/u0a15 for broadcast com.android.providers.media/.MediaUpgradeReceiver
I/ActivityManager(  553): Launching preboot mode app: ProcessRecord{36479804 3664:android.process.media/u0a15}
I/ActivityManager(  553): Start proc 3682:android.process.media/u10a15 for broadcast com.android.providers.media/.MediaUpgradeReceiver
I/ActivityManager(  553): Launching preboot mode app: ProcessRecord{153992b3 3682:android.process.media/u10a15}
I/ActivityManager(  553): Start proc 3700:com.google.android.nfcprovision/u0a43 for broadcast com.google.android.nfcprovision/.UpgradeReceiver
I/ActivityManager(  553): Launching preboot mode app: ProcessRecord{3da83070 3700:com.google.android.nfcprovision/u0a43}
I/ActivityManager(  553): Start proc 3718:com.google.android.nfcprovision/u10a43 for broadcast com.google.android.nfcprovision/.UpgradeReceiver
I/ActivityManager(  553): Launching preboot mode app: ProcessRecord{25feefe9 3718:com.google.android.nfcprovision/u10a43}
I/ActivityManager(  553): Start proc 3736:com.android.settings/1000 for broadcast com.android.settings/.ManagedProfileSetup
I/ActivityManager(  553): Launching preboot mode app: ProcessRecord{11db546e 3736:com.android.settings/1000}
I/ActivityManager(  553): Start proc 3753:com.android.settings/u10s1000 for broadcast com.android.settings/.ManagedProfileSetup
I/ActivityManager(  553): Launching preboot mode app: ProcessRecord{2930a70f 3753:com.android.settings/u10s1000}
I/ActivityManager(  553): Start proc 3770:com.google.android.googlequicksearchbox:search/u0a57 for broadcast com.google.android.googlequicksearchbox/com.google.android.apps.gsa.googlequicksearchbox.GelStubAppWatcher
I/ActivityManager(  553): Launching preboot mode app: ProcessRecord{2137e39c 3770:com.google.android.googlequicksearchbox:search/u0a57}
I/ActivityManager(  553): Start proc 3788:com.google.android.googlequicksearchbox:search/u10a57 for broadcast com.google.android.googlequicksearchbox/com.google.android.apps.gsa.googlequicksearchbox.GelStubAppWatcher
I/ActivityManager(  553): Launching preboot mode app: ProcessRecord{12cda1a5 3788:com.google.android.googlequicksearchbox:search/u10a57}
I/AppOps  (  553): Pruning old package media/1013: new uid=-1
I/ActivityManager(  553): Removing system update proc: ProcessRecord{3a21773b 3589:com.android.providers.calendar/u0a7}
I/ActivityManager(  553): Killing 3589:com.android.providers.calendar/u0a7 (adj 13): system update done
I/ActivityManager(  553): Removing system update proc: ProcessRecord{36a57bb1 3607:com.android.providers.calendar/u10a7}
I/ActivityManager(  553): Killing 3607:com.android.providers.calendar/u10a7 (adj 13): system update done
I/ActivityManager(  553): Removing system update proc: ProcessRecord{c0bc896 3629:com.android.managedprovisioning/u0a107}
I/ActivityManager(  553): Killing 3629:com.android.managedprovisioning/u0a107 (adj 13): system update done
I/ActivityManager(  553): Removing system update proc: ProcessRecord{32264c17 3646:com.android.managedprovisioning/u10a107}
I/ActivityManager(  553): Killing 3646:com.android.managedprovisioning/u10a107 (adj 13): system update done
I/ActivityManager(  553): Removing system update proc: ProcessRecord{36479804 3664:android.process.media/u0a15}
I/ActivityManager(  553): Killing 3664:android.process.media/u0a15 (adj 11): system update done
I/ActivityManager(  553): Removing system update proc: ProcessRecord{153992b3 3682:android.process.media/u10a15}
I/ActivityManager(  553): Killing 3682:android.process.media/u10a15 (adj 11): system update done
I/ActivityManager(  553): Removing system update proc: ProcessRecord{3da83070 3700:com.google.android.nfcprovision/u0a43}
I/ActivityManager(  553): Killing 3700:com.google.android.nfcprovision/u0a43 (adj 11): system update done
I/ActivityManager(  553): Removing system update proc: ProcessRecord{25feefe9 3718:com.google.android.nfcprovision/u10a43}
I/ActivityManager(  553): Killing 3718:com.google.android.nfcprovision/u10a43 (adj 11): system update done
I/ActivityManager(  553): Removing system update proc: ProcessRecord{11db546e 3736:com.android.settings/1000}
I/ActivityManager(  553): Killing 3736:com.android.settings/1000 (adj 9): system update done
I/ActivityManager(  553): Removing system update proc: ProcessRecord{2930a70f 3753:com.android.settings/u10s1000}
I/ActivityManager(  553): Killing 3753:com.android.settings/u10s1000 (adj 9): system update done
I/ActivityManager(  553): Removing system update proc: ProcessRecord{2137e39c 3770:com.google.android.googlequicksearchbox:search/u0a57}
I/ActivityManager(  553): Killing 3770:com.google.android.googlequicksearchbox:search/u0a57 (adj 9): system update done
I/ActivityManager(  553): Removing system update proc: ProcessRecord{12cda1a5 3788:com.google.android.googlequicksearchbox:search/u10a57}
I/ActivityManager(  553): Killing 3788:com.google.android.googlequicksearchbox:search/u10a57 (adj 9): system update done
I/ActivityManager(  553): System now ready
W/ActivityManager(  553): Spurious death for ProcessRecord{36a57bb1 3607:com.android.providers.calendar/u10a7}, curProc for 3607: null
W/ActivityManager(  553): Spurious death for ProcessRecord{3a21773b 3589:com.android.providers.calendar/u0a7}, curProc for 3589: null
W/ActivityManager(  553): Spurious death for ProcessRecord{32264c17 3646:com.android.managedprovisioning/u10a107}, curProc for 3646: null
W/ActivityManager(  553): Spurious death for ProcessRecord{36479804 3664:android.process.media/u0a15}, curProc for 3664: null
W/ActivityManager(  553): Spurious death for ProcessRecord{153992b3 3682:android.process.media/u10a15}, curProc for 3682: null
W/ActivityManager(  553): Spurious death for ProcessRecord{3da83070 3700:com.google.android.nfcprovision/u0a43}, curProc for 3700: null
W/ActivityManager(  553): Spurious death for ProcessRecord{25feefe9 3718:com.google.android.nfcprovision/u10a43}, curProc for 3718: null
W/ActivityManager(  553): Spurious death for ProcessRecord{11db546e 3736:com.android.settings/1000}, curProc for 3736: null
W/ActivityManager(  553): Spurious death for ProcessRecord{2930a70f 3753:com.android.settings/u10s1000}, curProc for 3753: null
W/ActivityManager(  553): Spurious death for ProcessRecord{2137e39c 3770:com.google.android.googlequicksearchbox:search/u0a57}, curProc for 3770: null
W/ActivityManager(  553): Spurious death for ProcessRecord{12cda1a5 3788:com.google.android.googlequicksearchbox:search/u10a57}, curProc for 3788: null
W/ActivityManager(  553): Spurious death for ProcessRecord{c0bc896 3629:com.android.managedprovisioning/u0a107}, curProc for 3629: null
I/SystemServer(  553): Making services ready
I/SystemServiceManager(  553): Starting phase 550
I/SystemServer(  553): WebViewFactory preparation
I/Telecom (  553): TelecomGlobals: TelecomGlobals initializing
I/ActivityManager(  553): Start proc 3824:WebViewLoader-armeabi-v7a/1037 [android.webkit.WebViewFactory$RelroFileCreator] for 
I/ActivityManager(  553): Start proc 3845:android.process.acore/u0a0 for content provider com.android.providers.contacts/.CallLogProvider
I/ActivityManager(  553): Start proc 3863:com.android.systemui/u0a77 for service com.android.systemui/.SystemUIService
W/MountService(  553): Duplicate state transition (mounted -> mounted) for /storage/emulated/0
W/MountService(  553): Duplicate state transition (mounted -> mounted) for /storage/emulated/10
D/NetworkManagementService(  553): enabling bandwidth control
I/Telecom (  553): TelecomGlobals: CallsManager initialized
W/ContextImpl(  553): Calling a method in the system process without a qualified user: android.app.ContextImpl.startService:1692 android.content.ContextWrapper.startService:516 com.android.server.telecom.BluetoothPhoneService.start:440 com.android.server.telecom.TelecomGlobals.initialize:93 com.android.server.telecom.TelecomService.onCreate:164 
I/ValidateNoPeople(  553): skipping global notification
I/ValidateNoPeople(  553): skipping global notification
V/FingerprintService(  553): startListening(android.service.fingerprint.IFingerprintServiceReceiver$Stub$Proxy@d031663)
I/StatusBarManagerService(  553): registerStatusBar bar=com.android.internal.statusbar.IStatusBar$Stub$Proxy@25557d80
I/SystemServiceManager(  553): Starting phase 600
I/BackupManagerService(  553): Backup enabled => true
I/ActivityManager(  553): Start proc 3990:com.google.android.googlequicksearchbox:interactor/u0a57 for service com.google.android.googlequicksearchbox/com.google.android.voiceinteraction.GsaVoiceInteractionService
E/InputMethodManagerService(  553): Ignoring setImeWindowStatus due to an invalid token. uid:1000 token:null
I/ActivityManager(  553): Start proc 4011:com.google.android.inputmethod.latin/u0a34 for service com.google.android.inputmethod.latin/com.android.inputmethod.latin.LatinIME
V/InputMethodManagerService(  553): Adding window token: android.os.Binder@3704d741
I/ActivityManager(  553): Start proc 4032:com.google.android.googlequicksearchbox:search/u0a57 for service com.google.android.googlequicksearchbox/com.google.android.hotword.service.HotwordService
D/ConnectivityService(  553): Got NetworkFactory Messenger for WIFI
D/ConnectivityService(  553): Got NetworkFactory Messenger for WIFI_UT
E/LocationManagerService(  553): Hardware Activity-Recognition not supported.
V/WiredAccessoryManager(  553): init()
I/MmsServiceBroker(  553): Delay connecting to MmsService until an API is called
I/ActivityManager(  553): Start proc 4129:com.android.nfc/1027 for added application com.android.nfc
I/ActivityManager(  553): Start proc 4159:com.nuance.xt9.input/u0a62 for added application com.nuance.xt9.input
I/ActivityManager(  553): Start proc 4184:com.android.phone/1001 for added application com.android.phone
I/ActivityManager(  553): START u0 {act=android.intent.action.MAIN cat=[android.intent.category.HOME] flg=0x10000000 cmp=com.android.launcher/com.android.launcher2.Launcher} from uid 0 on display 0
V/WindowManager(  553): addAppToken: AppWindowToken{690a269 token=Token{147f1cf0 ActivityRecord{b9e6133 u0 com.android.launcher/com.android.launcher2.Launcher t732}}} to stack=0 task=732 at 0
I/ActivityManager(  553): Start proc 4208:com.android.launcher/u0a35 for activity com.android.launcher/com.android.launcher2.Launcher
I/ActivityManager(  553): Start proc 4234:com.android.printspooler/u0a86 for service com.android.printspooler/.model.PrintSpoolerService
I/ActivityManager(  553): Start proc 4255:com.google.android.partnersetup/u0a26 for content provider com.google.android.partnersetup/.RlzAppProvider
I/ActivityManager(  553): Start proc 4275:com.google.process.gapps/u0a21 for content provider com.google.android.gsf/.settings.GoogleSettingsProvider
I/ActivityManager(  553): Start proc 4293:android.process.media/u0a15 for broadcast com.android.providers.media/.MtpReceiver
V/ActivityManager(  553): Display changed displayId=0
W/KeyphraseEnrollmentInfo( 3990): Enrollment application doesn't support keyphrases
D/WifiService(  553): New client listening to asynchronous messages
W/ResourcesManager(  553): Asset path '/system/framework/com.google.android.media.effects.jar' does not exist or contains no resources.
D/ConnectivityService(  553): listenForNetwork for NetworkRequest [ id=2, legacyType=-1, [] ]
W/ResourcesManager(  553): Asset path '/system/framework/com.google.android.maps.jar' does not exist or contains no resources.
W/ResourcesManager(  553): Asset path '/system/framework/com.google.android.maps.jar' does not exist or contains no resources.
I/ActivityManager(  553): Start proc 4359:com.skype.raider/u0a74 for broadcast com.skype.raider/com.skype.android.audio.BluetoothReceiver
W/ResourcesManager( 4275): Asset path '/system/framework/com.android.media.remotedisplay.jar' does not exist or contains no resources.
W/ResourcesManager( 4275): Asset path '/system/framework/com.android.location.provider.jar' does not exist or contains no resources.
E/ConnectivityService(  553): Failed to find Messenger in unregisterNetworkFactory
D/ConnectivityService(  553): Got NetworkFactory Messenger for Telephony
W/ResourcesManager( 4208): Asset path '/system/framework/com.google.android.media.effects.jar' does not exist or contains no resources.
W/ResourcesManager( 4208): Asset path '/system/framework/com.google.android.maps.jar' does not exist or contains no resources.
D/WifiService(  553): New client listening to asynchronous messages
W/ResourcesManager( 4208): Asset path '/system/framework/com.google.android.maps.jar' does not exist or contains no resources.
V/WindowManager(  553): Based on layer: Adding window Window{18e72ed9 u0 com.android.launcher/com.android.launcher2.Launcher} at 0 of 2
W/ResourcesManager( 4208): Asset path '/system/framework/com.google.android.maps.jar' does not exist or contains no resources.
E/ActivityManager(  553): Unable to mark boot complete for abi: armeabi-v7a
I/SystemServiceManager(  553): Starting phase 1000
I/ActivityManager(  553): Start proc 4418:com.google.android.gms.persistent/u0a21 for on-hold
W/KeyguardServiceDelegate(  553): onScreenTurnedOn(): no keyguard service!
W/ResourcesManager( 4418): Asset path '/system/framework/com.android.media.remotedisplay.jar' does not exist or contains no resources.
W/ResourcesManager( 4418): Asset path '/system/framework/com.android.location.provider.jar' does not exist or contains no resources.
V/BackupManagerService(  553): Connected to transport ComponentInfo{com.google.android.gms/com.google.android.gms.backup.BackupTransportService}
V/BackupManagerService(  553): Registering transport com.google.android.gms/.backup.BackupTransportService::com.google.android.gms/.backup.BackupTransportService = com.android.internal.backup.IBackupTransport$Stub$Proxy@20202bd
I/ActivityManager(  553): Start proc 4470:com.google.android.gms/u0a21 for service com.google.android.gms/.usagereporting.service.UsageReportingService
W/ResourcesManager( 4470): Asset path '/system/framework/com.android.media.remotedisplay.jar' does not exist or contains no resources.
W/ResourcesManager( 4470): Asset path '/system/framework/com.android.location.provider.jar' does not exist or contains no resources.
D/WifiService(  553): New client listening to asynchronous messages
W/WindowManager(  553): Keyguard drawn timeout. Setting mKeyguardDrawComplete
I/ActivityManager(  553): Start proc 4500:com.google.android.gms.wearable/u0a21 for service com.google.android.gms/.wearable.service.WearableService
W/ResourcesManager( 4500): Asset path '/system/framework/com.android.media.remotedisplay.jar' does not exist or contains no resources.
W/ResourcesManager( 4500): Asset path '/system/framework/com.android.location.provider.jar' does not exist or contains no resources.
D/WifiService(  553): New client listening to asynchronous messages
D/VoldCmdListener(  178): cryptfs getpw
D/VoldCmdListener(  178): cryptfs clearpw
W/ResourcesManager( 4032): Asset path '/system/framework/com.google.android.media.effects.jar' does not exist or contains no resources.
D/WifiService(  553): New client listening to asynchronous messages
D/WifiService(  553): acquireWifiLockLocked: WifiLock{NlpWifiLock type=2 binder=android.os.BinderProxy@3867dc56}
D/WifiService(  553): releaseWifiLockLocked: WifiLock{NlpWifiLock type=2 binder=android.os.BinderProxy@3867dc56}
I/ActivityManager(  553): Start proc 4611:com.google.android.apps.maps/u0a39 for broadcast com.google.android.apps.maps/com.google.android.apps.gmm.iamhere.ble.StartBleServiceReceiver
W/ResourcesManager( 4470): Asset path '/system/framework/com.google.widevine.software.drm.jar' does not exist or contains no resources.
I/ActivityManager(  553): Start proc 4653:com.android.settings/1000 for broadcast com.android.settings/.widget.SettingsAppWidgetProvider
D/WifiService(  553): New client listening to asynchronous messages
I/ActivityManager(  553): Start proc 4675:com.android.vending/u0a49 for broadcast com.android.vending/com.google.android.finsky.widget.recommendation.RecommendedWidgetProvider
I/ActivityManager(  553): Start proc 4716:com.google.android.gms:car/u0a21 for service com.google.android.gms/.car.CarService
W/ResourcesManager( 4716): Asset path '/system/framework/com.android.media.remotedisplay.jar' does not exist or contains no resources.
W/ResourcesManager( 4716): Asset path '/system/framework/com.android.location.provider.jar' does not exist or contains no resources.
I/ActivityManager(  553): Start proc 4739:com.fox.now/u0a130 for broadcast com.fox.now/com.google.sample.castcompanionlibrary.remotecontrol.VideoIntentReceiver
I/ActivityManager(  553): Start proc 4831:com.android.keychain/1000 for service com.android.keychain/.KeyChainService
I/BootReceiver(  553): Copying /proc/last_kmsg to DropBox (SYSTEM_LAST_KMSG)
I/ActivityManager(  553): Start proc 4857:com.android.providers.calendar/u0a7 for broadcast com.android.providers.calendar/.CalendarReceiver
W/ResourcesManager( 4857): Asset path '/system/framework/android.test.runner.jar' does not exist or contains no resources.
I/BootReceiver(  553): Copying /cache/recovery/last_kmsg to DropBox (SYSTEM_RECOVERY_KMSG)
I/BootReceiver(  553): Copying audit failures to DropBox
I/BootReceiver(  553): Copied 318 worth of audits to DropBox
I/BootReceiver(  553): Checking for fsck errors
I/ActivityManager(  553): Start proc 4880:com.google.android.onetimeinitializer/u0a25 for broadcast com.google.android.onetimeinitializer/.OneTimeInitializerReceiver
I/ActivityManager(  553): Start proc 4907:com.android.managedprovisioning/u0a107 for broadcast com.android.managedprovisioning/.BootReminder
I/ActivityManager(  553): Config changes=1 {1.0 310mcc?mnc en_US ?layoutDir sw600dp w600dp h887dp 320dpi lrg port finger -keyb/v/h -nav/h s.6}
I/ActivityManager(  553): Start proc 4934:com.google.android.nfcprovision/u0a43 for broadcast com.google.android.nfcprovision/.BootReceiver
W/ResourcesManager( 4208): Asset path '/system/framework/com.google.android.media.effects.jar' does not exist or contains no resources.
W/ResourcesManager( 4208): Asset path '/system/framework/com.google.android.maps.jar' does not exist or contains no resources.
I/ActivityManager(  553): Start proc 4956:com.google.android.apps.gcs/u0a101 for broadcast com.google.android.apps.gcs/.receiver.BootCompletedReceiver
V/WindowManager(  553): Based on layer: Adding window Window{1141fa42 u0 com.android.launcher/com.android.launcher2.Launcher} at 1 of 6
I/ActivityManager(  553): Start proc 4986:com.google.android.configupdater/u0a10 for broadcast com.google.android.configupdater/.CertPin.CertPinUpdateRequestReceiver
I/WindowManager(  553): Screen frozen for +482ms due to AppWindowToken{690a269 token=Token{147f1cf0 ActivityRecord{b9e6133 u0 com.android.launcher/com.android.launcher2.Launcher t732}}}
I/ActivityManager(  553): Start proc 5020:com.google.android.talk/u0a30 for broadcast com.google.android.talk/com.google.android.apps.hangouts.service.BootReceiver
W/ResourcesManager( 5020): Asset path '/system/framework/com.google.android.media.effects.jar' does not exist or contains no resources.
I/ActivityManager(  553): Killing 4359:com.skype.raider/u0a74 (adj 15): empty #17
D/WifiService(  553): Client connection lost with reason: 4
W/Telecom (  553): TelecomServiceImpl: null is not visible for the calling user
W/Telecom (  553): TelecomServiceImpl: null is not visible for the calling user
I/ActivityManager(  553): Start proc 5050:com.google.android.gm/u0a20 for broadcast com.google.android.gm/.GoogleMailDeviceStartupReceiver
I/ActivityManager(  553): Killing 4234:com.android.printspooler/u0a86 (adj 15): empty #17
D/ActivityThread( 5050): Loading provider com.google.android.gmail.provider;com.android.mail.notifier;com.google.android.gm.email.provider;com.google.android.gm.email.notifier: com.android.email.provider.EmailProvider
I/ActivityManager(  553): Start proc 5076:com.google.android.gm.exchange/u0a118 for service com.google.android.gm.exchange/com.android.exchange.service.EasService
W/ActivityManager(  553): Unable to start service Intent { cmp=com.google.android.gm/com.android.email.service.AttachmentService } U=0: not found
I/ActivityManager(  553): Killing 4611:com.google.android.apps.maps/u0a39 (adj 15): empty #17
I/ActivityManager(  553): Start proc 5116:com.google.android.keep/u0a32 for broadcast com.google.android.keep/.notification.AlertReceiver
I/ActivityManager(  553): Start proc 5146:com.google.android.youtube/u0a63 for broadcast com.google.android.youtube/com.google.android.libraries.youtube.upload.service.UploadService$BootReceiver
I/ActivityManager(  553): Killing 4739:com.fox.now/u0a130 (adj 15): empty #17
W/ResourcesManager( 5146): Asset path '/system/framework/com.android.media.remotedisplay.jar' does not exist or contains no resources.
W/ResourcesManager( 5146): Asset path '/system/framework/com.android.location.provider.jar' does not exist or contains no resources.
I/ActivityManager(  553): Killing 4032:com.google.android.googlequicksearchbox:search/u0a57 (adj 15): empty #17
I/ActivityManager(  553): Start proc 5236:com.google.android.deskclock/u0a14 for broadcast com.google.android.deskclock/com.android.deskclock.AlarmInitReceiver
I/ActivityManager(  553): Killing 4831:com.android.keychain/1000 (adj 15): empty #17
I/ActivityManager(  553): Killing 4857:com.android.providers.calendar/u0a7 (adj 15): empty #17
I/ActivityManager(  553): Start proc 5325:com.google.android.calendar/u0a6 for broadcast com.google.android.calendar/com.android.calendar.alerts.AlertReceiver
I/ActivityManager(  553): Start proc 5350:com.android.providers.calendar/u0a7 for content provider com.android.providers.calendar/.CalendarProvider2
W/ResourcesManager( 5350): Asset path '/system/framework/android.test.runner.jar' does not exist or contains no resources.
I/ActivityManager(  553): Start proc 5372:com.google.android.inputmethod.korean/u0a33 for broadcast com.google.android.inputmethod.korean/com.google.android.apps.inputmethod.libs.framework.core.LauncherIconVisibilityInitializer
I/ActivityManager(  553): Killing 4880:com.google.android.onetimeinitializer/u0a25 (adj 15): empty #17
I/ActivityManager(  553): Start proc 5396:com.google.android.apps.maps/u0a39 for broadcast com.google.android.apps.maps/com.google.android.apps.gmm.iamhere.ble.StartBleServiceReceiver
I/ActivityManager(  553): Killing 4907:com.android.managedprovisioning/u0a107 (adj 15): empty #17
I/EntropyMixer(  553): Writing entropy...
I/ValidateNoPeople(  553): skipping global notification
I/ValidateNoPeople(  553): skipping global notification
I/ActivityManager(  553): Start proc 5434:com.google.android.inputmethod.pinyin/u0a27 for broadcast com.google.android.inputmethod.pinyin/com.google.android.apps.inputmethod.libs.framework.core.LauncherIconVisibilityInitializer
I/ActivityManager(  553): Killing 4255:com.google.android.partnersetup/u0a26 (adj 15): empty #17
I/ActivityManager(  553): Killing 4934:com.google.android.nfcprovision/u0a43 (adj 15): empty #17
I/ActivityManager(  553): Start proc 5453:com.google.android.googlequicksearchbox:search/u0a57 for broadcast com.google.android.googlequicksearchbox/com.google.android.search.core.StartUpReceiver
I/ActivityManager(  553): Killing 4653:com.android.settings/1000 (adj 15): empty #17
D/WifiService(  553): Client connection lost with reason: 4
I/ActivityManager(  553): Start proc 5475:com.google.android.partnersetup/u0a26 for content provider com.google.android.partnersetup/.RlzAppProvider
D/WifiService(  553): New client listening to asynchronous messages
I/ActivityManager(  553): Killing 4986:com.google.android.configupdater/u0a10 (adj 15): empty #17
I/ActivityManager(  553): Killing 4956:com.google.android.apps.gcs/u0a101 (adj 15): empty #18
I/ActivityManager(  553): Start proc 5508:com.skype.raider/u0a74 for broadcast com.skype.raider/com.skype.android.push.RegisterReceiver
D/WifiService(  553): New client listening to asynchronous messages
I/ActivityManager(  553): Start proc 5567:com.google.android.maps.mytracks/u0a67 for broadcast com.google.android.maps.mytracks/com.google.android.apps.mytracks.BootReceiver
I/ActivityManager(  553): Killing 3845:android.process.acore/u0a0 (adj 15): empty #17
I/ActivityManager(  553): Start proc 5620:com.google.android.music:main/u0a41 for broadcast com.google.android.music/.store.MediaStoreImportService$Receiver
W/ResourcesManager( 5620): Asset path '/system/framework/com.android.media.remotedisplay.jar' does not exist or contains no resources.
W/ResourcesManager( 5620): Asset path '/system/framework/com.android.location.provider.jar' does not exist or contains no resources.
I/ActivityManager(  553): Start proc 5663:com.android.chrome/u0a9 for broadcast com.android.chrome/org.chromium.chrome.browser.precache.PrecacheServiceLauncher
I/ActivityManager(  553): Start proc 5694:com.google.android.apps.photos/u0a117 for broadcast com.google.android.apps.photos/.scheduler.PowerReceiver
I/ActivityManager(  553): Killing 4716:com.google.android.gms:car/u0a21 (adj 15): empty #17
I/ActivityManager(  553): Killing 5076:com.google.android.gm.exchange/u0a118 (adj 15): empty #17
I/ActivityManager(  553): Killing 5146:com.google.android.youtube/u0a63 (adj 15): empty #17
I/ActivityManager(  553): Start proc 5720:com.google.android.apps.plus/u0a50 for broadcast com.google.android.apps.plus/com.google.android.libraries.social.autobackup.AutoBackupEnvironment$BatteryReceiver
W/ResourcesManager( 5720): Asset path '/system/framework/com.google.android.maps.jar' does not exist or contains no resources.
I/ActivityManager(  553): Start proc 5745:android.process.acore/u0a0 for content provider com.android.providers.contacts/.ContactsProvider2
I/ActivityManager(  553): Killing 5372:com.google.android.inputmethod.korean/u0a33 (adj 15): empty #17
I/ActivityManager(  553): Killing 5236:com.google.android.deskclock/u0a14 (adj 15): empty #18
I/ActivityManager(  553): Start proc 5775:com.google.android.setupwizard/u0a51 for broadcast com.google.android.setupwizard/.util.GservicesChangedReceiver
I/ActivityManager(  553): Killing 5350:com.android.providers.calendar/u0a7 (adj 15): empty #17
I/ActivityManager(  553): Start proc 5796:com.android.providers.calendar/u0a7 for broadcast com.android.providers.calendar/.CalendarProviderBroadcastReceiver
W/ResourcesManager( 5796): Asset path '/system/framework/android.test.runner.jar' does not exist or contains no resources.
I/ActivityManager(  553): Delay finish: com.google.android.talk/com.google.android.apps.hangouts.realtimechat.RealTimeChatService$AlarmReceiver
I/ActivityManager(  553): Resuming delayed broadcast
I/ActivityManager(  553): Delay finish: com.google.android.gm/.widget.GmailWidgetProvider
I/ActivityManager(  553): Resuming delayed broadcast
I/ActivityManager(  553): Delay finish: com.google.android.music/.wear.WearBroadcastReceiver
W/ResourcesManager( 5020): Asset path '/system/framework/com.android.media.remotedisplay.jar' does not exist or contains no resources.
W/ResourcesManager( 5020): Asset path '/system/framework/com.android.location.provider.jar' does not exist or contains no resources.
I/ActivityManager(  553): Resuming delayed broadcast
D/BackupManagerService(  553): Received broadcast Intent { act=android.intent.action.PACKAGE_CHANGED dat=package:com.google.android.gms flg=0x4000010 (has extras) }
I/BackupManagerService(  553): Unbinding ComponentInfo{com.google.android.gms/com.google.android.gms.backup.BackupTransportService}
I/BackupManagerService(  553): Binding to transport host ComponentInfo{com.google.android.gms/com.google.android.gms.backup.BackupTransportService}
V/BackupManagerService(  553): Connected to transport ComponentInfo{com.google.android.gms/com.google.android.gms.backup.BackupTransportService}
V/BackupManagerService(  553): Registering transport com.google.android.gms/.backup.BackupTransportService::com.google.android.gms/.backup.BackupTransportService = com.android.internal.backup.IBackupTransport$Stub$Proxy@10ab71d5
W/ResourcesManager( 4208): Asset path '/system/framework/com.google.android.maps.jar' does not exist or contains no resources.
I/PowerManagerService(  553): Going to sleep due to screen timeout (uid 1000)...
I/PowerManagerService(  553): Sleeping (uid 1000)...
D/WifiService(  553): acquireWifiLockLocked: WifiLock{NlpWifiLock type=2 binder=android.os.BinderProxy@104da9d8}
D/WifiService(  553): releaseWifiLockLocked: WifiLock{NlpWifiLock type=2 binder=android.os.BinderProxy@104da9d8}
I/DisplayManagerService(  553): Display device changed: DisplayDeviceInfo{"Built-in Screen": uniqueId="local:0", 1200 x 1920, 60.0 fps, supportedRefreshRates [60.0], density 320, 320.842 x 322.966 dpi, appVsyncOff 0, presDeadline 17666667, touch INTERNAL, rotation 0, type BUILT_IN, state OFF, FLAG_DEFAULT_DISPLAY, FLAG_ROTATES_WITH_CONTENT, FLAG_SECURE, FLAG_SUPPORTS_PROTECTED_BUFFERS}
V/ActivityManager(  553): Display changed displayId=0
I/ActivityManager(  553): Killing 5396:com.google.android.apps.maps/u0a39 (adj 15): empty #17
I/ActivityManager(  553): Waited long enough for: ServiceRecord{2267762e u0 com.google.android.calendar/com.android.calendar.alerts.InitAlarmsService}
I/ActivityManager(  553): Killing 5434:com.google.android.inputmethod.pinyin/u0a27 (adj 15): empty #17
I/ActivityManager(  553): Waited long enough for: ServiceRecord{e9732b9 u0 com.google.android.calendar/com.android.calendar.alerts.AlertService}
I/ActivityManager(  553): Killing 5475:com.google.android.partnersetup/u0a26 (adj 15): empty #17
I/ActivityManager(  553): Start proc 5986:com.google.android.apps.gcs/u0a101 for service com.google.android.apps.gcs/com.google.android.flib.nova.experiment.ExperimentUpdateService
I/ActivityManager(  553): Killing 5567:com.google.android.maps.mytracks/u0a67 (adj 15): empty #17
I/PowerManagerService(  553): Waking up from sleep (uid 1000)...
I/DisplayPowerController(  553): Blocking screen on until initial contents have been drawn.
I/DisplayManagerService(  553): Display device changed: DisplayDeviceInfo{"Built-in Screen": uniqueId="local:0", 1200 x 1920, 60.0 fps, supportedRefreshRates [60.0], density 320, 320.842 x 322.966 dpi, appVsyncOff 0, presDeadline 17666667, touch INTERNAL, rotation 0, type BUILT_IN, state ON, FLAG_DEFAULT_DISPLAY, FLAG_ROTATES_WITH_CONTENT, FLAG_SECURE, FLAG_SUPPORTS_PROTECTED_BUFFERS}
V/ActivityManager(  553): Display changed displayId=0
D/WifiService(  553): acquireWifiLockLocked: WifiLock{NlpWifiLock type=2 binder=android.os.BinderProxy@36c8507d}
I/DisplayPowerController(  553): Unblocked screen on after 255 ms
I/ValidateNoPeople(  553): skipping global notification
D/WifiService(  553): releaseWifiLockLocked: WifiLock{NlpWifiLock type=2 binder=android.os.BinderProxy@36c8507d}
I/ActivityManager(  553): Killing 5116:com.google.android.keep/u0a32 (adj 15): empty #17
I/EntropyMixer(  553): Writing entropy...
I/EntropyMixer(  553): Writing entropy...
I/ValidateNoPeople(  553): skipping global notification
I/ValidateNoPeople(  553): skipping global notification
I/PowerManagerService(  553): Going to sleep due to screen timeout (uid 1000)...
I/PowerManagerService(  553): Sleeping (uid 1000)...
I/DisplayManagerService(  553): Display device changed: DisplayDeviceInfo{"Built-in Screen": uniqueId="local:0", 1200 x 1920, 60.0 fps, supportedRefreshRates [60.0], density 320, 320.842 x 322.966 dpi, appVsyncOff 0, presDeadline 17666667, touch INTERNAL, rotation 0, type BUILT_IN, state OFF, FLAG_DEFAULT_DISPLAY, FLAG_ROTATES_WITH_CONTENT, FLAG_SECURE, FLAG_SUPPORTS_PROTECTED_BUFFERS}
V/ActivityManager(  553): Display changed displayId=0
I/ActivityManager(  553): Start proc 6251:com.android.defcontainer/u0a13 for service com.android.defcontainer/.DefaultContainerService
D/DefContainer( 6251): Copying /data/local/tmp/android-debug.apk to base.apk
W/PackageManager(  553): Invalid verification token 0 received
D/PackageManager(  553): Renaming /data/app/vmdl1332897162.tmp to /data/app/com.ptsteams.teamsmobile-2
I/ActivityManager(  553): Force stopping com.ptsteams.teamsmobile appid=10112 user=-1: uninstall pkg
I/PackageManager(  553): Package com.ptsteams.teamsmobile codePath changed from /data/app/com.ptsteams.teamsmobile-1 to /data/app/com.ptsteams.teamsmobile-2; Retaining data and using new
W/PackageManager(  553): Code path for pkg : com.ptsteams.teamsmobile changing from /data/app/com.ptsteams.teamsmobile-1 to /data/app/com.ptsteams.teamsmobile-2
I/ActivityManager(  553): Force stopping com.ptsteams.teamsmobile appid=10112 user=-1: update pkg
W/PackageManager(  553): Resource path for pkg : com.ptsteams.teamsmobile changing from /data/app/com.ptsteams.teamsmobile-1 to /data/app/com.ptsteams.teamsmobile-2
W/ActivityManager(  553): Skipping broadcast of Intent { act=android.intent.action.PACKAGE_REMOVED dat=package:com.ptsteams.teamsmobile flg=0x4000010 (has extras) }: user 10 is stopped
I/ActivityManager(  553): Start proc 6287:com.google.android.partnersetup/u0a26 for broadcast com.google.android.partnersetup/.RlzPingBroadcastReceiver
W/ActivityManager(  553): Skipping broadcast of Intent { act=android.intent.action.PACKAGE_ADDED dat=package:com.ptsteams.teamsmobile flg=0x4000010 (has extras) }: user 10 is stopped
W/ActivityManager(  553): Skipping broadcast of Intent { act=android.intent.action.PACKAGE_REPLACED dat=package:com.ptsteams.teamsmobile flg=0x4000010 (has extras) }: user 10 is stopped
W/ActivityManager(  553): Skipping broadcast of Intent { act=android.intent.action.MY_PACKAGE_REPLACED flg=0x4000010 pkg=com.ptsteams.teamsmobile (has extras) }: user 10 is stopped
D/BackupManagerService(  553): Received broadcast Intent { act=android.intent.action.PACKAGE_ADDED dat=package:com.ptsteams.teamsmobile flg=0x4000010 (has extras) }
W/BackupManagerService(  553): Removing schedule queue dupe of com.ptsteams.teamsmobile
I/ActivityManager(  553): Start proc 6322:com.android.musicfx/u0a42 for broadcast com.android.musicfx/.Compatibility$Receiver
I/ActivityManager(  553): Killing 5775:com.google.android.setupwizard/u0a51 (adj 15): empty #17
I/ActivityManager(  553): Start proc 6341:jp.co.omronsoft.iwnnime.ml/u0a64 for broadcast jp.co.omronsoft.iwnnime.ml/.InstallReceiver
I/ActivityManager(  553): Killing 5050:com.google.android.gm/u0a20 (adj 15): empty #17
I/ActivityManager(  553): Killing 5325:com.google.android.calendar/u0a6 (adj 15): empty #17
I/PowerManagerService(  553): Waking up from sleep (uid 1000)...
I/DisplayPowerController(  553): Blocking screen on until initial contents have been drawn.
I/DisplayManagerService(  553): Display device changed: DisplayDeviceInfo{"Built-in Screen": uniqueId="local:0", 1200 x 1920, 60.0 fps, supportedRefreshRates [60.0], density 320, 320.842 x 322.966 dpi, appVsyncOff 0, presDeadline 17666667, touch INTERNAL, rotation 0, type BUILT_IN, state ON, FLAG_DEFAULT_DISPLAY, FLAG_ROTATES_WITH_CONTENT, FLAG_SECURE, FLAG_SUPPORTS_PROTECTED_BUFFERS}
E/WindowAnimator(  553): Timeout waiting for animation to startup
V/ActivityManager(  553): Display changed displayId=0
I/DisplayPowerController(  553): Unblocked screen on after 386 ms
D/WifiService(  553): acquireWifiLockLocked: WifiLock{NlpWifiLock type=2 binder=android.os.BinderProxy@275b2f26}
I/ActivityManager(  553): Start proc 6392:com.google.android.apps.docs/u0a73 for broadcast com.google.android.apps.docs/.receivers.AppPackageAddRemoveReceiver
I/ActivityManager(  553): START u0 {act=android.intent.action.MAIN flg=0x10000000 cmp=com.ptsteams.teamsmobile/.MainActivity} from uid 2000 on display 0
V/WindowManager(  553): addAppToken: AppWindowToken{bdb4c5f token=Token{3bbefcfe ActivityRecord{189ca0b9 u0 com.ptsteams.teamsmobile/.MainActivity t733}}} to stack=1 task=733 at 0
V/WindowManager(  553): Adding window Window{b258198 u0 Starting com.ptsteams.teamsmobile} at 2 of 7 (after Window{1141fa42 u0 com.android.launcher/com.android.launcher2.Launcher})
I/ActivityManager(  553): Start proc 6428:com.ptsteams.teamsmobile/u0a112 for activity com.ptsteams.teamsmobile/.MainActivity
D/WifiService(  553): releaseWifiLockLocked: WifiLock{NlpWifiLock type=2 binder=android.os.BinderProxy@275b2f26}
W/ResourcesManager( 6392): Asset path '/system/framework/com.android.media.remotedisplay.jar' does not exist or contains no resources.
W/ResourcesManager( 6392): Asset path '/system/framework/com.android.location.provider.jar' does not exist or contains no resources.
I/ActivityManager(  553): Killing 5620:com.google.android.music:main/u0a41 (adj 15): empty #17
V/WindowManager(  553): Adding window Window{6da29d4 u0 com.ptsteams.teamsmobile/com.ptsteams.teamsmobile.MainActivity} at 2 of 8 (before Window{b258198 u0 Starting com.ptsteams.teamsmobile})
V/WindowManager(  553): Adding window Window{a8c672 u0 com.ptsteams.teamsmobile/com.ptsteams.teamsmobile.MainActivity} at 2 of 9 (before Window{6da29d4 u0 com.ptsteams.teamsmobile/com.ptsteams.teamsmobile.MainActivity})
I/ActivityManager(  553): Killing 5796:com.android.providers.calendar/u0a7 (adj 15): empty #17
I/ActivityManager(  553): START u0 {act=com.android.systemui.recents.SHOW_RECENTS flg=0x10804000 cmp=com.android.systemui/.recents.RecentsActivity} from uid 10077 on display 0
V/WindowManager(  553): addAppToken: AppWindowToken{bc5b004 token=Token{4edc417 ActivityRecord{7e62096 u0 com.android.systemui/.recents.RecentsActivity t734}}} to stack=0 task=734 at 0
V/WindowManager(  553): Adding window Window{3da66b21 u0 com.android.systemui/com.android.systemui.recents.RecentsActivity} at 3 of 8 (after Window{1141fa42 u0 com.android.launcher/com.android.launcher2.Launcher})
I/ActivityManager(  553): Killing 5663:com.android.chrome/u0a9 (adj 15): empty #17
I/ActivityManager(  553): Killing 6428:com.ptsteams.teamsmobile/u0a112 (adj 9): remove task
I/WindowState(  553): WIN DEATH: Window{a8c672 u0 com.ptsteams.teamsmobile/com.ptsteams.teamsmobile.MainActivity}
E/libprocessgroup(  553): failed to kill 1 processes for processgroup 6428
D/TaskPersister(  553): removeObsoleteFile: deleting file=733_task.xml
D/TaskPersister(  553): removeObsoleteFile: deleting file=733_task_thumbnail.png
I/ActivityManager(  553): START u0 {act=android.intent.action.MAIN cat=[android.intent.category.HOME] flg=0x10200000 cmp=com.android.launcher/com.android.launcher2.Launcher} from uid 10077 on display 0
W/InputMethodManagerService(  553): Window already focused, ignoring focus gain of: com.android.internal.view.IInputMethodClient$Stub$Proxy@170b2dbf attribute=null, token = android.os.BinderProxy@11ebf88d
D/DefContainer( 6251): Copying /data/local/tmp/android-debug.apk to base.apk
W/PackageManager(  553): Invalid verification token 1 received
D/PackageManager(  553): Renaming /data/app/vmdl1441952856.tmp to /data/app/com.ptsteams.teamsmobile-1
I/ActivityManager(  553): Force stopping com.ptsteams.teamsmobile appid=10112 user=-1: uninstall pkg
I/PackageManager(  553): Package com.ptsteams.teamsmobile codePath changed from /data/app/com.ptsteams.teamsmobile-2 to /data/app/com.ptsteams.teamsmobile-1; Retaining data and using new
W/PackageManager(  553): Code path for pkg : com.ptsteams.teamsmobile changing from /data/app/com.ptsteams.teamsmobile-2 to /data/app/com.ptsteams.teamsmobile-1
I/ActivityManager(  553): Force stopping com.ptsteams.teamsmobile appid=10112 user=-1: update pkg
W/PackageManager(  553): Resource path for pkg : com.ptsteams.teamsmobile changing from /data/app/com.ptsteams.teamsmobile-2 to /data/app/com.ptsteams.teamsmobile-1
I/ActivityManager(  553): Force stopping com.ptsteams.teamsmobile appid=10112 user=0: pkg removed
W/ActivityManager(  553): Skipping broadcast of Intent { act=android.intent.action.PACKAGE_REMOVED dat=package:com.ptsteams.teamsmobile flg=0x4000010 (has extras) }: user 10 is stopped
W/ActivityManager(  553): Skipping broadcast of Intent { act=android.intent.action.PACKAGE_ADDED dat=package:com.ptsteams.teamsmobile flg=0x4000010 (has extras) }: user 10 is stopped
I/ActivityManager(  553): Start proc 6741:com.android.keychain/1000 for broadcast com.android.keychain/.KeyChainBroadcastReceiver
W/ActivityManager(  553): Skipping broadcast of Intent { act=android.intent.action.PACKAGE_REPLACED dat=package:com.ptsteams.teamsmobile flg=0x4000010 (has extras) }: user 10 is stopped
W/ActivityManager(  553): Skipping broadcast of Intent { act=android.intent.action.MY_PACKAGE_REPLACED flg=0x4000010 pkg=com.ptsteams.teamsmobile (has extras) }: user 10 is stopped
W/ContextImpl( 6741): Calling a method in the system process without a qualified user: android.app.ContextImpl.startService:1692 android.content.ContextWrapper.startService:516 android.content.ContextWrapper.startService:516 com.android.keychain.KeyChainBroadcastReceiver.onReceive:12 android.app.ActivityThread.handleReceiver:2609 
D/JobSchedulerService(  553): Receieved: android.intent.action.PACKAGE_REMOVED
D/BackupManagerService(  553): Received broadcast Intent { act=android.intent.action.PACKAGE_REMOVED dat=package:com.ptsteams.teamsmobile flg=0x4000010 (has extras) }
D/BackupManagerService(  553): Received broadcast Intent { act=android.intent.action.PACKAGE_ADDED dat=package:com.ptsteams.teamsmobile flg=0x4000010 (has extras) }
W/BackupManagerService(  553): Removing schedule queue dupe of com.ptsteams.teamsmobile
I/ActivityManager(  553): Start proc 6787:com.google.android.apps.cloudprint/u0a80 for broadcast com.google.android.apps.cloudprint/.printdialog.receivers.UpgradeBroadcastReceiver
