I/dex2oat ( 9292): dex2oat took 85.981s (threads: 4) arena alloc=5MB java alloc=74MB native alloc=33MB free=46MB swap=96MB
I/BackgroundDexOptService(  553): onIdleStart
I/PackageManager(  553): Running dexopt on: /data/app/com.zeptolab.ctr.ads-1/base.apk pkg=com.zeptolab.ctr.ads isa=arm vmSafeMode=false
I/dex2oat ( 9650): /system/bin/dex2oat --zip-fd=6 --zip-location=/data/app/com.zeptolab.ctr.ads-1/base.apk --oat-fd=7 --oat-location=/data/dalvik-cache/arm/data@app@com.zeptolab.ctr.ads-1@base.apk@classes.dex --instruction-set=arm --instruction-set-features=div --runtime-arg -Xms64m --runtime-arg -Xmx512m --swap-fd=8
I/dex2oat ( 9650): Decided to run without swap.
I/dex2oat ( 9650): dex2oat took 11.974s (threads: 4) arena alloc=900KB java alloc=13MB native alloc=23MB free=12MB
I/PackageManager(  553): Running dexopt on: /data/app/com.airbnb.android-1/base.apk pkg=com.airbnb.android isa=arm vmSafeMode=false
I/dex2oat ( 9721): /system/bin/dex2oat --zip-fd=6 --zip-location=/data/app/com.airbnb.android-1/base.apk --oat-fd=7 --oat-location=/data/dalvik-cache/arm/data@app@com.airbnb.android-1@base.apk@classes.dex --instruction-set=arm --instruction-set-features=div --runtime-arg -Xms64m --runtime-arg -Xmx512m --swap-fd=8
I/dex2oat ( 9721): Decided to run without swap.
W/dex2oat ( 9721): Before Android 4.1, method int com.airbnb.android.views.HackbornGridView.getFooterViewsCount() would have incorrectly overridden the package-private method in android.widget.AbsListView
W/dex2oat ( 9721): Before Android 4.1, method int com.airbnb.android.views.HackbornGridView.getHeaderViewsCount() would have incorrectly overridden the package-private method in android.widget.AbsListView
W/dex2oat ( 9721): Before Android 4.1, method void com.airbnb.android.views.IcsLinearLayout.drawDividersHorizontal(android.graphics.Canvas) would have incorrectly overridden the package-private method in android.widget.LinearLayout
W/dex2oat ( 9721): Before Android 4.1, method void com.airbnb.android.views.IcsLinearLayout.drawDividersVertical(android.graphics.Canvas) would have incorrectly overridden the package-private method in android.widget.LinearLayout
W/dex2oat ( 9721): Before Android 4.1, method void com.airbnb.android.views.IcsLinearLayout.drawHorizontalDivider(android.graphics.Canvas, int) would have incorrectly overridden the package-private method in android.widget.LinearLayout
W/dex2oat ( 9721): Before Android 4.1, method void com.airbnb.android.views.IcsLinearLayout.drawVerticalDivider(android.graphics.Canvas, int) would have incorrectly overridden the package-private method in android.widget.LinearLayout
I/dex2oat ( 9721): dex2oat took 14.444s (threads: 4) arena alloc=253KB java alloc=18MB native alloc=25MB free=10MB
I/PackageManager(  553): Running dexopt on: /data/app/com.queader.ice-1/base.apk pkg=com.queader.ice isa=arm vmSafeMode=false
I/dex2oat ( 9769): /system/bin/dex2oat --zip-fd=6 --zip-location=/data/app/com.queader.ice-1/base.apk --oat-fd=7 --oat-location=/data/dalvik-cache/arm/data@app@com.queader.ice-1@base.apk@classes.dex --instruction-set=arm --instruction-set-features=div --runtime-arg -Xms64m --runtime-arg -Xmx512m --swap-fd=8
I/dex2oat ( 9769): Decided to run without swap.
I/dex2oat ( 9769): dex2oat took 6.017s (threads: 4) arena alloc=1148KB java alloc=7MB native alloc=12MB free=7MB
I/PackageManager(  553): Running dexopt on: /data/app/com.facebook.orca-2/base.apk pkg=com.facebook.orca isa=arm vmSafeMode=false
I/dex2oat ( 9798): /system/bin/dex2oat --zip-fd=6 --zip-location=/data/app/com.facebook.orca-2/base.apk --oat-fd=7 --oat-location=/data/dalvik-cache/arm/data@app@com.facebook.orca-2@base.apk@classes.dex --instruction-set=arm --instruction-set-features=div --runtime-arg -Xms64m --runtime-arg -Xmx512m --swap-fd=8
I/dex2oat ( 9798): Decided to run without swap.
W/dex2oat ( 9798): Verification of void com.facebook.ui.emoji.q.e() took 105.804ms
I/dex2oat ( 9798): Method exceeds compiler instruction limit: 18780 in com.facebook.graphql.enums.GraphQLPageCategoryType com.facebook.graphql.enums.GraphQLPageCategoryType.fromString(java.lang.String)
I/dex2oat ( 9798): Method exceeds compiler instruction limit: 18886 in int com.facebook.graphql.enums.b.a(java.lang.String)
W/dex2oat ( 9798): Compilation of java.lang.String com.facebook.graphql.enums.b.a(int) took 113.708ms
I/JobServiceContext(  553): Client timed out while executing (no jobFinished received). sending onStop. android/com.android.server.pm.BackgroundDexOptService jId=800, u0
I/BackgroundDexOptService(  553): onIdleStop
I/dex2oat ( 9798): dex2oat took 27.669s (threads: 4) arena alloc=2MB java alloc=35MB native alloc=53MB free=22MB
I/BackgroundDexOptService(  553): onIdleStart
I/PackageManager(  553): Running dexopt on: /data/app/io.cordova.hellocordova-1.apk pkg=io.cordova.hellocordova isa=arm vmSafeMode=false
I/dex2oat ( 9882): /system/bin/dex2oat --zip-fd=6 --zip-location=/data/app/io.cordova.hellocordova-1.apk --oat-fd=7 --oat-location=/data/dalvik-cache/arm/data@app@io.cordova.hellocordova-1.apk@classes.dex --instruction-set=arm --instruction-set-features=div --runtime-arg -Xms64m --runtime-arg -Xmx512m --swap-fd=8
I/dex2oat ( 9882): Decided to run without swap.
I/dex2oat ( 9882): dex2oat took 764.862ms (threads: 4) arena alloc=86KB java alloc=477KB native alloc=2MB free=5MB
I/PackageManager(  553): Running dexopt on: /data/app/com.adobe.reader-1/base.apk pkg=com.adobe.reader isa=arm vmSafeMode=false
I/dex2oat ( 9899): /system/bin/dex2oat --zip-fd=6 --zip-location=/data/app/com.adobe.reader-1/base.apk --oat-fd=7 --oat-location=/data/dalvik-cache/arm/data@app@com.adobe.reader-1@base.apk@classes.dex --instruction-set=arm --instruction-set-features=div --runtime-arg -Xms64m --runtime-arg -Xmx512m --swap-fd=8
I/dex2oat ( 9899): Decided to run without swap.
I/dex2oat ( 9899): dex2oat took 3.831s (threads: 4) arena alloc=97KB java alloc=4MB native alloc=7MB free=8MB
I/PackageManager(  553): Running dexopt on: /data/app/org.awallet.free-1/base.apk pkg=org.awallet.free isa=arm vmSafeMode=false
I/dex2oat ( 9923): /system/bin/dex2oat --zip-fd=6 --zip-location=/data/app/org.awallet.free-1/base.apk --oat-fd=7 --oat-location=/data/dalvik-cache/arm/data@app@org.awallet.free-1@base.apk@classes.dex --instruction-set=arm --instruction-set-features=div --runtime-arg -Xms64m --runtime-arg -Xmx512m --swap-fd=8
I/dex2oat ( 9923): Decided to run without swap.
I/dex2oat ( 9923): dex2oat took 1.746s (threads: 4) arena alloc=60KB java alloc=2038KB native alloc=4MB free=3MB
I/PackageManager(  553): Running dexopt on: /data/app/com.ionicframework.blank859219-2/base.apk pkg=com.ionicframework.blank859219 isa=arm vmSafeMode=false
I/dex2oat ( 9942): /system/bin/dex2oat --zip-fd=6 --zip-location=/data/app/com.ionicframework.blank859219-2/base.apk --oat-fd=7 --oat-location=/data/dalvik-cache/arm/data@app@com.ionicframework.blank859219-2@base.apk@classes.dex --instruction-set=arm --instruction-set-features=div --runtime-arg -Xms64m --runtime-arg -Xmx512m --swap-fd=8
I/dex2oat ( 9942): Decided to run without swap.
I/dex2oat ( 9942): dex2oat took 1.404s (threads: 4) arena alloc=70KB java alloc=1998KB native alloc=4MB free=3MB
I/PackageManager(  553): Running dexopt on: /data/app/com.lima.doodlejumpcs-2/base.apk pkg=com.lima.doodlejumpcs isa=arm vmSafeMode=false
I/dex2oat ( 9961): /system/bin/dex2oat --zip-fd=6 --zip-location=/data/app/com.lima.doodlejumpcs-2/base.apk --oat-fd=7 --oat-location=/data/dalvik-cache/arm/data@app@com.lima.doodlejumpcs-2@base.apk@classes.dex --instruction-set=arm --instruction-set-features=div --runtime-arg -Xms64m --runtime-arg -Xmx512m --swap-fd=8
I/dex2oat ( 9961): Decided to run without swap.
I/dex2oat ( 9961): dex2oat took 7.106s (threads: 4) arena alloc=983KB java alloc=8MB native alloc=15MB free=12MB
I/PackageManager(  553): Running dexopt on: /data/app/com.ionicframework.teams461895-2/base.apk pkg=com.ionicframework.teams461895 isa=arm vmSafeMode=false
I/dex2oat ( 9980): /system/bin/dex2oat --zip-fd=6 --zip-location=/data/app/com.ionicframework.teams461895-2/base.apk --oat-fd=7 --oat-location=/data/dalvik-cache/arm/data@app@com.ionicframework.teams461895-2@base.apk@classes.dex --instruction-set=arm --instruction-set-features=div --runtime-arg -Xms64m --runtime-arg -Xmx512m --swap-fd=8
I/dex2oat ( 9980): Decided to run without swap.
I/dex2oat ( 9980): dex2oat took 1.073s (threads: 4) arena alloc=56KB java alloc=1239KB native alloc=3MB free=4MB
I/PackageManager(  553): Running dexopt on: /data/app/com.aa.generaladaptiveapps-1/base.apk pkg=com.aa.generaladaptiveapps isa=arm vmSafeMode=false
I/dex2oat ( 9993): /system/bin/dex2oat --zip-fd=6 --zip-location=/data/app/com.aa.generaladaptiveapps-1/base.apk --oat-fd=7 --oat-location=/data/dalvik-cache/arm/data@app@com.aa.generaladaptiveapps-1@base.apk@classes.dex --instruction-set=arm --instruction-set-features=div --runtime-arg -Xms64m --runtime-arg -Xmx512m --swap-fd=8
I/dex2oat ( 9993): Decided to run without swap.
I/dex2oat ( 9993): dex2oat took 7.660s (threads: 4) arena alloc=974KB java alloc=9MB native alloc=16MB free=11MB
I/PackageManager(  553): Running dexopt on: /data/app/com.ionic.viewapp-1/base.apk pkg=com.ionic.viewapp isa=arm vmSafeMode=false
I/dex2oat (10014): /system/bin/dex2oat --zip-fd=6 --zip-location=/data/app/com.ionic.viewapp-1/base.apk --oat-fd=7 --oat-location=/data/dalvik-cache/arm/data@app@com.ionic.viewapp-1@base.apk@classes.dex --instruction-set=arm --instruction-set-features=div --runtime-arg -Xms64m --runtime-arg -Xmx512m --swap-fd=8
I/dex2oat (10014): Decided to run without swap.
I/dex2oat (10014): dex2oat took 1.223s (threads: 4) arena alloc=741KB java alloc=1207KB native alloc=4MB free=3MB
I/PackageManager(  553): Running dexopt on: /data/app/mobi.mgeek.TunnyBrowser-2/base.apk pkg=mobi.mgeek.TunnyBrowser isa=arm vmSafeMode=false
I/dex2oat (10027): /system/bin/dex2oat --zip-fd=6 --zip-location=/data/app/mobi.mgeek.TunnyBrowser-2/base.apk --oat-fd=7 --oat-location=/data/dalvik-cache/arm/data@app@mobi.mgeek.TunnyBrowser-2@base.apk@classes.dex --instruction-set=arm --instruction-set-features=div --runtime-arg -Xms64m --runtime-arg -Xmx512m --swap-fd=8
I/dex2oat (10027): Decided to run without swap.
E/        (  182): invalid crash request of size 4 (from pid=9621 uid=0)
E/Diag_Lib(10056):  Diag_LSM_Init: Failed to open handle to diag driver, error = 2
E/Sensors (10056): sns_fsa_la.c(386):fsa: fflush failed, 9
E/Sensors (10056): sns_fsa_la.c(386):fsa: fflush failed, 9
W/Sensors (10056): sns_smr_la.c(446):smr_la: smr_apps_la_thread_main is starting, fd=11, sns_smr.en_rx_msg_ptr=b6f839d0
W/Sensors (10056): sns_sam_app.c(6827):sns_sam_reg_algo: Registering algo service 16, err 0
E/Sensors (10056): sns_debug_main.c(565):Debug Config File missing in EFS!
I/dex2oat (10027): dex2oat took 13.356s (threads: 4) arena alloc=1036KB java alloc=14MB native alloc=23MB free=12MB
I/PackageManager(  553): Running dexopt on: /data/app/tv.twitch.android.viewer-1/base.apk pkg=tv.twitch.android.viewer isa=arm vmSafeMode=false
I/dex2oat (10106): /system/bin/dex2oat --zip-fd=6 --zip-location=/data/app/tv.twitch.android.viewer-1/base.apk --oat-fd=7 --oat-location=/data/dalvik-cache/arm/data@app@tv.twitch.android.viewer-1@base.apk@classes.dex --instruction-set=arm --instruction-set-features=div --runtime-arg -Xms64m --runtime-arg -Xmx512m --swap-fd=8
I/dex2oat (10106): Decided to run without swap.
I/dex2oat (10106): dex2oat took 5.809s (threads: 4) arena alloc=1303KB java alloc=7MB native alloc=13MB free=10MB
I/PackageManager(  553): Running dexopt on: /data/app/com.rovio.BadPiggies-1/base.apk pkg=com.rovio.BadPiggies isa=arm vmSafeMode=false
I/dex2oat (10141): /system/bin/dex2oat --zip-fd=6 --zip-location=/data/app/com.rovio.BadPiggies-1/base.apk --oat-fd=7 --oat-location=/data/dalvik-cache/arm/data@app@com.rovio.BadPiggies-1@base.apk@classes.dex --instruction-set=arm --instruction-set-features=div --runtime-arg -Xms64m --runtime-arg -Xmx512m --swap-fd=8
I/dex2oat (10141): Decided to run without swap.
I/System.out( 7045): There is callback from service
I/dex2oat (10141): dex2oat took 8.804s (threads: 4) arena alloc=998KB java alloc=9MB native alloc=17MB free=10MB
I/PackageManager(  553): Running dexopt on: /data/app/media.music.musicplayer-2/base.apk pkg=media.music.musicplayer isa=arm vmSafeMode=false
I/dex2oat (10212): /system/bin/dex2oat --zip-fd=6 --zip-location=/data/app/media.music.musicplayer-2/base.apk --oat-fd=7 --oat-location=/data/dalvik-cache/arm/data@app@media.music.musicplayer-2@base.apk@classes.dex --instruction-set=arm --instruction-set-features=div --runtime-arg -Xms64m --runtime-arg -Xmx512m --swap-fd=8
I/dex2oat (10212): Decided to run without swap.
I/dex2oat (10212): dex2oat took 2.137s (threads: 4) arena alloc=609KB java alloc=2MB native alloc=5MB free=6MB
I/PackageManager(  553): Running dexopt on: /data/app/com.skype.android.access-2.apk pkg=com.skype.android.access isa=arm vmSafeMode=false
I/dex2oat (10236): /system/bin/dex2oat --zip-fd=6 --zip-location=/data/app/com.skype.android.access-2.apk --oat-fd=7 --oat-location=/data/dalvik-cache/arm/data@app@com.skype.android.access-2.apk@classes.dex --instruction-set=arm --instruction-set-features=div --runtime-arg -Xms64m --runtime-arg -Xmx512m --swap-fd=8
I/dex2oat (10236): Decided to run without swap.
I/dex2oat (10236): dex2oat took 1.100s (threads: 4) arena alloc=68KB java alloc=1536KB native alloc=3MB free=4MB
I/PackageManager(  553): Running dexopt on: /data/app/com.kiloo.subwaysurf-2/base.apk pkg=com.kiloo.subwaysurf isa=arm vmSafeMode=false
I/dex2oat (10249): /system/bin/dex2oat --zip-fd=6 --zip-location=/data/app/com.kiloo.subwaysurf-2/base.apk --oat-fd=7 --oat-location=/data/dalvik-cache/arm/data@app@com.kiloo.subwaysurf-2@base.apk@classes.dex --instruction-set=arm --instruction-set-features=div --runtime-arg -Xms64m --runtime-arg -Xmx512m --swap-fd=8
I/dex2oat (10249): Decided to run without swap.
I/JobServiceContext(  553): Client timed out while executing (no jobFinished received). sending onStop. android/com.android.server.pm.BackgroundDexOptService jId=800, u0
I/BackgroundDexOptService(  553): onIdleStop
I/dex2oat (10249): dex2oat took 5.795s (threads: 4) arena alloc=332KB java alloc=8MB native alloc=15MB free=12MB
I/BackgroundDexOptService(  553): onIdleStart
I/PackageManager(  553): Running dexopt on: /data/app/com.appo2.ua-1/base.apk pkg=com.appo2.ua isa=arm vmSafeMode=false
I/dex2oat (10271): /system/bin/dex2oat --zip-fd=6 --zip-location=/data/app/com.appo2.ua-1/base.apk --oat-fd=7 --oat-location=/data/dalvik-cache/arm/data@app@com.appo2.ua-1@base.apk@classes.dex --instruction-set=arm --instruction-set-features=div --runtime-arg -Xms64m --runtime-arg -Xmx512m --swap-fd=8
I/dex2oat (10271): Decided to run without swap.
I/dex2oat (10271): dex2oat took 122.619ms (threads: 4) arena alloc=145KB java alloc=134KB native alloc=1242KB free=6MB
I/PackageManager(  553): Running dexopt on: /data/app/com.blizzard.wtcg.hearthstone-1/base.apk pkg=com.blizzard.wtcg.hearthstone isa=arm vmSafeMode=false
I/dex2oat (10276): /system/bin/dex2oat --zip-fd=6 --zip-location=/data/app/com.blizzard.wtcg.hearthstone-1/base.apk --oat-fd=7 --oat-location=/data/dalvik-cache/arm/data@app@com.blizzard.wtcg.hearthstone-1@base.apk@classes.dex --instruction-set=arm --instruction-set-features=div --runtime-arg -Xms64m --runtime-arg -Xmx512m --swap-fd=8
I/dex2oat (10276): Decided to run without swap.
I/dex2oat (10276): dex2oat took 2.539s (threads: 4) arena alloc=723KB java alloc=3MB native alloc=7MB free=8MB
I/PackageManager(  553): Running dexopt on: /data/app/com.hp.android.printservice-1/base.apk pkg=com.hp.android.printservice isa=arm vmSafeMode=false
I/dex2oat (10293): /system/bin/dex2oat --zip-fd=6 --zip-location=/data/app/com.hp.android.printservice-1/base.apk --oat-fd=7 --oat-location=/data/dalvik-cache/arm/data@app@com.hp.android.printservice-1@base.apk@classes.dex --instruction-set=arm --instruction-set-features=div --runtime-arg -Xms64m --runtime-arg -Xmx512m --swap-fd=8
I/dex2oat (10293): Decided to run without swap.
I/dex2oat (10293): dex2oat took 1.239s (threads: 4) arena alloc=1006KB java alloc=1373KB native alloc=4MB free=3MB
I/PackageManager(  553): Running dexopt on: /data/app/com.amazon.kindle-2/base.apk pkg=com.amazon.kindle isa=arm vmSafeMode=false
I/dex2oat (10306): /system/bin/dex2oat --zip-fd=6 --zip-location=/data/app/com.amazon.kindle-2/base.apk --oat-fd=7 --oat-location=/data/dalvik-cache/arm/data@app@com.amazon.kindle-2@base.apk@classes.dex --instruction-set=arm --instruction-set-features=div --runtime-arg -Xms64m --runtime-arg -Xmx512m --swap-fd=8
I/dex2oat (10306): Accepted running with swap.
W/dex2oat (10306): Before Android 4.1, method void com.amazon.kcp.widget.Spinner.rememberSyncState() would have incorrectly overridden the package-private method in android.widget.AdapterView
I/dex2oat (10306): Verification error in com.amazon.whispersync.device.crashmanager.CrashDetectionHelper com.amazon.whispersync.device.crashmanager.CrashDetectionHelper.setUpCrashDetection(java.lang.String, java.lang.String, com.amazon.whispersync.device.utils.OAuthHelper, com.amazon.whispersync.client.metrics.MetricsFactory, com.amazon.whispersync.device.crashmanager.DomainChooser, android.content.Context, boolean)
I/dex2oat (10306): com.amazon.whispersync.device.crashmanager.CrashDetectionHelper com.amazon.whispersync.device.crashmanager.CrashDetectionHelper.setUpCrashDetection(java.lang.String, java.lang.String, com.amazon.whispersync.device.utils.OAuthHelper, com.amazon.whispersync.client.metrics.MetricsFactory, com.amazon.whispersync.device.crashmanager.DomainChooser, android.content.Context, boolean): [0x83] new-instance on primitive, interface or abstract classReference: com.amazon.whispersync.device.crashmanager.CrashDescriptorStorageUtil
I/dex2oat (10306): com.amazon.whispersync.device.crashmanager.CrashDetectionHelper com.amazon.whispersync.device.crashmanager.CrashDetectionHelper.setUpCrashDetection(java.lang.String, java.lang.String, com.amazon.whispersync.device.utils.OAuthHelper, com.amazon.whispersync.client.metrics.MetricsFactory, com.amazon.whispersync.device.crashmanager.DomainChooser, android.content.Context, boolean): [0x8A] couldn't find method com.amazon.whispersync.device.crashmanager.CrashDescriptorStorageUtil.<init> (Landroid/content/SharedPreferences;IJ)V
I/dex2oat (10306): com.amazon.whispersync.device.crashmanager.CrashDetectionHelper com.amazon.whispersync.device.crashmanager.CrashDetectionHelper.setUpCrashDetection(java.lang.String, java.lang.String, com.amazon.whispersync.device.utils.OAuthHelper, com.amazon.whispersync.client.metrics.MetricsFactory, com.amazon.whispersync.device.crashmanager.DomainChooser, android.content.Context, boolean) failed to verify: com.amazon.whispersync.device.crashmanager.CrashDetectionHelper com.amazon.whispersync.device.crashmanager.CrashDetectionHelper.setUpCrashDetection(java.lang.String, java.lang.String, com.amazon.whispersync.device.utils.OAuthHelper, com.amazon.whispersync.client.metrics.MetricsFactory, com.amazon.whispersync.device.crashmanager.DomainChooser, android.content.Context, boolean): [0x99] register v10 has type Conflict but expected Reference: com.amazon.whispersync.device.crashmanager.CrashDescriptorStorageUtil
E/dex2oat (10306): Verification failed on class com.amazon.whispersync.device.crashmanager.CrashDetectionHelper in /data/app/com.amazon.kindle-2/base.apk:classes3.dex because: Verifier rejected class com.amazon.whispersync.device.crashmanager.CrashDetectionHelper due to bad method com.amazon.whispersync.device.crashmanager.CrashDetectionHelper com.amazon.whispersync.device.crashmanager.CrashDetectionHelper.setUpCrashDetection(java.lang.String, java.lang.String, com.amazon.whispersync.device.utils.OAuthHelper, com.amazon.whispersync.client.metrics.MetricsFactory, com.amazon.whispersync.device.crashmanager.DomainChooser, android.content.Context, boolean)
W/dex2oat (10306): Compilation of com.audible.mobile.downloader.interfaces.StatefulDownloadRequest com.audible.mobile.downloader.executor.DownloaderRunnableImpl.acquireRequest() took 612.792ms
W/dex2oat (10306): Compilation of boolean com.audible.mobile.downloader.NonSerialTopologicallySortedSet.remove(java.lang.Object) took 609.527ms
W/dex2oat (10306): Compilation of com.audible.mobile.downloader.interfaces.StatefulDownloadRequest com.audible.mobile.downloader.executor.DownloaderThreadImpl.getCurrentRequest() took 616.821ms
W/dex2oat (10306): Compilation of com.audible.mobile.downloader.interfaces.Downloader$Result com.audible.mobile.downloader.HTTPDownloader.download(com.audible.mobile.downloader.interfaces.DownloadCommand, com.audible.mobile.downloader.interfaces.DownloadHandler) took 630.920ms
W/dex2oat (10306): Compilation of void com.amazon.ebook.util.text.LanguageTagData.<init>() took 109.374ms
W/dex2oat (10306): Compilation of void com.amazon.xray.ui.adapter.LabeledListAdapter$ForwardingDataSetObserver.onInvalidated() took 633.087ms
W/dex2oat (10306): Compilation of com.amazon.xray.model.object.PositionRange com.amazon.xray.ui.adapter.OccurrenceGroupListAdapter.getRepresentedRange(int, int) took 626.342ms
W/dex2oat (10306): Compilation of android.view.View com.amazon.xray.ui.adapter.ExcerptCardListAdapter.getTextCardView(int, android.view.View, android.view.ViewGroup) took 627.624ms
W/dex2oat (10306): Compilation of android.view.View com.amazon.xray.ui.fragment.DescriptionDialogFragment.onCreateView(android.view.LayoutInflater, android.view.ViewGroup, android.os.Bundle) took 633.239ms
I/dex2oat (10306): dex2oat took 29.799s (threads: 4) arena alloc=3MB java alloc=31MB native alloc=15MB free=20MB swap=48MB
I/PackageManager(  553): Running dexopt on: /data/app/com.zeptolab.ctrexperiments.ads-2/base.apk pkg=com.zeptolab.ctrexperiments.ads isa=arm vmSafeMode=false
I/dex2oat (10424): /system/bin/dex2oat --zip-fd=6 --zip-location=/data/app/com.zeptolab.ctrexperiments.ads-2/base.apk --oat-fd=7 --oat-location=/data/dalvik-cache/arm/data@app@com.zeptolab.ctrexperiments.ads-2@base.apk@classes.dex --instruction-set=arm --instruction-set-features=div --runtime-arg -Xms64m --runtime-arg -Xmx512m --swap-fd=8
I/dex2oat (10424): Decided to run without swap.
I/dex2oat (10424): dex2oat took 8.623s (threads: 4) arena alloc=1485KB java alloc=12MB native alloc=22MB free=13MB
E/        (  182): invalid crash request of size 4 (from pid=10056 uid=0)
E/Diag_Lib(10448):  Diag_LSM_Init: Failed to open handle to diag driver, error = 2
E/Sensors (10448): sns_fsa_la.c(386):fsa: fflush failed, 9
E/Sensors (10448): sns_fsa_la.c(386):fsa: fflush failed, 9
W/Sensors (10448): sns_smr_la.c(446):smr_la: smr_apps_la_thread_main is starting, fd=11, sns_smr.en_rx_msg_ptr=b6f689d0
W/Sensors (10448): sns_sam_app.c(6827):sns_sam_reg_algo: Registering algo service 16, err 0
E/Sensors (10448): sns_debug_main.c(565):Debug Config File missing in EFS!
V/GLSActivity( 4275): AuthDelegateWrapperCreated with selected intent: Intent { cmp=com.google.android.gms/.auth.DefaultAuthDelegateService }
W/System  ( 4675): Ignoring header User-Agent because its value was null.
E/        (  182): invalid crash request of size 4 (from pid=10448 uid=0)
E/Diag_Lib(10468):  Diag_LSM_Init: Failed to open handle to diag driver, error = 2
E/Sensors (10468): sns_fsa_la.c(386):fsa: fflush failed, 9
E/Sensors (10468): sns_fsa_la.c(386):fsa: fflush failed, 9
W/Sensors (10468): sns_smr_la.c(446):smr_la: smr_apps_la_thread_main is starting, fd=11, sns_smr.en_rx_msg_ptr=b6ffa9d0
W/Sensors (10468): sns_sam_app.c(6827):sns_sam_reg_algo: Registering algo service 16, err 0
E/Sensors (10468): sns_debug_main.c(565):Debug Config File missing in EFS!
I/art     (  553): Background sticky concurrent mark sweep GC freed 125390(5MB) AllocSpace objects, 1(16KB) LOS objects, 19% free, 25MB/31MB, paused 2.105ms total 124.786ms
E/        (  182): invalid crash request of size 4 (from pid=10468 uid=0)
E/Diag_Lib(10488):  Diag_LSM_Init: Failed to open handle to diag driver, error = 2
E/Sensors (10488): sns_fsa_la.c(386):fsa: fflush failed, 9
E/Sensors (10488): sns_fsa_la.c(386):fsa: fflush failed, 9
W/Sensors (10488): sns_smr_la.c(446):smr_la: smr_apps_la_thread_main is starting, fd=11, sns_smr.en_rx_msg_ptr=b6f3a9d0
W/Sensors (10488): sns_sam_app.c(6827):sns_sam_reg_algo: Registering algo service 16, err 0
E/Sensors (10488): sns_debug_main.c(565):Debug Config File missing in EFS!
V/GLSActivity( 4275): AuthDelegateWrapperCreated with selected intent: Intent { cmp=com.google.android.gms/.auth.DefaultAuthDelegateService }
W/System  ( 4675): Ignoring header User-Agent because its value was null.
E/        (  182): invalid crash request of size 4 (from pid=10488 uid=0)
E/Diag_Lib(10506):  Diag_LSM_Init: Failed to open handle to diag driver, error = 2
E/Sensors (10506): sns_fsa_la.c(386):fsa: fflush failed, 9
E/Sensors (10506): sns_fsa_la.c(386):fsa: fflush failed, 9
W/Sensors (10506): sns_smr_la.c(446):smr_la: smr_apps_la_thread_main is starting, fd=11, sns_smr.en_rx_msg_ptr=b6f589d0
W/Sensors (10506): sns_sam_app.c(6827):sns_sam_reg_algo: Registering algo service 16, err 0
E/Sensors (10506): sns_debug_main.c(565):Debug Config File missing in EFS!
E/        (  182): invalid crash request of size 4 (from pid=10506 uid=0)
E/Diag_Lib(10521):  Diag_LSM_Init: Failed to open handle to diag driver, error = 2
E/Sensors (10521): sns_fsa_la.c(386):fsa: fflush failed, 9
E/Sensors (10521): sns_fsa_la.c(386):fsa: fflush failed, 9
W/Sensors (10521): sns_smr_la.c(446):smr_la: smr_apps_la_thread_main is starting, fd=11, sns_smr.en_rx_msg_ptr=b6ff69d0
W/Sensors (10521): sns_sam_app.c(6827):sns_sam_reg_algo: Registering algo service 16, err 0
E/Sensors (10521): sns_debug_main.c(565):Debug Config File missing in EFS!
I/art     (  553): Background partial concurrent mark sweep GC freed 197666(9MB) AllocSpace objects, 2(28KB) LOS objects, 33% free, 21MB/32MB, paused 2.655ms total 104.278ms
E/        (  182): invalid crash request of size 4 (from pid=10521 uid=0)
E/Diag_Lib(10541):  Diag_LSM_Init: Failed to open handle to diag driver, error = 2
E/Sensors (10541): sns_fsa_la.c(386):fsa: fflush failed, 9
E/Sensors (10541): sns_fsa_la.c(386):fsa: fflush failed, 9
W/Sensors (10541): sns_smr_la.c(446):smr_la: smr_apps_la_thread_main is starting, fd=11, sns_smr.en_rx_msg_ptr=b6fc49d0
W/Sensors (10541): sns_sam_app.c(6827):sns_sam_reg_algo: Registering algo service 16, err 0
E/Sensors (10541): sns_debug_main.c(565):Debug Config File missing in EFS!
V/GLSActivity( 4275): AuthDelegateWrapperCreated with selected intent: Intent { cmp=com.google.android.gms/.auth.DefaultAuthDelegateService }
W/System  ( 4675): Ignoring header User-Agent because its value was null.
E/        (  182): invalid crash request of size 4 (from pid=10541 uid=0)
E/Diag_Lib(10571):  Diag_LSM_Init: Failed to open handle to diag driver, error = 2
E/Sensors (10571): sns_fsa_la.c(386):fsa: fflush failed, 9
E/Sensors (10571): sns_fsa_la.c(386):fsa: fflush failed, 9
W/Sensors (10571): sns_smr_la.c(446):smr_la: smr_apps_la_thread_main is starting, fd=11, sns_smr.en_rx_msg_ptr=b6fe59d0
W/Sensors (10571): sns_sam_app.c(6827):sns_sam_reg_algo: Registering algo service 16, err 0
E/Sensors (10571): sns_debug_main.c(565):Debug Config File missing in EFS!
E/        (  182): invalid crash request of size 4 (from pid=10571 uid=0)
E/Diag_Lib(10586):  Diag_LSM_Init: Failed to open handle to diag driver, error = 2
E/Sensors (10586): sns_fsa_la.c(386):fsa: fflush failed, 9
E/Sensors (10586): sns_fsa_la.c(386):fsa: fflush failed, 9
W/Sensors (10586): sns_smr_la.c(446):smr_la: smr_apps_la_thread_main is starting, fd=11, sns_smr.en_rx_msg_ptr=b6faa9d0
W/Sensors (10586): sns_sam_app.c(6827):sns_sam_reg_algo: Registering algo service 16, err 0
E/Sensors (10586): sns_debug_main.c(565):Debug Config File missing in EFS!
E/        (  182): invalid crash request of size 4 (from pid=10586 uid=0)
E/Diag_Lib(10598):  Diag_LSM_Init: Failed to open handle to diag driver, error = 2
E/Sensors (10598): sns_fsa_la.c(386):fsa: fflush failed, 9
E/Sensors (10598): sns_fsa_la.c(386):fsa: fflush failed, 9
W/Sensors (10598): sns_smr_la.c(446):smr_la: smr_apps_la_thread_main is starting, fd=11, sns_smr.en_rx_msg_ptr=b6f6a9d0
W/Sensors (10598): sns_sam_app.c(6827):sns_sam_reg_algo: Registering algo service 16, err 0
E/Sensors (10598): sns_debug_main.c(565):Debug Config File missing in EFS!
V/GLSActivity( 4275): AuthDelegateWrapperCreated with selected intent: Intent { cmp=com.google.android.gms/.auth.DefaultAuthDelegateService }
I/ProcessStatsService(  553): Prepared write state in 15ms
W/System  ( 4675): Ignoring header User-Agent because its value was null.
E/        (  182): invalid crash request of size 4 (from pid=10598 uid=0)
E/Diag_Lib(10618):  Diag_LSM_Init: Failed to open handle to diag driver, error = 2
E/Sensors (10618): sns_fsa_la.c(386):fsa: fflush failed, 9
E/Sensors (10618): sns_fsa_la.c(386):fsa: fflush failed, 9
W/Sensors (10618): sns_smr_la.c(446):smr_la: smr_apps_la_thread_main is starting, fd=11, sns_smr.en_rx_msg_ptr=b6fd09d0
W/Sensors (10618): sns_sam_app.c(6827):sns_sam_reg_algo: Registering algo service 16, err 0
E/Sensors (10618): sns_debug_main.c(565):Debug Config File missing in EFS!
E/        (  182): invalid crash request of size 4 (from pid=10618 uid=0)
E/Diag_Lib(10632):  Diag_LSM_Init: Failed to open handle to diag driver, error = 2
E/Sensors (10632): sns_fsa_la.c(386):fsa: fflush failed, 9
E/Sensors (10632): sns_fsa_la.c(386):fsa: fflush failed, 9
W/Sensors (10632): sns_smr_la.c(446):smr_la: smr_apps_la_thread_main is starting, fd=11, sns_smr.en_rx_msg_ptr=b6ff99d0
W/Sensors (10632): sns_sam_app.c(6827):sns_sam_reg_algo: Registering algo service 16, err 0
E/Sensors (10632): sns_debug_main.c(565):Debug Config File missing in EFS!
I/art     (  553): Background sticky concurrent mark sweep GC freed 192861(9MB) AllocSpace objects, 3(218KB) LOS objects, 25% free, 23MB/31MB, paused 3.997ms total 138.824ms
E/        (  182): invalid crash request of size 4 (from pid=10632 uid=0)
E/Diag_Lib(10655):  Diag_LSM_Init: Failed to open handle to diag driver, error = 2
E/Sensors (10655): sns_fsa_la.c(386):fsa: fflush failed, 9
E/Sensors (10655): sns_fsa_la.c(386):fsa: fflush failed, 9
W/Sensors (10655): sns_smr_la.c(446):smr_la: smr_apps_la_thread_main is starting, fd=11, sns_smr.en_rx_msg_ptr=b6f389d0
W/Sensors (10655): sns_sam_app.c(6827):sns_sam_reg_algo: Registering algo service 16, err 0
E/Sensors (10655): sns_debug_main.c(565):Debug Config File missing in EFS!
V/GLSActivity( 4275): AuthDelegateWrapperCreated with selected intent: Intent { cmp=com.google.android.gms/.auth.DefaultAuthDelegateService }
W/System  ( 4675): Ignoring header User-Agent because its value was null.
E/        (  182): invalid crash request of size 4 (from pid=10655 uid=0)
E/Diag_Lib(10673):  Diag_LSM_Init: Failed to open handle to diag driver, error = 2
E/Sensors (10673): sns_fsa_la.c(386):fsa: fflush failed, 9
E/Sensors (10673): sns_fsa_la.c(386):fsa: fflush failed, 9
W/Sensors (10673): sns_smr_la.c(446):smr_la: smr_apps_la_thread_main is starting, fd=11, sns_smr.en_rx_msg_ptr=b6fde9d0
W/Sensors (10673): sns_sam_app.c(6827):sns_sam_reg_algo: Registering algo service 16, err 0
E/Sensors (10673): sns_debug_main.c(565):Debug Config File missing in EFS!
E/        (  182): invalid crash request of size 4 (from pid=10673 uid=0)
E/Diag_Lib(10687):  Diag_LSM_Init: Failed to open handle to diag driver, error = 2
E/Sensors (10687): sns_fsa_la.c(386):fsa: fflush failed, 9
E/Sensors (10687): sns_fsa_la.c(386):fsa: fflush failed, 9
W/Sensors (10687): sns_smr_la.c(446):smr_la: smr_apps_la_thread_main is starting, fd=11, sns_smr.en_rx_msg_ptr=b70119d0
W/Sensors (10687): sns_sam_app.c(6827):sns_sam_reg_algo: Registering algo service 16, err 0
E/Sensors (10687): sns_debug_main.c(565):Debug Config File missing in EFS!
V/GLSActivity( 4275): AuthDelegateWrapperCreated with selected intent: Intent { cmp=com.google.android.gms/.auth.DefaultAuthDelegateService }
W/System  ( 4675): Ignoring header User-Agent because its value was null.
E/        (  182): invalid crash request of size 4 (from pid=10687 uid=0)
E/Diag_Lib(10713):  Diag_LSM_Init: Failed to open handle to diag driver, error = 2
E/Sensors (10713): sns_fsa_la.c(386):fsa: fflush failed, 9
E/Sensors (10713): sns_fsa_la.c(386):fsa: fflush failed, 9
W/Sensors (10713): sns_smr_la.c(446):smr_la: smr_apps_la_thread_main is starting, fd=11, sns_smr.en_rx_msg_ptr=b6f4e9d0
W/Sensors (10713): sns_sam_app.c(6827):sns_sam_reg_algo: Registering algo service 16, err 0
E/Sensors (10713): sns_debug_main.c(565):Debug Config File missing in EFS!
E/        (  182): invalid crash request of size 4 (from pid=10713 uid=0)
E/Diag_Lib(10727):  Diag_LSM_Init: Failed to open handle to diag driver, error = 2
E/Sensors (10727): sns_fsa_la.c(386):fsa: fflush failed, 9
E/Sensors (10727): sns_fsa_la.c(386):fsa: fflush failed, 9
W/Sensors (10727): sns_smr_la.c(446):smr_la: smr_apps_la_thread_main is starting, fd=11, sns_smr.en_rx_msg_ptr=b6fae9d0
W/Sensors (10727): sns_sam_app.c(6827):sns_sam_reg_algo: Registering algo service 16, err 0
E/Sensors (10727): sns_debug_main.c(565):Debug Config File missing in EFS!
I/EventLogService( 4470): Aggregate from 1444675474449 (log), 1444675474449 (data)
W/DropBoxManagerService(  553): Dropping: event_data (39 > 0 bytes)
I/art     (  553): Background partial concurrent mark sweep GC freed 192945(9MB) AllocSpace objects, 2(28KB) LOS objects, 33% free, 22MB/33MB, paused 1.861ms total 134.246ms
E/        (  182): invalid crash request of size 4 (from pid=10727 uid=0)
E/Diag_Lib(10771):  Diag_LSM_Init: Failed to open handle to diag driver, error = 2
E/Sensors (10771): sns_fsa_la.c(386):fsa: fflush failed, 9
E/Sensors (10771): sns_fsa_la.c(386):fsa: fflush failed, 9
W/Sensors (10771): sns_smr_la.c(446):smr_la: smr_apps_la_thread_main is starting, fd=11, sns_smr.en_rx_msg_ptr=b6f309d0
W/Sensors (10771): sns_sam_app.c(6827):sns_sam_reg_algo: Registering algo service 16, err 0
E/Sensors (10771): sns_debug_main.c(565):Debug Config File missing in EFS!
V/GLSActivity( 4275): AuthDelegateWrapperCreated with selected intent: Intent { cmp=com.google.android.gms/.auth.DefaultAuthDelegateService }
W/System  ( 4675): Ignoring header User-Agent because its value was null.
E/        (  182): invalid crash request of size 4 (from pid=10771 uid=0)
E/Diag_Lib(10802):  Diag_LSM_Init: Failed to open handle to diag driver, error = 2
E/Sensors (10802): sns_fsa_la.c(386):fsa: fflush failed, 9
E/Sensors (10802): sns_fsa_la.c(386):fsa: fflush failed, 9
W/Sensors (10802): sns_smr_la.c(446):smr_la: smr_apps_la_thread_main is starting, fd=11, sns_smr.en_rx_msg_ptr=b6f859d0
W/Sensors (10802): sns_sam_app.c(6827):sns_sam_reg_algo: Registering algo service 16, err 0
E/Sensors (10802): sns_debug_main.c(565):Debug Config File missing in EFS!
E/        (  182): invalid crash request of size 4 (from pid=10802 uid=0)
E/Diag_Lib(10814):  Diag_LSM_Init: Failed to open handle to diag driver, error = 2
E/Sensors (10814): sns_fsa_la.c(386):fsa: fflush failed, 9
E/Sensors (10814): sns_fsa_la.c(386):fsa: fflush failed, 9
W/Sensors (10814): sns_smr_la.c(446):smr_la: smr_apps_la_thread_main is starting, fd=11, sns_smr.en_rx_msg_ptr=b6fe59d0
W/Sensors (10814): sns_sam_app.c(6827):sns_sam_reg_algo: Registering algo service 16, err 0
E/Sensors (10814): sns_debug_main.c(565):Debug Config File missing in EFS!
E/        (  182): invalid crash request of size 4 (from pid=10814 uid=0)
E/Diag_Lib(10831):  Diag_LSM_Init: Failed to open handle to diag driver, error = 2
E/Sensors (10831): sns_fsa_la.c(386):fsa: fflush failed, 9
E/Sensors (10831): sns_fsa_la.c(386):fsa: fflush failed, 9
W/Sensors (10831): sns_smr_la.c(446):smr_la: smr_apps_la_thread_main is starting, fd=11, sns_smr.en_rx_msg_ptr=b70109d0
W/Sensors (10831): sns_sam_app.c(6827):sns_sam_reg_algo: Registering algo service 16, err 0
E/Sensors (10831): sns_debug_main.c(565):Debug Config File missing in EFS!
V/GLSActivity( 4275): AuthDelegateWrapperCreated with selected intent: Intent { cmp=com.google.android.gms/.auth.DefaultAuthDelegateService }
W/System  ( 4675): Ignoring header User-Agent because its value was null.
E/        (  182): invalid crash request of size 4 (from pid=10831 uid=0)
E/Diag_Lib(10848):  Diag_LSM_Init: Failed to open handle to diag driver, error = 2
E/Sensors (10848): sns_fsa_la.c(386):fsa: fflush failed, 9
E/Sensors (10848): sns_fsa_la.c(386):fsa: fflush failed, 9
W/Sensors (10848): sns_smr_la.c(446):smr_la: smr_apps_la_thread_main is starting, fd=11, sns_smr.en_rx_msg_ptr=b6f4d9d0
W/Sensors (10848): sns_sam_app.c(6827):sns_sam_reg_algo: Registering algo service 16, err 0
E/Sensors (10848): sns_debug_main.c(565):Debug Config File missing in EFS!
E/        (  182): invalid crash request of size 4 (from pid=10848 uid=0)
E/Diag_Lib(10863):  Diag_LSM_Init: Failed to open handle to diag driver, error = 2
E/Sensors (10863): sns_fsa_la.c(386):fsa: fflush failed, 9
E/Sensors (10863): sns_fsa_la.c(386):fsa: fflush failed, 9
W/Sensors (10863): sns_smr_la.c(446):smr_la: smr_apps_la_thread_main is starting, fd=11, sns_smr.en_rx_msg_ptr=b6f179d0
W/Sensors (10863): sns_sam_app.c(6827):sns_sam_reg_algo: Registering algo service 16, err 0
E/Sensors (10863): sns_debug_main.c(565):Debug Config File missing in EFS!
V/GoogleAuthProtoRequest( 7176): [424] a.<init>: mAccountName set to: jonathanandrewguy@gmail.com
I/GLSUser ( 4275): [GLSUser] getTokenFromGoogle [account: <ELLIDED:19331>, callingPkg: com.google.android.apps.gcs, service: oauth2:https://www.googleapis.com/auth/nova
I/GLSUser ( 4275): [GLSUser] IOException in getAuthtoken(<ELLIDED:19331>, oauth2:https://www.googleapis.com/auth/nova) -> exception: Unable to resolve host "android.clients.google.com": No address associated with hostname)
I/GLSUser ( 4275): [GLSUser] getAuthtoken(<ELLIDED:19331>, oauth2:https://www.googleapis.com/auth/nova) -> status: NETWORK_ERROR)
I/GLSUser ( 4275): [GLSUser] Extracting token using key: Auth
W/GLSActivity( 4275): gms.StatusHelper Status from wire: NetworkError status: NETWORK_ERROR
W/ExperimentUpdateService( 7176): [424] ExperimentUpdateService.a: Error executing an experiment update request.  Rescheduling.
W/ExperimentUpdateService( 7176): [424] ExperimentUpdateService.a: java.util.concurrent.ExecutionException: com.a.a.a: NetworkError
W/ExperimentUpdateService( 7176): java.util.concurrent.ExecutionException: com.a.a.a: NetworkError
W/ExperimentUpdateService( 7176): 	at com.a.a.a.k.a(SourceFile:117)
W/ExperimentUpdateService( 7176): 	at com.a.a.a.k.get(SourceFile:97)
W/ExperimentUpdateService( 7176): 	at com.google.android.flib.nova.experiment.ExperimentUpdateService.a(SourceFile:64)
W/ExperimentUpdateService( 7176): 	at com.google.android.gms.gcm.c.run(Unknown Source)
W/ExperimentUpdateService( 7176): Caused by: com.a.a.a: NetworkError
W/ExperimentUpdateService( 7176): 	at com.google.android.flib.a.a.a(SourceFile:170)
W/ExperimentUpdateService( 7176): 	at com.a.a.a.g.a(SourceFile:79)
W/ExperimentUpdateService( 7176): 	at com.a.a.a.a.a(SourceFile:93)
W/ExperimentUpdateService( 7176): 	at com.a.a.k.run(SourceFile:110)
W/ExperimentUpdateService( 7176): Caused by: java.io.IOException: NetworkError
W/ExperimentUpdateService( 7176): 	at com.google.android.gms.auth.e.a(Unknown Source)
W/ExperimentUpdateService( 7176): 	at com.google.android.gms.auth.e.a(Unknown Source)
W/ExperimentUpdateService( 7176): 	at com.google.android.flib.a.a.a(SourceFile:162)
W/ExperimentUpdateService( 7176): 	... 3 more
V/GLSActivity( 4275): AuthDelegateWrapperCreated with selected intent: Intent { cmp=com.google.android.gms/.auth.DefaultAuthDelegateService }
W/System  ( 4675): Ignoring header User-Agent because its value was null.
E/        (  182): invalid crash request of size 4 (from pid=10863 uid=0)
E/Diag_Lib(10907):  Diag_LSM_Init: Failed to open handle to diag driver, error = 2
E/Sensors (10907): sns_fsa_la.c(386):fsa: fflush failed, 9
E/Sensors (10907): sns_fsa_la.c(386):fsa: fflush failed, 9
W/Sensors (10907): sns_smr_la.c(446):smr_la: smr_apps_la_thread_main is starting, fd=11, sns_smr.en_rx_msg_ptr=b6f399d0
W/Sensors (10907): sns_sam_app.c(6827):sns_sam_reg_algo: Registering algo service 16, err 0
E/Sensors (10907): sns_debug_main.c(565):Debug Config File missing in EFS!
E/        (  182): invalid crash request of size 4 (from pid=10907 uid=0)
E/Diag_Lib(10923):  Diag_LSM_Init: Failed to open handle to diag driver, error = 2
E/Sensors (10923): sns_fsa_la.c(386):fsa: fflush failed, 9
E/Sensors (10923): sns_fsa_la.c(386):fsa: fflush failed, 9
W/Sensors (10923): sns_smr_la.c(446):smr_la: smr_apps_la_thread_main is starting, fd=11, sns_smr.en_rx_msg_ptr=b6fa39d0
W/Sensors (10923): sns_sam_app.c(6827):sns_sam_reg_algo: Registering algo service 16, err 0
E/Sensors (10923): sns_debug_main.c(565):Debug Config File missing in EFS!
E/        (  182): invalid crash request of size 4 (from pid=10923 uid=0)
E/Diag_Lib(10938):  Diag_LSM_Init: Failed to open handle to diag driver, error = 2
E/Sensors (10938): sns_fsa_la.c(386):fsa: fflush failed, 9
E/Sensors (10938): sns_fsa_la.c(386):fsa: fflush failed, 9
W/Sensors (10938): sns_smr_la.c(446):smr_la: smr_apps_la_thread_main is starting, fd=11, sns_smr.en_rx_msg_ptr=b6fa29d0
W/Sensors (10938): sns_sam_app.c(6827):sns_sam_reg_algo: Registering algo service 16, err 0
E/Sensors (10938): sns_debug_main.c(565):Debug Config File missing in EFS!
V/GLSActivity( 4275): AuthDelegateWrapperCreated with selected intent: Intent { cmp=com.google.android.gms/.auth.DefaultAuthDelegateService }
I/ProcessStatsService(  553): Prepared write state in 8ms
W/System  ( 4675): Ignoring header User-Agent because its value was null.
E/        (  182): invalid crash request of size 4 (from pid=10938 uid=0)
E/Diag_Lib(10967):  Diag_LSM_Init: Failed to open handle to diag driver, error = 2
E/Sensors (10967): sns_fsa_la.c(386):fsa: fflush failed, 9
E/Sensors (10967): sns_fsa_la.c(386):fsa: fflush failed, 9
W/Sensors (10967): sns_smr_la.c(446):smr_la: smr_apps_la_thread_main is starting, fd=11, sns_smr.en_rx_msg_ptr=b6f349d0
W/Sensors (10967): sns_sam_app.c(6827):sns_sam_reg_algo: Registering algo service 16, err 0
E/Sensors (10967): sns_debug_main.c(565):Debug Config File missing in EFS!
E/        (  182): invalid crash request of size 4 (from pid=10967 uid=0)
E/Diag_Lib(10988):  Diag_LSM_Init: Failed to open handle to diag driver, error = 2
E/Sensors (10988): sns_fsa_la.c(386):fsa: fflush failed, 9
E/Sensors (10988): sns_fsa_la.c(386):fsa: fflush failed, 9
W/Sensors (10988): sns_smr_la.c(446):smr_la: smr_apps_la_thread_main is starting, fd=11, sns_smr.en_rx_msg_ptr=b6f169d0
W/Sensors (10988): sns_sam_app.c(6827):sns_sam_reg_algo: Registering algo service 16, err 0
E/Sensors (10988): sns_debug_main.c(565):Debug Config File missing in EFS!
E/        (  182): invalid crash request of size 4 (from pid=10988 uid=0)
E/Diag_Lib(11001):  Diag_LSM_Init: Failed to open handle to diag driver, error = 2
E/Sensors (11001): sns_fsa_la.c(386):fsa: fflush failed, 9
E/Sensors (11001): sns_fsa_la.c(386):fsa: fflush failed, 9
W/Sensors (11001): sns_smr_la.c(446):smr_la: smr_apps_la_thread_main is starting, fd=11, sns_smr.en_rx_msg_ptr=b6f9e9d0
W/Sensors (11001): sns_sam_app.c(6827):sns_sam_reg_algo: Registering algo service 16, err 0
E/Sensors (11001): sns_debug_main.c(565):Debug Config File missing in EFS!
V/GLSActivity( 4275): AuthDelegateWrapperCreated with selected intent: Intent { cmp=com.google.android.gms/.auth.DefaultAuthDelegateService }
W/System  ( 4675): Ignoring header User-Agent because its value was null.
E/        (  182): invalid crash request of size 4 (from pid=11001 uid=0)
E/Diag_Lib(11031):  Diag_LSM_Init: Failed to open handle to diag driver, error = 2
E/Sensors (11031): sns_fsa_la.c(386):fsa: fflush failed, 9
E/Sensors (11031): sns_fsa_la.c(386):fsa: fflush failed, 9
W/Sensors (11031): sns_smr_la.c(446):smr_la: smr_apps_la_thread_main is starting, fd=11, sns_smr.en_rx_msg_ptr=b6f379d0
W/Sensors (11031): sns_sam_app.c(6827):sns_sam_reg_algo: Registering algo service 16, err 0
E/Sensors (11031): sns_debug_main.c(565):Debug Config File missing in EFS!
E/        (  182): invalid crash request of size 4 (from pid=11031 uid=0)
E/Diag_Lib(11043):  Diag_LSM_Init: Failed to open handle to diag driver, error = 2
E/Sensors (11043): sns_fsa_la.c(386):fsa: fflush failed, 9
E/Sensors (11043): sns_fsa_la.c(386):fsa: fflush failed, 9
W/Sensors (11043): sns_smr_la.c(446):smr_la: smr_apps_la_thread_main is starting, fd=11, sns_smr.en_rx_msg_ptr=b6f399d0
W/Sensors (11043): sns_sam_app.c(6827):sns_sam_reg_algo: Registering algo service 16, err 0
E/Sensors (11043): sns_debug_main.c(565):Debug Config File missing in EFS!
E/        (  182): invalid crash request of size 4 (from pid=11043 uid=0)
E/Diag_Lib(11066):  Diag_LSM_Init: Failed to open handle to diag driver, error = 2
E/Sensors (11066): sns_fsa_la.c(386):fsa: fflush failed, 9
E/Sensors (11066): sns_fsa_la.c(386):fsa: fflush failed, 9
W/Sensors (11066): sns_smr_la.c(446):smr_la: smr_apps_la_thread_main is starting, fd=11, sns_smr.en_rx_msg_ptr=b6fe59d0
W/Sensors (11066): sns_sam_app.c(6827):sns_sam_reg_algo: Registering algo service 16, err 0
E/Sensors (11066): sns_debug_main.c(565):Debug Config File missing in EFS!
V/GLSActivity( 4275): AuthDelegateWrapperCreated with selected intent: Intent { cmp=com.google.android.gms/.auth.DefaultAuthDelegateService }
W/System  ( 4675): Ignoring header User-Agent because its value was null.
E/        (  182): invalid crash request of size 4 (from pid=11066 uid=0)
E/Diag_Lib(11102):  Diag_LSM_Init: Failed to open handle to diag driver, error = 2
E/Sensors (11102): sns_fsa_la.c(386):fsa: fflush failed, 9
E/Sensors (11102): sns_fsa_la.c(386):fsa: fflush failed, 9
W/Sensors (11102): sns_smr_la.c(446):smr_la: smr_apps_la_thread_main is starting, fd=11, sns_smr.en_rx_msg_ptr=b6f729d0
W/Sensors (11102): sns_sam_app.c(6827):sns_sam_reg_algo: Registering algo service 16, err 0
E/Sensors (11102): sns_debug_main.c(565):Debug Config File missing in EFS!
D/MDnsDS  (  181): MDnsSdListener::Monitor poll timed out
D/MDnsDS  (  181): Going to poll with pollCount 1
I/EventLogService( 4470): Aggregate from 1444678354751 (log), 1444678354751 (data)
W/DropBoxManagerService(  553): Dropping: event_data (39 > 0 bytes)
E/        (  182): invalid crash request of size 4 (from pid=11102 uid=0)
E/Diag_Lib(11136):  Diag_LSM_Init: Failed to open handle to diag driver, error = 2
E/Sensors (11136): sns_fsa_la.c(386):fsa: fflush failed, 9
E/Sensors (11136): sns_fsa_la.c(386):fsa: fflush failed, 9
W/Sensors (11136): sns_smr_la.c(446):smr_la: smr_apps_la_thread_main is starting, fd=11, sns_smr.en_rx_msg_ptr=b6f359d0
W/Sensors (11136): sns_sam_app.c(6827):sns_sam_reg_algo: Registering algo service 16, err 0
E/Sensors (11136): sns_debug_main.c(565):Debug Config File missing in EFS!
V/GLSActivity( 4275): AuthDelegateWrapperCreated with selected intent: Intent { cmp=com.google.android.gms/.auth.DefaultAuthDelegateService }
W/System  ( 4675): Ignoring header User-Agent because its value was null.
E/        (  182): invalid crash request of size 4 (from pid=11136 uid=0)
E/Diag_Lib(11165):  Diag_LSM_Init: Failed to open handle to diag driver, error = 2
E/Sensors (11165): sns_fsa_la.c(386):fsa: fflush failed, 9
E/Sensors (11165): sns_fsa_la.c(386):fsa: fflush failed, 9
W/Sensors (11165): sns_smr_la.c(446):smr_la: smr_apps_la_thread_main is starting, fd=11, sns_smr.en_rx_msg_ptr=b6f4f9d0
W/Sensors (11165): sns_sam_app.c(6827):sns_sam_reg_algo: Registering algo service 16, err 0
E/Sensors (11165): sns_debug_main.c(565):Debug Config File missing in EFS!
E/        (  182): invalid crash request of size 4 (from pid=11165 uid=0)
E/Diag_Lib(11185):  Diag_LSM_Init: Failed to open handle to diag driver, error = 2
E/Sensors (11185): sns_fsa_la.c(386):fsa: fflush failed, 9
E/Sensors (11185): sns_fsa_la.c(386):fsa: fflush failed, 9
W/Sensors (11185): sns_smr_la.c(446):smr_la: smr_apps_la_thread_main is starting, fd=11, sns_smr.en_rx_msg_ptr=b6f609d0
W/Sensors (11185): sns_sam_app.c(6827):sns_sam_reg_algo: Registering algo service 16, err 0
E/Sensors (11185): sns_debug_main.c(565):Debug Config File missing in EFS!
E/        (  182): invalid crash request of size 4 (from pid=11185 uid=0)
E/Diag_Lib(11201):  Diag_LSM_Init: Failed to open handle to diag driver, error = 2
E/Sensors (11201): sns_fsa_la.c(386):fsa: fflush failed, 9
E/Sensors (11201): sns_fsa_la.c(386):fsa: fflush failed, 9
W/Sensors (11201): sns_smr_la.c(446):smr_la: smr_apps_la_thread_main is starting, fd=11, sns_smr.en_rx_msg_ptr=b6fe09d0
W/Sensors (11201): sns_sam_app.c(6827):sns_sam_reg_algo: Registering algo service 16, err 0
E/Sensors (11201): sns_debug_main.c(565):Debug Config File missing in EFS!
V/GLSActivity( 4275): AuthDelegateWrapperCreated with selected intent: Intent { cmp=com.google.android.gms/.auth.DefaultAuthDelegateService }
W/System  ( 4675): Ignoring header User-Agent because its value was null.
E/        (  182): invalid crash request of size 4 (from pid=11201 uid=0)
E/Diag_Lib(11227):  Diag_LSM_Init: Failed to open handle to diag driver, error = 2
E/Sensors (11227): sns_fsa_la.c(386):fsa: fflush failed, 9
E/Sensors (11227): sns_fsa_la.c(386):fsa: fflush failed, 9
W/Sensors (11227): sns_smr_la.c(446):smr_la: smr_apps_la_thread_main is starting, fd=11, sns_smr.en_rx_msg_ptr=b6f579d0
